[27-Apr-2025 02:00:02] NOTICE: fpm is running, pid 24621
[27-Apr-2025 02:00:02] NOTICE: ready to handle connections
[30-Apr-2025 16:04:14] NOTICE: Terminating ...
[30-Apr-2025 16:04:14] NOTICE: exiting, bye-bye!
[30-Apr-2025 16:05:10] NOTICE: fpm is running, pid 375
[30-Apr-2025 16:05:10] NOTICE: ready to handle connections
[01-May-2025 12:25:30] NOTICE: Terminating ...
[01-May-2025 12:25:30] NOTICE: exiting, bye-bye!
[01-May-2025 12:25:44] NOTICE: fpm is running, pid 374
[01-May-2025 12:25:44] NOTICE: ready to handle connections
[01-May-2025 12:42:29] NOTICE: Terminating ...
[01-May-2025 12:42:29] NOTICE: exiting, bye-bye!
[01-May-2025 12:42:38] NOTICE: fpm is running, pid 375
[01-May-2025 12:42:38] NOTICE: ready to handle connections
[01-May-2025 12:44:29] NOTICE: Terminating ...
[01-May-2025 12:44:29] NOTICE: exiting, bye-bye!
[01-May-2025 12:44:37] NOTICE: fpm is running, pid 376
[01-May-2025 12:44:37] NOTICE: ready to handle connections
[01-May-2025 12:50:07] NOTICE: Terminating ...
[01-May-2025 12:50:07] NOTICE: exiting, bye-bye!
[01-May-2025 12:57:34] NOTICE: fpm is running, pid 376
[01-May-2025 12:57:34] NOTICE: ready to handle connections
[01-May-2025 12:59:48] NOTICE: Terminating ...
[01-May-2025 12:59:48] NOTICE: exiting, bye-bye!
[01-May-2025 12:59:58] NOTICE: fpm is running, pid 375
[01-May-2025 12:59:58] NOTICE: ready to handle connections
[01-May-2025 14:17:58] NOTICE: Terminating ...
[01-May-2025 14:17:58] NOTICE: exiting, bye-bye!
[01-May-2025 14:18:10] NOTICE: fpm is running, pid 376
[01-May-2025 14:18:10] NOTICE: ready to handle connections
[01-May-2025 14:18:45] NOTICE: Terminating ...
[01-May-2025 14:18:45] NOTICE: exiting, bye-bye!
[01-May-2025 14:18:53] NOTICE: fpm is running, pid 375
[01-May-2025 14:18:53] NOTICE: ready to handle connections
[01-May-2025 14:20:31] NOTICE: Terminating ...
[01-May-2025 14:20:31] NOTICE: exiting, bye-bye!
[01-May-2025 14:20:39] NOTICE: fpm is running, pid 375
[01-May-2025 14:20:39] NOTICE: ready to handle connections
[01-May-2025 14:21:16] NOTICE: Terminating ...
[01-May-2025 14:21:16] NOTICE: exiting, bye-bye!
[01-May-2025 14:21:25] NOTICE: fpm is running, pid 375
[01-May-2025 14:21:25] NOTICE: ready to handle connections
[01-May-2025 14:59:40] NOTICE: Terminating ...
[01-May-2025 14:59:40] NOTICE: exiting, bye-bye!
[01-May-2025 14:59:50] NOTICE: fpm is running, pid 375
[01-May-2025 14:59:50] NOTICE: ready to handle connections
[01-May-2025 15:04:56] NOTICE: Terminating ...
[01-May-2025 15:04:57] NOTICE: exiting, bye-bye!
[01-May-2025 15:05:05] NOTICE: fpm is running, pid 375
[01-May-2025 15:05:05] NOTICE: ready to handle connections
[01-May-2025 17:50:50] NOTICE: Terminating ...
[01-May-2025 17:50:51] NOTICE: exiting, bye-bye!
[01-May-2025 17:51:11] NOTICE: fpm is running, pid 375
[01-May-2025 17:51:11] NOTICE: ready to handle connections
[01-May-2025 17:54:18] NOTICE: Terminating ...
[01-May-2025 17:54:18] NOTICE: exiting, bye-bye!
[01-May-2025 17:54:40] NOTICE: fpm is running, pid 375
[01-May-2025 17:54:40] NOTICE: ready to handle connections
[01-May-2025 17:55:54] NOTICE: Terminating ...
[01-May-2025 17:55:54] NOTICE: exiting, bye-bye!
[01-May-2025 17:56:21] NOTICE: fpm is running, pid 375
[01-May-2025 17:56:21] NOTICE: ready to handle connections
[01-May-2025 19:06:54] NOTICE: Terminating ...
[01-May-2025 19:06:54] NOTICE: exiting, bye-bye!
[01-May-2025 19:07:12] NOTICE: fpm is running, pid 375
[01-May-2025 19:07:12] NOTICE: ready to handle connections
[01-May-2025 19:11:33] NOTICE: Terminating ...
[01-May-2025 19:11:33] NOTICE: exiting, bye-bye!
[01-May-2025 19:18:03] NOTICE: fpm is running, pid 378
[01-May-2025 19:18:03] NOTICE: ready to handle connections
[01-May-2025 23:20:44] NOTICE: Terminating ...
[01-May-2025 23:20:44] NOTICE: exiting, bye-bye!
[01-May-2025 23:20:54] NOTICE: fpm is running, pid 376
[01-May-2025 23:20:54] NOTICE: ready to handle connections
[01-May-2025 23:25:19] NOTICE: Terminating ...
[01-May-2025 23:25:19] NOTICE: exiting, bye-bye!
[01-May-2025 23:25:27] NOTICE: fpm is running, pid 374
[01-May-2025 23:25:27] NOTICE: ready to handle connections
[01-May-2025 23:27:35] NOTICE: Terminating ...
[01-May-2025 23:27:35] NOTICE: exiting, bye-bye!
[01-May-2025 23:27:44] NOTICE: fpm is running, pid 376
[01-May-2025 23:27:44] NOTICE: ready to handle connections
