83.97.73.87 - - [18/Sep/2023:11:59:43 -0400] "GET /?XDEBUG_SESSION_START=phpstorm HTTP/1.1" 200 4108 "-" "Mozilla/5.0 (Windows NT 10.0; Win64; x64) AppleWebKit/537.36 (KHTML, like Gecko) Chrome/78.0.3904.108 Safari/537.36"
54.36.115.221 - - [18/Sep/2023:12:00:05 -0400] "POST / HTTP/1.1" 301 162 "-" "Mozilla/5.0 (X11; Linux x86_64) AppleWebKit/537.36 (KHTML, like Gecko) Chrome/81.0.4044.129 Safari/537.36"
54.36.115.221 - - [18/Sep/2023:12:00:05 -0400] "GET /.env HTTP/1.1" 301 162 "-" "Mozilla/5.0 (X11; Linux x86_64) AppleWebKit/537.36 (KHTML, like Gecko) Chrome/81.0.4044.129 Safari/537.36"
35.247.239.237 - - [18/Sep/2023:12:08:43 -0400] "\x16\x03\x01\x00M\x01\x00\x00I\x03\x03r\xA8\x92\xF1\xFC\xD3\x7F\x9B; u\xDF\xB6L\x8BU\x1A\x0Fq\x89\xDE\xC0\x18\x80\xEB\xAF\xB1\xD2\x98\xB0\x17B \x1B\xCC\xD1\xDE@\xA2\x8C\xF7,D\x97E4" 400 150 "-" "-"
35.247.239.237 - - [18/Sep/2023:12:08:44 -0400] "OPTIONS / HTTP/1.0" 301 162 "-" "-"
167.71.18.160 - - [18/Sep/2023:12:08:51 -0400] "POST /api/v0/id HTTP/1.1" 404 276 "-" "xxx"
185.180.143.18 - - [18/Sep/2023:12:09:05 -0400] "GET / HTTP/1.1" 301 162 "-" "Mozilla/5.0 (Windows NT 10.0; Win64; x64) AppleWebKit/537.36 (KHTML, like Gecko) Chrome/60.0.3112.113 Safari/537.36"
185.180.143.18 - - [18/Sep/2023:12:09:05 -0400] "GET / HTTP/1.1" 200 4086 "http://35.239.124.218/" "Mozilla/5.0 (Windows NT 10.0; Win64; x64) AppleWebKit/537.36 (KHTML, like Gecko) Chrome/60.0.3112.113 Safari/537.36"
185.180.143.18 - - [18/Sep/2023:12:09:14 -0400] "GET /favicon.ico HTTP/1.1" 301 162 "-" "Mozilla/5.0 (Windows NT 10.0; WOW64) AppleWebKit/537.36 (KHTML, like Gecko) Chrome/66.0.3359.117 Safari/537.36"
185.180.143.18 - - [18/Sep/2023:12:09:14 -0400] "GET /favicon.ico HTTP/1.1" 404 276 "-" "Mozilla/5.0 (Windows NT 10.0; WOW64) AppleWebKit/537.36 (KHTML, like Gecko) Chrome/66.0.3359.117 Safari/537.36"
185.180.143.18 - - [18/Sep/2023:12:09:14 -0400] "GET /webfig/ HTTP/1.1" 301 162 "-" "Mozilla/5.0 (Windows NT 10.0; Win64; x64) AppleWebKit/537.36 (KHTML, like Gecko) Chrome/60.0.3112.113 Safari/537.36"
185.180.143.18 - - [18/Sep/2023:12:09:15 -0400] "GET /webfig/ HTTP/1.1" 404 276 "http://35.239.124.218/webfig/" "Mozilla/5.0 (Windows NT 10.0; Win64; x64) AppleWebKit/537.36 (KHTML, like Gecko) Chrome/60.0.3112.113 Safari/537.36"
185.180.143.18 - - [18/Sep/2023:12:09:26 -0400] "GET /admin/ HTTP/1.1" 301 162 "-" "Mozilla/5.0 (Windows NT 10.0; Win64; x64) AppleWebKit/537.36 (KHTML, like Gecko) Chrome/60.0.3112.113 Safari/537.36"
185.180.143.18 - - [18/Sep/2023:12:09:26 -0400] "GET / HTTP/1.1" 301 162 "-" "Mozilla/5.0 (Windows NT 10.0; Win64; x64) AppleWebKit/537.36 (KHTML, like Gecko) Chrome/60.0.3112.113 Safari/537.36"
185.180.143.18 - - [18/Sep/2023:12:09:27 -0400] "GET / HTTP/1.1" 200 4068 "http://35.239.124.218/" "Mozilla/5.0 (Windows NT 10.0; Win64; x64) AppleWebKit/537.36 (KHTML, like Gecko) Chrome/60.0.3112.113 Safari/537.36"
185.180.143.18 - - [18/Sep/2023:12:09:27 -0400] "GET / HTTP/1.1" 301 162 "-" "Mozilla/5.0 (Windows NT 10.0; Win64; x64) AppleWebKit/537.36 (KHTML, like Gecko) Chrome/60.0.3112.113 Safari/537.36"
185.180.143.18 - - [18/Sep/2023:12:09:27 -0400] "GET /api/session/properties HTTP/1.1" 301 162 "-" "Mozilla/5.0 (Windows NT 10.0; Win64; x64) AppleWebKit/537.36 (KHTML, like Gecko) Chrome/60.0.3112.113 Safari/537.36"
185.180.143.18 - - [18/Sep/2023:12:09:27 -0400] "GET /api/session/properties HTTP/1.1" 404 276 "http://35.239.124.218/api/session/properties" "Mozilla/5.0 (Windows NT 10.0; Win64; x64) AppleWebKit/537.36 (KHTML, like Gecko) Chrome/60.0.3112.113 Safari/537.36"
185.180.143.18 - - [18/Sep/2023:12:09:36 -0400] "GET /cgi-bin/authLogin.cgi HTTP/1.1" 301 162 "-" "Mozilla/5.0 (Windows NT 10.0; Win64; x64) AppleWebKit/537.36 (KHTML, like Gecko) Chrome/60.0.3112.113 Safari/537.36"
185.180.143.18 - - [18/Sep/2023:12:09:36 -0400] "GET /cgi-bin/authLogin.cgi HTTP/1.1" 404 276 "http://35.239.124.218/cgi-bin/authLogin.cgi" "Mozilla/5.0 (Windows NT 10.0; Win64; x64) AppleWebKit/537.36 (KHTML, like Gecko) Chrome/60.0.3112.113 Safari/537.36"
185.180.143.18 - - [18/Sep/2023:12:09:49 -0400] "GET / HTTP/1.1" 301 162 "-" "Mozilla/5.0 (Windows NT 10.0; Win64; x64) AppleWebKit/537.36 (KHTML, like Gecko) Chrome/60.0.3112.113 Safari/537.36"
185.180.143.18 - - [18/Sep/2023:12:09:49 -0400] "GET / HTTP/1.1" 200 4069 "http://35.239.124.218/" "Mozilla/5.0 (Windows NT 10.0; Win64; x64) AppleWebKit/537.36 (KHTML, like Gecko) Chrome/60.0.3112.113 Safari/537.36"
185.180.143.18 - - [18/Sep/2023:12:09:49 -0400] "GET /sugar_version.json HTTP/1.1" 301 162 "-" "Mozilla/5.0 (Windows NT 10.0; Win64; x64) AppleWebKit/537.36 (KHTML, like Gecko) Chrome/60.0.3112.113 Safari/537.36"
185.180.143.18 - - [18/Sep/2023:12:09:49 -0400] "GET /sugar_version.json HTTP/1.1" 404 276 "http://35.239.124.218/sugar_version.json" "Mozilla/5.0 (Windows NT 10.0; Win64; x64) AppleWebKit/537.36 (KHTML, like Gecko) Chrome/60.0.3112.113 Safari/537.36"
185.180.143.18 - - [18/Sep/2023:12:09:59 -0400] "GET /showLogin.cc HTTP/1.1" 301 162 "-" "Mozilla/5.0 (Windows NT 10.0; Win64; x64) AppleWebKit/537.36 (KHTML, like Gecko) Chrome/60.0.3112.113 Safari/537.36"
185.180.143.18 - - [18/Sep/2023:12:09:59 -0400] "GET /showLogin.cc HTTP/1.1" 404 276 "http://35.239.124.218/showLogin.cc" "Mozilla/5.0 (Windows NT 10.0; Win64; x64) AppleWebKit/537.36 (KHTML, like Gecko) Chrome/60.0.3112.113 Safari/537.36"
185.180.143.18 - - [18/Sep/2023:12:10:11 -0400] "GET /solr/ HTTP/1.1" 301 162 "-" "Mozilla/5.0 (Windows NT 10.0; Win64; x64) AppleWebKit/537.36 (KHTML, like Gecko) Chrome/60.0.3112.113 Safari/537.36"
185.180.143.18 - - [18/Sep/2023:12:10:11 -0400] "GET /solr/ HTTP/1.1" 404 276 "http://35.239.124.218/solr/#/" "Mozilla/5.0 (Windows NT 10.0; Win64; x64) AppleWebKit/537.36 (KHTML, like Gecko) Chrome/60.0.3112.113 Safari/537.36"
185.180.143.18 - - [18/Sep/2023:12:10:24 -0400] "GET /static/historypage.js HTTP/1.1" 301 162 "-" "Mozilla/5.0 (Windows NT 10.0; Win64; x64) AppleWebKit/537.36 (KHTML, like Gecko) Chrome/60.0.3112.113 Safari/537.36"
185.180.143.18 - - [18/Sep/2023:12:10:24 -0400] "GET /static/historypage.js HTTP/1.1" 404 276 "http://35.239.124.218/static/historypage.js" "Mozilla/5.0 (Windows NT 10.0; Win64; x64) AppleWebKit/537.36 (KHTML, like Gecko) Chrome/60.0.3112.113 Safari/537.36"
185.180.143.18 - - [18/Sep/2023:12:10:35 -0400] "GET /Telerik.Web.UI.WebResource.axd?type=rau HTTP/1.1" 301 162 "-" "Mozilla/5.0 (Windows NT 10.0; Win64; x64) AppleWebKit/537.36 (KHTML, like Gecko) Chrome/60.0.3112.113 Safari/537.36"
185.180.143.18 - - [18/Sep/2023:12:10:35 -0400] "GET /Telerik.Web.UI.WebResource.axd?type=rau HTTP/1.1" 404 276 "http://35.239.124.218/Telerik.Web.UI.WebResource.axd?type=rau" "Mozilla/5.0 (Windows NT 10.0; Win64; x64) AppleWebKit/537.36 (KHTML, like Gecko) Chrome/60.0.3112.113 Safari/537.36"
185.180.143.18 - - [18/Sep/2023:12:10:47 -0400] "GET /favicon.ico HTTP/1.1" 301 162 "-" "Mozilla/5.0 (Windows NT 10.0; Win64; x64) AppleWebKit/537.36 (KHTML, like Gecko) Chrome/60.0.3112.113 Safari/537.36"
185.180.143.18 - - [18/Sep/2023:12:10:47 -0400] "GET /favicon.ico HTTP/1.1" 404 276 "http://35.239.124.218/favicon.ico" "Mozilla/5.0 (Windows NT 10.0; Win64; x64) AppleWebKit/537.36 (KHTML, like Gecko) Chrome/60.0.3112.113 Safari/537.36"
35.239.124.218 - - [18/Sep/2023:12:26:05 -0400] "GET /providence/index.php?processIndexingQueue=1 HTTP/1.1" 499 0 "-" "-"
107.178.231.245 - administrator [18/Sep/2023:12:26:05 -0400] "GET /providence/service.php/item/ca_objects/id/17 HTTP/1.1" 200 13489 "-" "undici"
32.212.53.199 - - [18/Sep/2023:12:26:05 -0400] "GET /providence/media/collectiveaccess/quicktime/0/19923_ca_object_representations_media_13_h264_hi.mp4 HTTP/2.0" 206 540364 "https://20230917t121746-dot-meredith-monk-website.uc.r.appspot.com/" "Mozilla/5.0 (Macintosh; Intel Mac OS X 10_15_7) AppleWebKit/537.36 (KHTML, like Gecko) Chrome/116.0.0.0 Safari/537.36"
32.212.53.199 - - [18/Sep/2023:12:26:05 -0400] "GET /providence/media/collectiveaccess/quicktime/0/19923_ca_object_representations_media_13_h264_hi.mp4 HTTP/2.0" 206 78402 "https://20230917t121746-dot-meredith-monk-website.uc.r.appspot.com/" "Mozilla/5.0 (Macintosh; Intel Mac OS X 10_15_7) AppleWebKit/537.36 (KHTML, like Gecko) Chrome/116.0.0.0 Safari/537.36"
32.212.53.199 - - [18/Sep/2023:12:26:06 -0400] "GET /providence/media/collectiveaccess/quicktime/0/19923_ca_object_representations_media_13_h264_hi.mp4 HTTP/2.0" 499 0 "https://20230917t121746-dot-meredith-monk-website.uc.r.appspot.com/" "Mozilla/5.0 (Macintosh; Intel Mac OS X 10_15_7) AppleWebKit/537.36 (KHTML, like Gecko) Chrome/116.0.0.0 Safari/537.36"
32.212.53.199 - - [18/Sep/2023:12:26:06 -0400] "GET /providence/media/collectiveaccess/quicktime/0/19923_ca_object_representations_media_13_h264_hi.mp4 HTTP/2.0" 206 1171144 "https://20230917t121746-dot-meredith-monk-website.uc.r.appspot.com/" "Mozilla/5.0 (Macintosh; Intel Mac OS X 10_15_7) AppleWebKit/537.36 (KHTML, like Gecko) Chrome/116.0.0.0 Safari/537.36"
32.212.53.199 - - [18/Sep/2023:12:26:09 -0400] "GET /providence/media/collectiveaccess/quicktime/0/19923_ca_object_representations_media_13_h264_hi.mp4 HTTP/2.0" 206 1244871 "https://20230917t121746-dot-meredith-monk-website.uc.r.appspot.com/" "Mozilla/5.0 (Macintosh; Intel Mac OS X 10_15_7) AppleWebKit/537.36 (KHTML, like Gecko) Chrome/116.0.0.0 Safari/537.36"
32.212.53.199 - - [18/Sep/2023:12:26:24 -0400] "GET /providence/media/collectiveaccess/quicktime/0/19923_ca_object_representations_media_13_h264_hi.mp4 HTTP/2.0" 206 4023205 "https://20230917t121746-dot-meredith-monk-website.uc.r.appspot.com/" "Mozilla/5.0 (Macintosh; Intel Mac OS X 10_15_7) AppleWebKit/537.36 (KHTML, like Gecko) Chrome/116.0.0.0 Safari/537.36"
35.239.124.218 - - [18/Sep/2023:12:34:45 -0400] "GET /providence/index.php?processIndexingQueue=1 HTTP/1.1" 499 0 "-" "-"
35.239.124.218 - - [18/Sep/2023:12:34:45 -0400] "GET /providence/index.php?processIndexingQueue=1 HTTP/1.1" 499 0 "-" "-"
35.239.124.218 - - [18/Sep/2023:12:34:45 -0400] "GET /providence/index.php?processIndexingQueue=1 HTTP/1.1" 499 0 "-" "-"
35.239.124.218 - - [18/Sep/2023:12:34:45 -0400] "GET /providence/index.php?processIndexingQueue=1 HTTP/1.1" 499 0 "-" "-"
107.178.231.245 - administrator [18/Sep/2023:12:34:45 -0400] "POST /providence/service.php/browse/ca_collections?limit=5 HTTP/1.1" 200 365 "-" "undici"
107.178.231.245 - administrator [18/Sep/2023:12:34:45 -0400] "POST /providence/service.php/browse/ca_collections?limit=5 HTTP/1.1" 200 1083 "-" "undici"
107.178.231.245 - administrator [18/Sep/2023:12:34:45 -0400] "POST /providence/service.php/browse/ca_collections?limit=5 HTTP/1.1" 200 631 "-" "undici"
107.178.231.245 - administrator [18/Sep/2023:12:34:45 -0400] "POST /providence/service.php/browse/ca_objects?limit=5 HTTP/1.1" 200 1403 "-" "undici"
35.239.124.218 - - [18/Sep/2023:12:34:45 -0400] "GET /providence/index.php?processIndexingQueue=1 HTTP/1.1" 499 0 "-" "-"
107.178.231.245 - administrator [18/Sep/2023:12:34:45 -0400] "POST /providence/service.php/browse/ca_objects?limit=5 HTTP/1.1" 200 2961 "-" "undici"
107.178.231.245 - administrator [18/Sep/2023:12:34:45 -0400] "POST /providence/service.php/browse/ca_collections?limit=5 HTTP/1.1" 200 393 "-" "undici"
107.178.231.245 - administrator [18/Sep/2023:12:34:45 -0400] "POST /providence/service.php/browse/ca_objects?limit=5 HTTP/1.1" 200 2319 "-" "undici"
107.178.231.245 - administrator [18/Sep/2023:12:34:45 -0400] "POST /providence/service.php/browse/ca_objects?limit=5 HTTP/1.1" 200 2600 "-" "undici"
107.178.231.245 - administrator [18/Sep/2023:12:34:45 -0400] "POST /providence/service.php/browse/ca_objects?limit=5 HTTP/1.1" 200 2806 "-" "undici"
107.178.231.245 - administrator [18/Sep/2023:12:34:46 -0400] "POST /providence/service.php/browse/ca_objects?limit=5 HTTP/1.1" 200 2918 "-" "undici"
45.79.181.179 - - [18/Sep/2023:12:38:43 -0400] "\x16\x03\x01\x00\x85\x01\x00\x00\x81\x03\x03\x22\xC6\x22\x81\xA4\xEC\xEE&\x9B\xF2W#\xD5\xA5\xD3\x15\x1E\xF1\xFD\xACns\x82\xF9\xEEe" 400 150 "-" "-"
45.95.168.217 - - [18/Sep/2023:12:55:41 -0400] "GET /.env HTTP/1.1" 301 162 "-" "Python/3.7 aiohttp/3.7.4.post0"
45.95.168.217 - - [18/Sep/2023:12:55:42 -0400] "POST / HTTP/1.1" 301 162 "-" "Python/3.7 aiohttp/3.7.4.post0"
45.95.168.217 - - [18/Sep/2023:12:55:43 -0400] "POST / HTTP/1.1" 200 4136 "-" "Python/3.7 aiohttp/3.7.4.post0"
54.36.115.221 - - [18/Sep/2023:13:21:35 -0400] "POST / HTTP/1.1" 301 162 "-" "Mozilla/5.0 (X11; Linux x86_64) AppleWebKit/537.36 (KHTML, like Gecko) Chrome/81.0.4044.129 Safari/537.36"
54.36.115.221 - - [18/Sep/2023:13:21:35 -0400] "GET /.env HTTP/1.1" 301 162 "-" "Mozilla/5.0 (X11; Linux x86_64) AppleWebKit/537.36 (KHTML, like Gecko) Chrome/81.0.4044.129 Safari/537.36"
66.249.75.102 - - [18/Sep/2023:13:22:26 -0400] "GET /assets/jquery/js/jquery.jscroll.js HTTP/1.1" 200 2585 "https://35.239.124.218/index.php/Detail/objects/2161" "Mozilla/5.0 (Linux; Android 6.0.1; Nexus 5X Build/MMB29P) AppleWebKit/537.36 (KHTML, like Gecko) Chrome/116.0.5845.179 Mobile Safari/537.36 (compatible; Googlebot/2.1; +http://www.google.com/bot.html)"
83.97.73.87 - - [18/Sep/2023:13:23:33 -0400] "GET /actuator/gateway/routes HTTP/1.1" 404 276 "-" "Mozilla/5.0 (Windows NT 10.0; Win64; x64) AppleWebKit/537.36 (KHTML, like Gecko) Chrome/78.0.3904.108 Safari/537.36"
54.36.115.221 - - [18/Sep/2023:13:45:34 -0400] "POST / HTTP/1.1" 301 162 "-" "Mozilla/5.0 (X11; Linux x86_64) AppleWebKit/537.36 (KHTML, like Gecko) Chrome/81.0.4044.129 Safari/537.36"
54.36.115.221 - - [18/Sep/2023:13:45:34 -0400] "GET /.env HTTP/1.1" 301 162 "-" "Mozilla/5.0 (X11; Linux x86_64) AppleWebKit/537.36 (KHTML, like Gecko) Chrome/81.0.4044.129 Safari/537.36"
35.239.124.218 - - [18/Sep/2023:13:56:48 -0400] "GET /providence/index.php?processIndexingQueue=1 HTTP/1.1" 499 0 "-" "-"
107.178.238.43 - administrator [18/Sep/2023:13:56:48 -0400] "GET /providence/service.php/item/ca_objects/id/17 HTTP/1.1" 200 13489 "-" "undici"
149.19.169.148 - - [18/Sep/2023:13:56:49 -0400] "GET /providence/media/collectiveaccess/quicktime/0/19923_ca_object_representations_media_13_h264_hi.mp4 HTTP/2.0" 206 278220 "https://20230917t121746-dot-meredith-monk-website.uc.r.appspot.com/" "Mozilla/5.0 (Macintosh; Intel Mac OS X 10_15_7) AppleWebKit/537.36 (KHTML, like Gecko) Chrome/116.0.0.0 Safari/537.36"
149.19.169.148 - - [18/Sep/2023:13:56:49 -0400] "GET /providence/media/collectiveaccess/quicktime/0/19923_ca_object_representations_media_13_h264_hi.mp4 HTTP/2.0" 206 78402 "https://20230917t121746-dot-meredith-monk-website.uc.r.appspot.com/" "Mozilla/5.0 (Macintosh; Intel Mac OS X 10_15_7) AppleWebKit/537.36 (KHTML, like Gecko) Chrome/116.0.0.0 Safari/537.36"
149.19.169.148 - - [18/Sep/2023:13:56:50 -0400] "GET /providence/media/collectiveaccess/quicktime/0/19923_ca_object_representations_media_13_h264_hi.mp4 HTTP/2.0" 206 679624 "https://20230917t121746-dot-meredith-monk-website.uc.r.appspot.com/" "Mozilla/5.0 (Macintosh; Intel Mac OS X 10_15_7) AppleWebKit/537.36 (KHTML, like Gecko) Chrome/116.0.0.0 Safari/537.36"
149.19.169.148 - - [18/Sep/2023:13:56:58 -0400] "GET /providence/media/collectiveaccess/quicktime/0/19923_ca_object_representations_media_13_h264_hi.mp4 HTTP/2.0" 206 4022892 "https://20230917t121746-dot-meredith-monk-website.uc.r.appspot.com/" "Mozilla/5.0 (Macintosh; Intel Mac OS X 10_15_7) AppleWebKit/537.36 (KHTML, like Gecko) Chrome/116.0.0.0 Safari/537.36"
35.239.124.218 - - [18/Sep/2023:13:57:03 -0400] "GET /providence/index.php?processIndexingQueue=1 HTTP/1.1" 499 0 "-" "-"
35.239.124.218 - - [18/Sep/2023:13:57:03 -0400] "GET /providence/index.php?processIndexingQueue=1 HTTP/1.1" 499 0 "-" "-"
35.239.124.218 - - [18/Sep/2023:13:57:03 -0400] "GET /providence/index.php?processIndexingQueue=1 HTTP/1.1" 499 0 "-" "-"
35.239.124.218 - - [18/Sep/2023:13:57:03 -0400] "GET /providence/index.php?processIndexingQueue=1 HTTP/1.1" 499 0 "-" "-"
107.178.238.43 - administrator [18/Sep/2023:13:57:03 -0400] "POST /providence/service.php/browse/ca_collections?limit=5 HTTP/1.1" 200 365 "-" "undici"
107.178.238.43 - administrator [18/Sep/2023:13:57:03 -0400] "POST /providence/service.php/browse/ca_collections?limit=5 HTTP/1.1" 200 393 "-" "undici"
107.178.238.43 - administrator [18/Sep/2023:13:57:03 -0400] "POST /providence/service.php/browse/ca_objects?limit=5 HTTP/1.1" 200 2918 "-" "undici"
107.178.238.43 - administrator [18/Sep/2023:13:57:03 -0400] "POST /providence/service.php/browse/ca_collections?limit=5 HTTP/1.1" 200 1083 "-" "undici"
107.178.238.43 - administrator [18/Sep/2023:13:57:04 -0400] "POST /providence/service.php/browse/ca_collections?limit=5 HTTP/1.1" 200 631 "-" "undici"
107.178.238.43 - administrator [18/Sep/2023:13:57:04 -0400] "POST /providence/service.php/browse/ca_objects?limit=5 HTTP/1.1" 200 2961 "-" "undici"
107.178.238.43 - administrator [18/Sep/2023:13:57:04 -0400] "POST /providence/service.php/browse/ca_objects?limit=5 HTTP/1.1" 200 1403 "-" "undici"
107.178.238.43 - administrator [18/Sep/2023:13:57:04 -0400] "POST /providence/service.php/browse/ca_objects?limit=5 HTTP/1.1" 200 2319 "-" "undici"
107.178.238.43 - administrator [18/Sep/2023:13:57:04 -0400] "POST /providence/service.php/browse/ca_objects?limit=5 HTTP/1.1" 200 2600 "-" "undici"
107.178.238.43 - administrator [18/Sep/2023:13:57:04 -0400] "POST /providence/service.php/browse/ca_objects?limit=5 HTTP/1.1" 200 2806 "-" "undici"
107.178.238.43 - - [18/Sep/2023:13:57:05 -0400] "GET /providence/media/collectiveaccess/images/1/7/82068_ca_object_representations_media_1772_preview170.jpg HTTP/1.1" 200 2727 "-" "undici"
107.178.238.43 - - [18/Sep/2023:13:57:05 -0400] "GET /providence/media/collectiveaccess/images/2/36199_ca_object_representations_media_266_preview170.jpg HTTP/1.1" 200 1198 "-" "undici"
107.178.238.43 - - [18/Sep/2023:13:57:05 -0400] "GET /providence/media/collectiveaccess/images/3/9/1/36580_ca_attribute_values_value_blob_39160_large.jpg HTTP/1.1" 200 39558 "-" "undici"
107.178.231.245 - - [18/Sep/2023:13:57:05 -0400] "GET /providence/media/collectiveaccess/images/1/18848_ca_object_representations_media_183_preview170.jpg HTTP/1.1" 200 6035 "-" "undici"
107.178.231.245 - - [18/Sep/2023:13:57:05 -0400] "GET /providence/media/collectiveaccess/images/1/7/28500_ca_object_representations_media_1773_preview170.jpg HTTP/1.1" 200 4356 "-" "undici"
107.178.231.245 - - [18/Sep/2023:13:57:05 -0400] "GET /providence/media/collectiveaccess/images/0/2074_ca_object_representations_media_13_preview170.jpg HTTP/1.1" 200 2270 "-" "undici"
107.178.237.21 - - [18/Sep/2023:13:57:05 -0400] "GET /providence/media/collectiveaccess/images/2/59725_ca_object_representations_media_267_original.jpg HTTP/1.1" 200 400355 "-" "undici"
107.178.236.11 - - [18/Sep/2023:13:57:05 -0400] "GET /providence/media/collectiveaccess/images/1/90263_ca_object_representations_media_182_original.jpg HTTP/1.1" 200 3037746 "-" "undici"
107.178.238.43 - - [18/Sep/2023:13:57:07 -0400] "GET /providence/media/collectiveaccess/images/2/74474_ca_object_representations_media_260_original.tiff HTTP/1.1" 200 77004145 "-" "undici"
107.178.237.11 - - [18/Sep/2023:13:57:09 -0400] "GET /providence/media/collectiveaccess/images/2/30127_ca_object_representations_media_268_original.jpg HTTP/1.1" 200 407823 "-" "undici"
107.178.231.245 - - [18/Sep/2023:13:57:10 -0400] "GET /providence/media/collectiveaccess/images/0/43478_ca_object_representations_media_67_preview170.jpg HTTP/1.1" 200 1666 "-" "undici"
107.178.236.11 - - [18/Sep/2023:13:57:10 -0400] "GET /providence/media/collectiveaccess/images/0/55212_ca_object_representations_media_66_preview170.jpg HTTP/1.1" 200 4210 "-" "undici"
107.178.237.21 - - [18/Sep/2023:13:57:10 -0400] "GET /providence/media/collectiveaccess/images/0/90848_ca_object_representations_media_69_preview170.jpg HTTP/1.1" 200 4245 "-" "undici"
107.178.237.21 - - [18/Sep/2023:13:57:10 -0400] "GET /providence/media/collectiveaccess/images/0/80091_ca_object_representations_media_70_preview170.jpg HTTP/1.1" 200 1760 "-" "undici"
107.178.231.245 - - [18/Sep/2023:13:57:10 -0400] "GET /providence/media/collectiveaccess/images/0/75365_ca_object_representations_media_68_preview170.jpg HTTP/1.1" 200 2562 "-" "undici"
107.178.237.21 - - [18/Sep/2023:13:57:11 -0400] "GET /providence/media/collectiveaccess/images/5/68044_ca_object_representations_media_532_preview170.jpg HTTP/1.1" 200 2587 "-" "undici"
107.178.236.11 - - [18/Sep/2023:13:57:11 -0400] "GET /providence/media/collectiveaccess/images/5/85864_ca_object_representations_media_534_preview170.jpg HTTP/1.1" 200 4620 "-" "undici"
107.178.237.21 - - [18/Sep/2023:13:57:11 -0400] "GET /providence/media/collectiveaccess/images/5/81075_ca_object_representations_media_533_preview170.jpg HTTP/1.1" 200 4061 "-" "undici"
107.178.236.11 - - [18/Sep/2023:13:57:11 -0400] "GET /providence/media/collectiveaccess/images/5/19628_ca_object_representations_media_535_preview170.jpg HTTP/1.1" 200 5073 "-" "undici"
107.178.237.21 - - [18/Sep/2023:13:57:11 -0400] "GET /providence/media/collectiveaccess/images/1/7/67407_ca_object_representations_media_1766_original.jpg HTTP/1.1" 200 2014138 "-" "undici"
35.239.124.218 - - [18/Sep/2023:14:00:24 -0400] "GET /providence/index.php?processIndexingQueue=1 HTTP/1.1" 499 0 "-" "-"
35.239.124.218 - - [18/Sep/2023:14:00:24 -0400] "GET /providence/index.php?processIndexingQueue=1 HTTP/1.1" 499 0 "-" "-"
35.239.124.218 - - [18/Sep/2023:14:00:24 -0400] "GET /providence/index.php?processIndexingQueue=1 HTTP/1.1" 499 0 "-" "-"
35.239.124.218 - - [18/Sep/2023:14:00:24 -0400] "GET /providence/index.php?processIndexingQueue=1 HTTP/1.1" 499 0 "-" "-"
35.239.124.218 - - [18/Sep/2023:14:00:24 -0400] "GET /providence/index.php?processIndexingQueue=1 HTTP/1.1" 499 0 "-" "-"
35.239.124.218 - - [18/Sep/2023:14:00:24 -0400] "GET /providence/index.php?processIndexingQueue=1 HTTP/1.1" 499 0 "-" "-"
35.239.124.218 - - [18/Sep/2023:14:00:24 -0400] "GET /providence/index.php?processIndexingQueue=1 HTTP/1.1" 499 0 "-" "-"
35.239.124.218 - - [18/Sep/2023:14:00:24 -0400] "GET /providence/index.php?processIndexingQueue=1 HTTP/1.1" 499 0 "-" "-"
107.178.237.21 - administrator [18/Sep/2023:14:00:24 -0400] "POST /providence/service.php/browse/ca_objects?limit=5 HTTP/1.1" 200 2961 "-" "undici"
107.178.237.21 - administrator [18/Sep/2023:14:00:24 -0400] "POST /providence/service.php/browse/ca_objects?limit=5 HTTP/1.1" 200 2806 "-" "undici"
35.239.124.218 - - [18/Sep/2023:14:00:24 -0400] "GET /providence/index.php?processIndexingQueue=1 HTTP/1.1" 499 0 "-" "-"
35.239.124.218 - - [18/Sep/2023:14:00:24 -0400] "GET /providence/index.php?processIndexingQueue=1 HTTP/1.1" 499 0 "-" "-"
107.178.237.21 - administrator [18/Sep/2023:14:00:24 -0400] "POST /providence/service.php/browse/ca_objects?limit=5 HTTP/1.1" 200 1403 "-" "undici"
107.178.237.21 - administrator [18/Sep/2023:14:00:24 -0400] "POST /providence/service.php/browse/ca_collections?limit=5 HTTP/1.1" 200 365 "-" "undici"
107.178.237.21 - administrator [18/Sep/2023:14:00:24 -0400] "POST /providence/service.php/browse/ca_objects?limit=5 HTTP/1.1" 200 2600 "-" "undici"
107.178.237.21 - administrator [18/Sep/2023:14:00:25 -0400] "POST /providence/service.php/browse/ca_collections?limit=5 HTTP/1.1" 200 393 "-" "undici"
107.178.237.21 - administrator [18/Sep/2023:14:00:25 -0400] "POST /providence/service.php/browse/ca_collections?limit=5 HTTP/1.1" 200 1083 "-" "undici"
107.178.237.21 - administrator [18/Sep/2023:14:00:25 -0400] "POST /providence/service.php/browse/ca_objects?limit=5 HTTP/1.1" 200 2319 "-" "undici"
107.178.237.21 - administrator [18/Sep/2023:14:00:25 -0400] "POST /providence/service.php/browse/ca_collections?limit=5 HTTP/1.1" 200 631 "-" "undici"
107.178.237.21 - administrator [18/Sep/2023:14:00:25 -0400] "POST /providence/service.php/browse/ca_objects?limit=5 HTTP/1.1" 200 2918 "-" "undici"
198.235.24.75 - - [18/Sep/2023:14:11:53 -0400] "GET / HTTP/1.0" 301 162 "-" "Expanse, a Palo Alto Networks company, searches across the global IPv4 space multiple times per day to identify customers&#39; presences on the Internet. If you would like to be excluded from our scans, please send IP addresses/domains to: scaninfo@paloaltonetworks.com"
185.36.81.33 - - [18/Sep/2023:14:13:30 -0400] "GET / HTTP/1.1" 301 162 "-" "Mozilla/5.0 (Windows NT 10.0; Win64; x64) AppleWebKit/537.36 (KHTML, like Gecko) Chrome/90.0.4430.85 Safari/537.36 Edg/90.0.818.46"
198.98.51.170 - - [18/Sep/2023:14:17:29 -0400] "GET / HTTP/1.1" 301 162 "-" "Linux Gnu (cow)"
35.239.124.218 - - [18/Sep/2023:14:18:04 -0400] "GET /providence/index.php?processIndexingQueue=1 HTTP/1.1" 499 0 "-" "-"
35.239.124.218 - - [18/Sep/2023:14:18:04 -0400] "GET /providence/index.php?processIndexingQueue=1 HTTP/1.1" 499 0 "-" "-"
35.239.124.218 - - [18/Sep/2023:14:18:04 -0400] "GET /providence/index.php?processIndexingQueue=1 HTTP/1.1" 499 0 "-" "-"
35.239.124.218 - - [18/Sep/2023:14:18:04 -0400] "GET /providence/index.php?processIndexingQueue=1 HTTP/1.1" 499 0 "-" "-"
35.239.124.218 - - [18/Sep/2023:14:18:04 -0400] "GET /providence/index.php?processIndexingQueue=1 HTTP/1.1" 499 0 "-" "-"
35.239.124.218 - - [18/Sep/2023:14:18:04 -0400] "GET /providence/index.php?processIndexingQueue=1 HTTP/1.1" 499 0 "-" "-"
35.239.124.218 - - [18/Sep/2023:14:18:04 -0400] "GET /providence/index.php?processIndexingQueue=1 HTTP/1.1" 499 0 "-" "-"
35.239.124.218 - - [18/Sep/2023:14:18:04 -0400] "GET /providence/index.php?processIndexingQueue=1 HTTP/1.1" 499 0 "-" "-"
107.178.231.235 - administrator [18/Sep/2023:14:18:04 -0400] "POST /providence/service.php/browse/ca_collections?limit=5 HTTP/1.1" 200 393 "-" "undici"
107.178.231.235 - administrator [18/Sep/2023:14:18:04 -0400] "POST /providence/service.php/browse/ca_objects?limit=5 HTTP/1.1" 200 2961 "-" "undici"
107.178.231.235 - administrator [18/Sep/2023:14:18:04 -0400] "POST /providence/service.php/browse/ca_collections?limit=5 HTTP/1.1" 200 365 "-" "undici"
107.178.231.235 - administrator [18/Sep/2023:14:18:04 -0400] "POST /providence/service.php/browse/ca_objects?limit=5 HTTP/1.1" 200 2918 "-" "undici"
107.178.231.235 - administrator [18/Sep/2023:14:18:04 -0400] "POST /providence/service.php/browse/ca_objects?limit=5 HTTP/1.1" 200 1403 "-" "undici"
107.178.231.235 - administrator [18/Sep/2023:14:18:04 -0400] "POST /providence/service.php/browse/ca_objects?limit=5 HTTP/1.1" 200 2319 "-" "undici"
35.239.124.218 - - [18/Sep/2023:14:18:04 -0400] "GET /providence/index.php?processIndexingQueue=1 HTTP/1.1" 499 0 "-" "-"
107.178.231.235 - administrator [18/Sep/2023:14:18:04 -0400] "POST /providence/service.php/browse/ca_objects?limit=5 HTTP/1.1" 200 2600 "-" "undici"
107.178.231.235 - administrator [18/Sep/2023:14:18:04 -0400] "POST /providence/service.php/browse/ca_collections?limit=5 HTTP/1.1" 200 1083 "-" "undici"
35.239.124.218 - - [18/Sep/2023:14:18:04 -0400] "GET /providence/index.php?processIndexingQueue=1 HTTP/1.1" 499 0 "-" "-"
107.178.231.235 - administrator [18/Sep/2023:14:18:04 -0400] "POST /providence/service.php/browse/ca_collections?limit=5 HTTP/1.1" 200 631 "-" "undici"
107.178.231.235 - administrator [18/Sep/2023:14:18:04 -0400] "POST /providence/service.php/browse/ca_objects?limit=5 HTTP/1.1" 200 2806 "-" "undici"
35.239.124.218 - - [18/Sep/2023:14:19:04 -0400] "GET /providence/index.php?processIndexingQueue=1 HTTP/1.1" 499 0 "-" "-"
35.239.124.218 - - [18/Sep/2023:14:19:04 -0400] "GET /providence/index.php?processIndexingQueue=1 HTTP/1.1" 499 0 "-" "-"
35.239.124.218 - - [18/Sep/2023:14:19:04 -0400] "GET /providence/index.php?processIndexingQueue=1 HTTP/1.1" 499 0 "-" "-"
35.239.124.218 - - [18/Sep/2023:14:19:04 -0400] "GET /providence/index.php?processIndexingQueue=1 HTTP/1.1" 499 0 "-" "-"
35.239.124.218 - - [18/Sep/2023:14:19:04 -0400] "GET /providence/index.php?processIndexingQueue=1 HTTP/1.1" 499 0 "-" "-"
35.239.124.218 - - [18/Sep/2023:14:19:04 -0400] "GET /providence/index.php?processIndexingQueue=1 HTTP/1.1" 499 0 "-" "-"
35.239.124.218 - - [18/Sep/2023:14:19:04 -0400] "GET /providence/index.php?processIndexingQueue=1 HTTP/1.1" 499 0 "-" "-"
35.239.124.218 - - [18/Sep/2023:14:19:04 -0400] "GET /providence/index.php?processIndexingQueue=1 HTTP/1.1" 499 0 "-" "-"
107.178.231.235 - administrator [18/Sep/2023:14:19:04 -0400] "POST /providence/service.php/browse/ca_collections?limit=5 HTTP/1.1" 200 1083 "-" "undici"
35.239.124.218 - - [18/Sep/2023:14:19:04 -0400] "GET /providence/index.php?processIndexingQueue=1 HTTP/1.1" 499 0 "-" "-"
107.178.231.235 - administrator [18/Sep/2023:14:19:04 -0400] "POST /providence/service.php/browse/ca_objects?limit=5 HTTP/1.1" 200 2806 "-" "undici"
107.178.231.235 - administrator [18/Sep/2023:14:19:04 -0400] "POST /providence/service.php/browse/ca_collections?limit=5 HTTP/1.1" 200 631 "-" "undici"
107.178.231.235 - administrator [18/Sep/2023:14:19:04 -0400] "POST /providence/service.php/browse/ca_objects?limit=5 HTTP/1.1" 200 2319 "-" "undici"
35.239.124.218 - - [18/Sep/2023:14:19:04 -0400] "GET /providence/index.php?processIndexingQueue=1 HTTP/1.1" 499 0 "-" "-"
107.178.231.235 - administrator [18/Sep/2023:14:19:04 -0400] "POST /providence/service.php/browse/ca_objects?limit=5 HTTP/1.1" 200 2600 "-" "undici"
107.178.231.235 - administrator [18/Sep/2023:14:19:04 -0400] "POST /providence/service.php/browse/ca_objects?limit=5 HTTP/1.1" 200 2918 "-" "undici"
107.178.231.235 - administrator [18/Sep/2023:14:19:04 -0400] "POST /providence/service.php/browse/ca_collections?limit=5 HTTP/1.1" 200 365 "-" "undici"
107.178.231.235 - administrator [18/Sep/2023:14:19:04 -0400] "POST /providence/service.php/browse/ca_objects?limit=5 HTTP/1.1" 200 2961 "-" "undici"
107.178.231.235 - administrator [18/Sep/2023:14:19:04 -0400] "POST /providence/service.php/browse/ca_objects?limit=5 HTTP/1.1" 200 1403 "-" "undici"
107.178.231.235 - administrator [18/Sep/2023:14:19:04 -0400] "POST /providence/service.php/browse/ca_collections?limit=5 HTTP/1.1" 200 393 "-" "undici"
35.239.124.218 - - [18/Sep/2023:14:20:12 -0400] "GET /providence/index.php?processIndexingQueue=1 HTTP/1.1" 499 0 "-" "-"
107.178.231.235 - administrator [18/Sep/2023:14:20:12 -0400] "GET /providence/service.php/item/ca_objects/id/1801 HTTP/1.1" 200 5010 "-" "undici"
107.178.231.235 - - [18/Sep/2023:14:20:13 -0400] "GET /providence/media/collectiveaccess/images/1/7/67407_ca_object_representations_media_1766_original.jpg HTTP/1.1" 200 2014138 "-" "undici"
35.239.124.218 - - [18/Sep/2023:14:20:22 -0400] "GET /providence/index.php?processIndexingQueue=1 HTTP/1.1" 499 0 "-" "-"
107.178.231.235 - administrator [18/Sep/2023:14:20:22 -0400] "POST /providence/service.php/browse/ca_collections?limit=5 HTTP/1.1" 200 365 "-" "undici"
35.239.124.218 - - [18/Sep/2023:14:20:22 -0400] "GET /providence/index.php?processIndexingQueue=1 HTTP/1.1" 499 0 "-" "-"
35.239.124.218 - - [18/Sep/2023:14:20:22 -0400] "GET /providence/index.php?processIndexingQueue=1 HTTP/1.1" 499 0 "-" "-"
35.239.124.218 - - [18/Sep/2023:14:20:22 -0400] "GET /providence/index.php?processIndexingQueue=1 HTTP/1.1" 499 0 "-" "-"
35.239.124.218 - - [18/Sep/2023:14:20:22 -0400] "GET /providence/index.php?processIndexingQueue=1 HTTP/1.1" 499 0 "-" "-"
35.239.124.218 - - [18/Sep/2023:14:20:22 -0400] "GET /providence/index.php?processIndexingQueue=1 HTTP/1.1" 499 0 "-" "-"
35.239.124.218 - - [18/Sep/2023:14:20:22 -0400] "GET /providence/index.php?processIndexingQueue=1 HTTP/1.1" 499 0 "-" "-"
35.239.124.218 - - [18/Sep/2023:14:20:22 -0400] "GET /providence/index.php?processIndexingQueue=1 HTTP/1.1" 499 0 "-" "-"
107.178.231.235 - administrator [18/Sep/2023:14:20:22 -0400] "POST /providence/service.php/browse/ca_collections?limit=5 HTTP/1.1" 200 631 "-" "undici"
35.239.124.218 - - [18/Sep/2023:14:20:22 -0400] "GET /providence/index.php?processIndexingQueue=1 HTTP/1.1" 499 0 "-" "-"
107.178.231.235 - administrator [18/Sep/2023:14:20:22 -0400] "POST /providence/service.php/browse/ca_objects?limit=5 HTTP/1.1" 200 2806 "-" "undici"
35.239.124.218 - - [18/Sep/2023:14:20:22 -0400] "GET /providence/index.php?processIndexingQueue=1 HTTP/1.1" 499 0 "-" "-"
107.178.231.235 - administrator [18/Sep/2023:14:20:22 -0400] "POST /providence/service.php/browse/ca_objects?limit=5 HTTP/1.1" 200 1403 "-" "undici"
107.178.231.235 - administrator [18/Sep/2023:14:20:22 -0400] "POST /providence/service.php/browse/ca_collections?limit=5 HTTP/1.1" 200 393 "-" "undici"
107.178.231.235 - administrator [18/Sep/2023:14:20:22 -0400] "POST /providence/service.php/browse/ca_objects?limit=5 HTTP/1.1" 200 2961 "-" "undici"
107.178.231.235 - administrator [18/Sep/2023:14:20:22 -0400] "POST /providence/service.php/browse/ca_objects?limit=5 HTTP/1.1" 200 2319 "-" "undici"
107.178.231.235 - administrator [18/Sep/2023:14:20:22 -0400] "POST /providence/service.php/browse/ca_objects?limit=5 HTTP/1.1" 200 2918 "-" "undici"
107.178.231.235 - administrator [18/Sep/2023:14:20:22 -0400] "POST /providence/service.php/browse/ca_collections?limit=5 HTTP/1.1" 200 1083 "-" "undici"
107.178.231.235 - administrator [18/Sep/2023:14:20:22 -0400] "POST /providence/service.php/browse/ca_objects?limit=5 HTTP/1.1" 200 2600 "-" "undici"
35.239.124.218 - - [18/Sep/2023:14:21:31 -0400] "GET /providence/index.php?processIndexingQueue=1 HTTP/1.1" 499 0 "-" "-"
35.239.124.218 - - [18/Sep/2023:14:21:31 -0400] "GET /providence/index.php?processIndexingQueue=1 HTTP/1.1" 499 0 "-" "-"
35.239.124.218 - - [18/Sep/2023:14:21:31 -0400] "GET /providence/index.php?processIndexingQueue=1 HTTP/1.1" 499 0 "-" "-"
35.239.124.218 - - [18/Sep/2023:14:21:31 -0400] "GET /providence/index.php?processIndexingQueue=1 HTTP/1.1" 499 0 "-" "-"
35.239.124.218 - - [18/Sep/2023:14:21:31 -0400] "GET /providence/index.php?processIndexingQueue=1 HTTP/1.1" 499 0 "-" "-"
35.239.124.218 - - [18/Sep/2023:14:21:31 -0400] "GET /providence/index.php?processIndexingQueue=1 HTTP/1.1" 499 0 "-" "-"
35.239.124.218 - - [18/Sep/2023:14:21:31 -0400] "GET /providence/index.php?processIndexingQueue=1 HTTP/1.1" 499 0 "-" "-"
35.239.124.218 - - [18/Sep/2023:14:21:31 -0400] "GET /providence/index.php?processIndexingQueue=1 HTTP/1.1" 499 0 "-" "-"
107.178.231.235 - administrator [18/Sep/2023:14:21:31 -0400] "POST /providence/service.php/browse/ca_objects?limit=5 HTTP/1.1" 200 2918 "-" "undici"
35.239.124.218 - - [18/Sep/2023:14:21:31 -0400] "GET /providence/index.php?processIndexingQueue=1 HTTP/1.1" 499 0 "-" "-"
107.178.231.235 - administrator [18/Sep/2023:14:21:31 -0400] "POST /providence/service.php/browse/ca_collections?limit=5 HTTP/1.1" 200 365 "-" "undici"
35.239.124.218 - - [18/Sep/2023:14:21:31 -0400] "GET /providence/index.php?processIndexingQueue=1 HTTP/1.1" 499 0 "-" "-"
107.178.231.235 - administrator [18/Sep/2023:14:21:31 -0400] "POST /providence/service.php/browse/ca_objects?limit=5 HTTP/1.1" 200 2600 "-" "undici"
107.178.231.235 - administrator [18/Sep/2023:14:21:31 -0400] "POST /providence/service.php/browse/ca_objects?limit=5 HTTP/1.1" 200 2806 "-" "undici"
107.178.231.235 - administrator [18/Sep/2023:14:21:31 -0400] "POST /providence/service.php/browse/ca_collections?limit=5 HTTP/1.1" 200 1083 "-" "undici"
107.178.231.235 - administrator [18/Sep/2023:14:21:31 -0400] "POST /providence/service.php/browse/ca_objects?limit=5 HTTP/1.1" 200 2961 "-" "undici"
107.178.231.235 - administrator [18/Sep/2023:14:21:31 -0400] "POST /providence/service.php/browse/ca_collections?limit=5 HTTP/1.1" 200 631 "-" "undici"
107.178.231.235 - administrator [18/Sep/2023:14:21:31 -0400] "POST /providence/service.php/browse/ca_objects?limit=5 HTTP/1.1" 200 1403 "-" "undici"
107.178.231.235 - administrator [18/Sep/2023:14:21:31 -0400] "POST /providence/service.php/browse/ca_objects?limit=5 HTTP/1.1" 200 2319 "-" "undici"
107.178.231.235 - administrator [18/Sep/2023:14:21:31 -0400] "POST /providence/service.php/browse/ca_collections?limit=5 HTTP/1.1" 200 393 "-" "undici"
107.178.231.245 - - [18/Sep/2023:14:21:43 -0400] "GET /providence/media/collectiveaccess/images/0/2074_ca_object_representations_media_13_preview170.jpg HTTP/1.1" 200 2270 "-" "undici"
107.178.237.21 - - [18/Sep/2023:14:21:43 -0400] "GET /providence/media/collectiveaccess/images/1/7/82068_ca_object_representations_media_1772_preview170.jpg HTTP/1.1" 200 2727 "-" "undici"
107.178.231.235 - - [18/Sep/2023:14:21:43 -0400] "GET /providence/media/collectiveaccess/images/2/36199_ca_object_representations_media_266_preview170.jpg HTTP/1.1" 200 1198 "-" "undici"
107.178.231.235 - - [18/Sep/2023:14:21:43 -0400] "GET /providence/media/collectiveaccess/images/1/7/28500_ca_object_representations_media_1773_preview170.jpg HTTP/1.1" 200 4356 "-" "undici"
107.178.231.235 - - [18/Sep/2023:14:21:44 -0400] "GET /providence/media/collectiveaccess/images/3/9/1/36580_ca_attribute_values_value_blob_39160_large.jpg HTTP/1.1" 200 39558 "-" "undici"
107.178.231.235 - administrator [18/Sep/2023:14:21:44 -0400] "POST /providence/service.php/browse/ca_objects?limit=5 HTTP/1.1" 200 296 "-" "undici"
35.239.124.218 - - [18/Sep/2023:14:21:45 -0400] "GET /providence/index.php?processIndexingQueue=1 HTTP/1.1" 499 0 "-" "-"
107.178.231.235 - administrator [18/Sep/2023:14:21:45 -0400] "POST /providence/service.php/browse/ca_objects?limit=5 HTTP/1.1" 200 2319 "-" "undici"
107.178.231.235 - - [18/Sep/2023:14:21:45 -0400] "GET /providence/media/collectiveaccess/images/1/90263_ca_object_representations_media_182_original.jpg HTTP/1.1" 200 3037746 "-" "undici"
35.239.124.218 - - [18/Sep/2023:14:21:45 -0400] "GET /providence/index.php?processIndexingQueue=1 HTTP/1.1" 499 0 "-" "-"
35.239.124.218 - - [18/Sep/2023:14:21:45 -0400] "GET /providence/index.php?processIndexingQueue=1 HTTP/1.1" 499 0 "-" "-"
35.239.124.218 - - [18/Sep/2023:14:21:45 -0400] "GET /providence/index.php?processIndexingQueue=1 HTTP/1.1" 499 0 "-" "-"
35.239.124.218 - - [18/Sep/2023:14:21:45 -0400] "GET /providence/index.php?processIndexingQueue=1 HTTP/1.1" 499 0 "-" "-"
35.239.124.218 - - [18/Sep/2023:14:21:45 -0400] "GET /providence/index.php?processIndexingQueue=1 HTTP/1.1" 499 0 "-" "-"
107.178.231.235 - administrator [18/Sep/2023:14:21:45 -0400] "POST /providence/service.php/browse/ca_collections?limit=5 HTTP/1.1" 200 1083 "-" "undici"
107.178.231.235 - administrator [18/Sep/2023:14:21:45 -0400] "POST /providence/service.php/browse/ca_collections?limit=5 HTTP/1.1" 200 365 "-" "undici"
107.178.231.235 - administrator [18/Sep/2023:14:21:45 -0400] "POST /providence/service.php/browse/ca_objects?limit=5 HTTP/1.1" 200 2600 "-" "undici"
35.239.124.218 - - [18/Sep/2023:14:21:45 -0400] "GET /providence/index.php?processIndexingQueue=1 HTTP/1.1" 499 0 "-" "-"
107.178.231.235 - administrator [18/Sep/2023:14:21:45 -0400] "POST /providence/service.php/browse/ca_collections?limit=5 HTTP/1.1" 200 393 "-" "undici"
107.178.231.235 - administrator [18/Sep/2023:14:21:45 -0400] "POST /providence/service.php/browse/ca_objects?limit=5 HTTP/1.1" 200 2806 "-" "undici"
107.178.231.235 - administrator [18/Sep/2023:14:21:45 -0400] "POST /providence/service.php/browse/ca_objects?limit=5 HTTP/1.1" 200 2961 "-" "undici"
107.178.231.235 - administrator [18/Sep/2023:14:21:45 -0400] "POST /providence/service.php/browse/ca_objects?limit=5 HTTP/1.1" 200 2918 "-" "undici"
107.178.231.235 - administrator [18/Sep/2023:14:21:45 -0400] "POST /providence/service.php/browse/ca_collections?limit=5 HTTP/1.1" 200 631 "-" "undici"
107.178.232.231 - - [18/Sep/2023:14:21:47 -0400] "GET /providence/media/collectiveaccess/images/1/18848_ca_object_representations_media_183_preview170.jpg HTTP/1.1" 200 6035 "-" "undici"
107.178.231.245 - - [18/Sep/2023:14:21:47 -0400] "GET /providence/media/collectiveaccess/images/2/59725_ca_object_representations_media_267_original.jpg HTTP/1.1" 200 400355 "-" "undici"
107.178.237.21 - - [18/Sep/2023:14:21:47 -0400] "GET /providence/media/collectiveaccess/images/2/30127_ca_object_representations_media_268_original.jpg HTTP/1.1" 200 407823 "-" "undici"
35.239.124.218 - - [18/Sep/2023:14:21:48 -0400] "GET /providence/index.php?processIndexingQueue=1 HTTP/1.1" 499 0 "-" "-"
107.178.237.21 - administrator [18/Sep/2023:14:21:48 -0400] "POST /providence/service.php/browse/ca_objects?limit=5 HTTP/1.1" 200 1403 "-" "undici"
35.239.124.218 - - [18/Sep/2023:14:21:48 -0400] "GET /providence/index.php?processIndexingQueue=1 HTTP/1.1" 499 0 "-" "-"
107.178.237.21 - administrator [18/Sep/2023:14:21:48 -0400] "POST /providence/service.php/browse/ca_objects?limit=5 HTTP/1.1" 200 2806 "-" "undici"
107.178.237.21 - administrator [18/Sep/2023:14:21:48 -0400] "POST /providence/service.php/browse/ca_objects?limit=5 HTTP/1.1" 200 2961 "-" "undici"
107.178.237.21 - administrator [18/Sep/2023:14:21:48 -0400] "POST /providence/service.php/browse/ca_collections?limit=5 HTTP/1.1" 200 631 "-" "undici"
107.178.237.21 - administrator [18/Sep/2023:14:21:48 -0400] "POST /providence/service.php/browse/ca_objects?limit=5 HTTP/1.1" 200 2319 "-" "undici"
107.178.237.21 - administrator [18/Sep/2023:14:21:48 -0400] "POST /providence/service.php/browse/ca_collections?limit=5 HTTP/1.1" 200 393 "-" "undici"
107.178.237.21 - administrator [18/Sep/2023:14:21:49 -0400] "POST /providence/service.php/browse/ca_collections?limit=5 HTTP/1.1" 200 1083 "-" "undici"
107.178.237.21 - administrator [18/Sep/2023:14:21:49 -0400] "POST /providence/service.php/browse/ca_objects?limit=5 HTTP/1.1" 200 2918 "-" "undici"
107.178.237.21 - administrator [18/Sep/2023:14:21:49 -0400] "POST /providence/service.php/browse/ca_objects?limit=5 HTTP/1.1" 200 2600 "-" "undici"
107.178.237.21 - administrator [18/Sep/2023:14:21:49 -0400] "POST /providence/service.php/browse/ca_collections?limit=5 HTTP/1.1" 200 365 "-" "undici"
35.239.124.218 - - [18/Sep/2023:14:21:52 -0400] "GET /providence/index.php?processIndexingQueue=1 HTTP/1.1" 499 0 "-" "-"
35.239.124.218 - - [18/Sep/2023:14:21:52 -0400] "GET /providence/index.php?processIndexingQueue=1 HTTP/1.1" 499 0 "-" "-"
35.239.124.218 - - [18/Sep/2023:14:21:52 -0400] "GET /providence/index.php?processIndexingQueue=1 HTTP/1.1" 499 0 "-" "-"
35.239.124.218 - - [18/Sep/2023:14:21:52 -0400] "GET /providence/index.php?processIndexingQueue=1 HTTP/1.1" 499 0 "-" "-"
107.178.237.21 - administrator [18/Sep/2023:14:21:53 -0400] "POST /providence/service.php/browse/ca_objects?limit=5 HTTP/1.1" 200 2319 "-" "undici"
107.178.237.21 - administrator [18/Sep/2023:14:21:53 -0400] "POST /providence/service.php/browse/ca_objects?limit=5 HTTP/1.1" 200 2806 "-" "undici"
107.178.237.21 - administrator [18/Sep/2023:14:21:53 -0400] "POST /providence/service.php/browse/ca_collections?limit=5 HTTP/1.1" 200 393 "-" "undici"
107.178.237.21 - administrator [18/Sep/2023:14:21:53 -0400] "POST /providence/service.php/browse/ca_objects?limit=5 HTTP/1.1" 200 2918 "-" "undici"
107.178.237.21 - administrator [18/Sep/2023:14:21:53 -0400] "POST /providence/service.php/browse/ca_collections?limit=5 HTTP/1.1" 200 631 "-" "undici"
107.178.237.21 - administrator [18/Sep/2023:14:21:53 -0400] "POST /providence/service.php/browse/ca_objects?limit=5 HTTP/1.1" 200 2600 "-" "undici"
107.178.237.21 - administrator [18/Sep/2023:14:21:53 -0400] "POST /providence/service.php/browse/ca_objects?limit=5 HTTP/1.1" 200 2961 "-" "undici"
107.178.237.21 - administrator [18/Sep/2023:14:21:53 -0400] "POST /providence/service.php/browse/ca_collections?limit=5 HTTP/1.1" 200 1083 "-" "undici"
107.178.237.21 - administrator [18/Sep/2023:14:21:53 -0400] "POST /providence/service.php/browse/ca_objects?limit=5 HTTP/1.1" 200 1403 "-" "undici"
107.178.237.21 - administrator [18/Sep/2023:14:21:53 -0400] "POST /providence/service.php/browse/ca_collections?limit=5 HTTP/1.1" 200 365 "-" "undici"
107.178.231.235 - - [18/Sep/2023:14:21:53 -0400] "GET /providence/media/collectiveaccess/images/2/74474_ca_object_representations_media_260_original.tiff HTTP/1.1" 200 55541514 "-" "undici"
172.105.128.13 - - [18/Sep/2023:14:26:46 -0400] "\x16\x03\x01\x00\x85\x01\x00\x00\x81\x03\x03\xB4\x14^<\x83\x90\x1E\xE7\xED\x1FBw\xF0\x19C\xA9\xC0?\xE4\x81\xB4\x89z\xC3\xA2\x036\xA4\xF1`\x05\xFB\x00\x00 \xC0/\xC00\xC0+\xC0,\xCC\xA8\xCC\xA9\xC0\x13\xC0\x09\xC0\x14\xC0" 400 150 "-" "-"
185.91.69.110 - - [18/Sep/2023:14:30:07 -0400] "\x16\x03\x01\x02\x00\x01\x00\x01\xFC\x03\x03):\xA1\xC1k\xAA\x92e\xF7\xBDH\x96U\xFE~p\xCF\x8E\xF3mz\xD0q\x9E\xB7\xDD\xF7/\xBF-\x9E\xD3 \xD0\x9E\xEC\x10\xE6sm\xCFo\xD0\xE6Wci<s\x9C\x9A\xC7H\x22A\x00xuSeF{4i\xB4\x00>\x13\x02\x13\x03\x13\x01\xC0,\xC00\x00\x9F\xCC\xA9\xCC\xA8\xCC\xAA\xC0+\xC0/\x00\x9E\xC0$\xC0(\x00k\xC0#\xC0'\x00g\xC0" 400 150 "-" "-"
185.91.69.110 - - [18/Sep/2023:14:30:07 -0400] "{\x22id\x22: 1, \x22method\x22: \x22mining.subscribe\x22, \x22params\x22: [\x22cpuminer/2.5.1\x22]}" 400 150 "-" "-"
185.91.69.110 - - [18/Sep/2023:14:30:08 -0400] "{\x22id\x22: 1, \x22method\x22: \x22mining.subscribe\x22, \x22params\x22: [\x22MinerName/1.0.0\x22, \x22EthereumStratum/1.0.0\x22]}" 400 150 "-" "-"
185.91.69.110 - - [18/Sep/2023:14:30:08 -0400] "{\x22id\x22:1,\x22method\x22:\x22eth_submitLogin\x22,\x22worker\x22:\x22igwrcvap\x22,\x22params\x22:[\x220xd67222fa4ebb708fc035834990dbeb1737dcaccf\x22,\x22x\x22],\x22jsonrpc\x22:\x222.0\x22}" 400 150 "-" "-"
185.91.69.110 - - [18/Sep/2023:14:30:08 -0400] "{\x22id\x22:1,\x22jsonrpc\x22:\x222.0\x22,\x22method\x22:\x22login\x22,\x22params\x22:{\x22login\x22:\x2245jc8MVhJTzE4EdwZhQpcTNgu5xdTZofvTBAcWEcL246U999hfSQ764JDCivkTAnJBB6p6Ao3pEcC9VwFAZZZKor1CnTNdv\x22,\x22pass\x22:\x22x\x22,\x22agent\x22:\x22XMRig/6.15.3 (Windows NT 10.0; Win64; x64) libuv/1.42.0 msvc/2019\x22,\x22algo\x22:[\x22cn/1\x22,\x22cn/2\x22,\x22cn/r\x22,\x22cn/fast\x22,\x22cn/half\x22,\x22cn/xao\x22,\x22cn/rto\x22,\x22cn/rwz\x22,\x22cn/zls\x22,\x22cn/double\x22,\x22cn/ccx\x22,\x22cn-lite/1\x22,\x22cn-heavy/0\x22,\x22cn-heavy/tube\x22,\x22cn-heavy/xhv\x22,\x22cn-pico\x22,\x22cn-pico/tlo\x22,\x22cn/upx2\x22,\x22rx/0\x22,\x22rx/wow\x22,\x22rx/arq\x22,\x22rx/graft\x22,\x22rx/sfx\x22,\x22rx/keva\x22,\x22argon2/chukwa\x22,\x22argon2/chukwav2\x22,\x22argon2/ninja\x22,\x22astrobwt\x22]}}" 400 150 "-" "-"
185.91.69.110 - - [18/Sep/2023:14:30:08 -0400] "GET / HTTP/1.1" 301 162 "-" "Mozilla/5.0 (Windows NT 10.0; Win64; x64) AppleWebKit/537.36 (KHTML, like Gecko) Chrome/94.0.4606.61 Safari/537.36"
185.91.69.110 - - [18/Sep/2023:14:30:09 -0400] "GET / HTTP/1.1" 200 4211 "-" "Mozilla/5.0 (Windows NT 10.0; Win64; x64) AppleWebKit/537.36 (KHTML, like Gecko) Chrome/94.0.4606.61 Safari/537.36"
185.91.69.110 - - [18/Sep/2023:14:30:11 -0400] "GET / HTTP/1.1" 200 4095 "-" "Mozilla/5.0 (Windows NT 10.0; Win64; x64) AppleWebKit/537.36 (KHTML, like Gecko) Chrome/94.0.4606.61 Safari/537.36"
185.91.69.110 - 1JTsMyn4yizbEWCDqeuedShvC9CRjj4ByS [18/Sep/2023:14:30:11 -0400] "POST / HTTP/1.1" 301 162 "-" "Mozilla/5.0 (Windows NT 10.0; Win64; x64) AppleWebKit/537.36 (KHTML, like Gecko) Chrome/94.0.4606.61 Safari/537.36"
185.91.69.110 - - [18/Sep/2023:14:30:12 -0400] "GET / HTTP/1.1" 200 4196 "-" "Mozilla/5.0 (Windows NT 10.0; Win64; x64) AppleWebKit/537.36 (KHTML, like Gecko) Chrome/94.0.4606.61 Safari/537.36"
185.91.69.110 - 0xe0897d77288f27b9c729945ba0ab936aefa72736 [18/Sep/2023:14:30:12 -0400] "POST / HTTP/1.1" 301 162 "-" "Mozilla/5.0 (Windows NT 10.0; Win64; x64) AppleWebKit/537.36 (KHTML, like Gecko) Chrome/94.0.4606.61 Safari/537.36"
185.91.69.110 - - [18/Sep/2023:14:30:12 -0400] "GET /WuEL HTTP/1.1" 301 162 "-" "Mozilla/5.0 (compatible; MSIE 9.0; Windows NT 6.1; Trident/5.0; ; NCLIENT50_AAPCDA5841E333)"
185.91.69.110 - - [18/Sep/2023:14:30:12 -0400] "GET stager64 HTTP/1.1" 400 150 "-" "-"
185.91.69.110 - - [18/Sep/2023:14:30:12 -0400] "GET /a HTTP/1.1" 301 162 "-" "Mozilla/5.0 (Windows NT 10.0; Win64; x64) AppleWebKit/537.36 (KHTML, like Gecko) Chrome/94.0.4606.61 Safari/537.36"
185.91.69.110 - - [18/Sep/2023:14:30:13 -0400] "GET /a HTTP/1.1" 404 276 "-" "Mozilla/5.0 (Windows NT 10.0; Win64; x64) AppleWebKit/537.36 (KHTML, like Gecko) Chrome/94.0.4606.61 Safari/537.36"
185.91.69.110 - - [18/Sep/2023:14:30:13 -0400] "GET /download/file.ext HTTP/1.1" 301 162 "-" "Mozilla/5.0 (Windows NT 10.0; Win64; x64) AppleWebKit/537.36 (KHTML, like Gecko) Chrome/94.0.4606.61 Safari/537.36"
185.91.69.110 - - [18/Sep/2023:14:30:14 -0400] "GET /download/file.ext HTTP/1.1" 404 276 "-" "Mozilla/5.0 (Windows NT 10.0; Win64; x64) AppleWebKit/537.36 (KHTML, like Gecko) Chrome/94.0.4606.61 Safari/537.36"
185.91.69.110 - - [18/Sep/2023:14:30:14 -0400] "GET /SiteLoader HTTP/1.1" 301 162 "-" "Mozilla/5.0 (Windows NT 10.0; Win64; x64) AppleWebKit/537.36 (KHTML, like Gecko) Chrome/94.0.4606.61 Safari/537.36"
185.91.69.110 - - [18/Sep/2023:14:30:14 -0400] "GET /SiteLoader HTTP/1.1" 404 276 "-" "Mozilla/5.0 (Windows NT 10.0; Win64; x64) AppleWebKit/537.36 (KHTML, like Gecko) Chrome/94.0.4606.61 Safari/537.36"
185.91.69.110 - - [18/Sep/2023:14:30:14 -0400] "GET /mPlayer HTTP/1.1" 301 162 "-" "Mozilla/5.0 (Windows NT 10.0; Win64; x64) AppleWebKit/537.36 (KHTML, like Gecko) Chrome/94.0.4606.61 Safari/537.36"
185.91.69.110 - - [18/Sep/2023:14:30:15 -0400] "GET /mPlayer HTTP/1.1" 404 276 "-" "Mozilla/5.0 (Windows NT 10.0; Win64; x64) AppleWebKit/537.36 (KHTML, like Gecko) Chrome/94.0.4606.61 Safari/537.36"
185.91.69.110 - - [18/Sep/2023:14:30:20 -0400] "POST / HTTP/1.1" 301 162 "-" "Mozilla/5.0 (Windows NT 10.0; Win64; x64) AppleWebKit/537.36 (KHTML, like Gecko) Chrome/94.0.4606.61 Safari/537.36"
185.91.69.110 - - [18/Sep/2023:14:30:21 -0400] "GET / HTTP/1.1" 200 4063 "-" "Mozilla/5.0 (Windows NT 10.0; Win64; x64) AppleWebKit/537.36 (KHTML, like Gecko) Chrome/94.0.4606.61 Safari/537.36"
198.199.100.69 - - [18/Sep/2023:14:46:43 -0400] "MGLNDD_35.239.124.218_443" 400 150 "-" "-"
54.36.115.221 - - [18/Sep/2023:14:49:46 -0400] "POST / HTTP/1.1" 301 162 "-" "Mozilla/5.0 (X11; Linux x86_64) AppleWebKit/537.36 (KHTML, like Gecko) Chrome/81.0.4044.129 Safari/537.36"
54.36.115.221 - - [18/Sep/2023:14:49:46 -0400] "GET /.env HTTP/1.1" 301 162 "-" "Mozilla/5.0 (X11; Linux x86_64) AppleWebKit/537.36 (KHTML, like Gecko) Chrome/81.0.4044.129 Safari/537.36"
