35.239.124.218 - - [17/Sep/2023:14:02:24 -0400] "GET /providence/index.php?processIndexingQueue=1 HTTP/1.1" 499 0 "-" "-"
149.19.169.148 - - [17/Sep/2023:14:02:24 -0400] "GET /providence/index.php/find/RelatedList/Index/ids/%7B%223069%22%3A%223471%22%2C%223070%22%3A%223473%22%2C%223071%22%3A%223475%22%2C%223074%22%3A%223476%22%2C%223075%22%3A%223477%22%2C%223076%22%3A%223478%22%2C%223077%22%3A%223479%22%2C%223078%22%3A%223480%22%2C%223079%22%3A%223481%22%2C%223080%22%3A%223482%22%2C%223081%22%3A%223483%22%2C%223082%22%3A%223484%22%2C%223083%22%3A%223485%22%2C%223084%22%3A%223486%22%2C%223085%22%3A%223487%22%2C%223086%22%3A%223488%22%7D/interstitialPrefix/P501CollectionEditorFormItem_/relatedRelTable/ca_objects_x_collections/primaryTable/ca_collections/primaryID/79/relatedTable/ca_objects HTTP/2.0" 200 3304 "https://archive.meredithmonk.org/providence/index.php/editor/collections/CollectionEditor/Edit/Screen62/collection_id/79" "Mozilla/5.0 (Macintosh; Intel Mac OS X 10_15_7) AppleWebKit/537.36 (KHTML, like Gecko) Chrome/116.0.0.0 Safari/537.36"
35.239.124.218 - - [17/Sep/2023:14:02:25 -0400] "GET /providence/index.php?processIndexingQueue=1 HTTP/1.1" 499 0 "-" "-"
149.19.169.148 - - [17/Sep/2023:14:02:25 -0400] "GET /providence/index.php/find/SearchObjects/Index/search/ca_collections.collection_id%3A79 HTTP/2.0" 200 23797 "https://archive.meredithmonk.org/providence/index.php/editor/collections/CollectionEditor/Edit/Screen62/collection_id/79" "Mozilla/5.0 (Macintosh; Intel Mac OS X 10_15_7) AppleWebKit/537.36 (KHTML, like Gecko) Chrome/116.0.0.0 Safari/537.36"
35.239.124.218 - - [17/Sep/2023:14:02:25 -0400] "GET /providence/index.php?processIndexingQueue=1 HTTP/1.1" 499 0 "-" "-"
149.19.169.148 - - [17/Sep/2023:14:02:25 -0400] "GET /providence/index.php/find/SearchObjects/Facets HTTP/2.0" 200 230 "https://archive.meredithmonk.org/providence/index.php/find/SearchObjects/Index/search/ca_collections.collection_id%3A79" "Mozilla/5.0 (Macintosh; Intel Mac OS X 10_15_7) AppleWebKit/537.36 (KHTML, like Gecko) Chrome/116.0.0.0 Safari/537.36"
35.239.124.218 - - [17/Sep/2023:14:03:57 -0400] "GET /providence/index.php?processIndexingQueue=1 HTTP/1.1" 499 0 "-" "-"
149.19.169.148 - - [17/Sep/2023:14:03:57 -0400] "GET /providence/index.php/find/SearchCollections/Index/reset/save HTTP/2.0" 200 10100 "https://archive.meredithmonk.org/providence/index.php/editor/collections/CollectionEditor/Edit/Screen62/collection_id/79" "Mozilla/5.0 (Macintosh; Intel Mac OS X 10_15_7) AppleWebKit/537.36 (KHTML, like Gecko) Chrome/116.0.0.0 Safari/537.36"
35.239.124.218 - - [17/Sep/2023:14:03:57 -0400] "GET /providence/index.php?processIndexingQueue=1 HTTP/1.1" 499 0 "-" "-"
149.19.169.148 - - [17/Sep/2023:14:03:57 -0400] "GET /providence/index.php/find/SearchCollections/Facets HTTP/2.0" 200 229 "https://archive.meredithmonk.org/providence/index.php/find/SearchCollections/Index/reset/save" "Mozilla/5.0 (Macintosh; Intel Mac OS X 10_15_7) AppleWebKit/537.36 (KHTML, like Gecko) Chrome/116.0.0.0 Safari/537.36"
35.239.124.218 - - [17/Sep/2023:14:04:00 -0400] "GET /providence/index.php?processIndexingQueue=1 HTTP/1.1" 499 0 "-" "-"
149.19.169.148 - - [17/Sep/2023:14:04:00 -0400] "GET /providence/index.php/editor/collections/CollectionEditor/Edit/collection_id/12 HTTP/2.0" 200 24897 "https://archive.meredithmonk.org/providence/index.php/find/SearchCollections/Index/reset/save" "Mozilla/5.0 (Macintosh; Intel Mac OS X 10_15_7) AppleWebKit/537.36 (KHTML, like Gecko) Chrome/116.0.0.0 Safari/537.36"
35.239.124.218 - - [17/Sep/2023:14:04:00 -0400] "GET /providence/index.php?processIndexingQueue=1 HTTP/1.1" 499 0 "-" "-"
149.19.169.148 - - [17/Sep/2023:14:04:00 -0400] "GET /providence/index.php/lookup/Collection/IDNo?n=2018_CellularSongs&id=12&_context_id=0 HTTP/2.0" 200 6 "https://archive.meredithmonk.org/providence/index.php/editor/collections/CollectionEditor/Edit/collection_id/12" "Mozilla/5.0 (Macintosh; Intel Mac OS X 10_15_7) AppleWebKit/537.36 (KHTML, like Gecko) Chrome/116.0.0.0 Safari/537.36"
35.239.124.218 - - [17/Sep/2023:14:04:01 -0400] "GET /providence/index.php?processIndexingQueue=1 HTTP/1.1" 499 0 "-" "-"
149.19.169.148 - - [17/Sep/2023:14:04:01 -0400] "GET /providence/index.php/find/RelatedList/Index/ids/%7B%2224%22%3A%2266%22%2C%2225%22%3A%2247%22%7D/interstitialPrefix/P500CollectionEditorFormItem_/relatedRelTable/ca_collections_x_collections/primaryTable/ca_collections/primaryID/12/relatedTable/ca_collections HTTP/2.0" 200 2393 "https://archive.meredithmonk.org/providence/index.php/editor/collections/CollectionEditor/Edit/collection_id/12" "Mozilla/5.0 (Macintosh; Intel Mac OS X 10_15_7) AppleWebKit/537.36 (KHTML, like Gecko) Chrome/116.0.0.0 Safari/537.36"
35.239.124.218 - - [17/Sep/2023:14:04:01 -0400] "GET /providence/index.php?processIndexingQueue=1 HTTP/1.1" 499 0 "-" "-"
149.19.169.148 - - [17/Sep/2023:14:04:01 -0400] "GET /providence/index.php/find/RelatedList/Index/ids/%7B%2292%22%3A%225%22%2C%2293%22%3A%225%22%2C%2297%22%3A%2211%22%2C%2298%22%3A%2212%22%2C%2299%22%3A%225%22%2C%22100%22%3A%225%22%2C%22101%22%3A%229%22%2C%22102%22%3A%2210%22%2C%22562%22%3A%2213%22%2C%22828%22%3A%22258%22%2C%22829%22%3A%22257%22%2C%22830%22%3A%22256%22%2C%22831%22%3A%22255%22%2C%22832%22%3A%22156%22%2C%22833%22%3A%22254%22%2C%22834%22%3A%22253%22%2C%22835%22%3A%22151%22%2C%22836%22%3A%22252%22%2C%22837%22%3A%2290%22%2C%22838%22%3A%22251%22%2C%22839%22%3A%2285%22%2C%22840%22%3A%22154%22%7D/interstitialPrefix/P499CollectionEditorFormItem_/relatedRelTable/ca_entities_x_collections/primaryTable/ca_collections/primaryID/12/relatedTable/ca_entities HTTP/2.0" 200 3019 "https://archive.meredithmonk.org/providence/index.php/editor/collections/CollectionEditor/Edit/collection_id/12" "Mozilla/5.0 (Macintosh; Intel Mac OS X 10_15_7) AppleWebKit/537.36 (KHTML, like Gecko) Chrome/116.0.0.0 Safari/537.36"
35.239.124.218 - - [17/Sep/2023:14:05:37 -0400] "GET /providence/index.php?processIndexingQueue=1 HTTP/1.1" 499 0 "-" "-"
149.19.169.148 - - [17/Sep/2023:14:05:37 -0400] "GET /providence/index.php/find/SearchCollectionsAdvanced/Index/reset/save HTTP/2.0" 200 12883 "https://archive.meredithmonk.org/providence/index.php/editor/collections/CollectionEditor/Edit/collection_id/12" "Mozilla/5.0 (Macintosh; Intel Mac OS X 10_15_7) AppleWebKit/537.36 (KHTML, like Gecko) Chrome/116.0.0.0 Safari/537.36"
35.239.124.218 - - [17/Sep/2023:14:05:37 -0400] "GET /providence/index.php?processIndexingQueue=1 HTTP/1.1" 499 0 "-" "-"
149.19.169.148 - - [17/Sep/2023:14:05:37 -0400] "GET /providence/index.php/find/SearchCollectionsAdvanced/Facets HTTP/2.0" 200 203 "https://archive.meredithmonk.org/providence/index.php/find/SearchCollectionsAdvanced/Index/reset/save" "Mozilla/5.0 (Macintosh; Intel Mac OS X 10_15_7) AppleWebKit/537.36 (KHTML, like Gecko) Chrome/116.0.0.0 Safari/537.36"
35.239.124.218 - - [17/Sep/2023:14:05:45 -0400] "GET /providence/index.php?processIndexingQueue=1 HTTP/1.1" 499 0 "-" "-"
149.19.169.148 - - [17/Sep/2023:14:05:45 -0400] "POST /providence/index.php/find/SearchCollectionsAdvanced/Index HTTP/2.0" 200 10657 "https://archive.meredithmonk.org/providence/index.php/find/SearchCollectionsAdvanced/Index/reset/save" "Mozilla/5.0 (Macintosh; Intel Mac OS X 10_15_7) AppleWebKit/537.36 (KHTML, like Gecko) Chrome/116.0.0.0 Safari/537.36"
35.239.124.218 - - [17/Sep/2023:14:05:48 -0400] "GET /providence/index.php?processIndexingQueue=1 HTTP/1.1" 499 0 "-" "-"
149.19.169.148 - - [17/Sep/2023:14:05:48 -0400] "POST /providence/index.php/find/SearchCollectionsAdvanced/Index HTTP/2.0" 200 13529 "https://archive.meredithmonk.org/providence/index.php/find/SearchCollectionsAdvanced/Index" "Mozilla/5.0 (Macintosh; Intel Mac OS X 10_15_7) AppleWebKit/537.36 (KHTML, like Gecko) Chrome/116.0.0.0 Safari/537.36"
35.239.124.218 - - [17/Sep/2023:14:05:48 -0400] "GET /providence/index.php?processIndexingQueue=1 HTTP/1.1" 499 0 "-" "-"
149.19.169.148 - - [17/Sep/2023:14:05:48 -0400] "GET /providence/index.php/find/SearchCollectionsAdvanced/Facets HTTP/2.0" 200 229 "https://archive.meredithmonk.org/providence/index.php/find/SearchCollectionsAdvanced/Index" "Mozilla/5.0 (Macintosh; Intel Mac OS X 10_15_7) AppleWebKit/537.36 (KHTML, like Gecko) Chrome/116.0.0.0 Safari/537.36"
66.175.213.4 - - [17/Sep/2023:14:08:10 -0400] "\x16\x03\x01\x00\x85\x01\x00\x00\x81\x03\x03p\xD0\x04\xB7\xC1!\x80\xDAM\xFB\x1F\xAE" 400 150 "-" "-"
35.239.124.218 - - [17/Sep/2023:14:11:59 -0400] "GET /providence/index.php?processIndexingQueue=1 HTTP/1.1" 499 0 "-" "-"
35.239.124.218 - - [17/Sep/2023:14:11:59 -0400] "GET /providence/index.php?processIndexingQueue=1 HTTP/1.1" 499 0 "-" "-"
35.239.124.218 - - [17/Sep/2023:14:11:59 -0400] "GET /providence/index.php?processIndexingQueue=1 HTTP/1.1" 499 0 "-" "-"
35.239.124.218 - - [17/Sep/2023:14:11:59 -0400] "GET /providence/index.php?processIndexingQueue=1 HTTP/1.1" 499 0 "-" "-"
35.239.124.218 - - [17/Sep/2023:14:11:59 -0400] "GET /providence/index.php?processIndexingQueue=1 HTTP/1.1" 499 0 "-" "-"
35.239.124.218 - - [17/Sep/2023:14:11:59 -0400] "GET /providence/index.php?processIndexingQueue=1 HTTP/1.1" 499 0 "-" "-"
149.19.169.148 - administrator [17/Sep/2023:14:11:59 -0400] "POST /providence/service.php/browse/ca_objects?limit=5 HTTP/1.1" 200 1403 "-" "undici"
149.19.169.148 - administrator [17/Sep/2023:14:11:59 -0400] "POST /providence/service.php/browse/ca_collections?limit=5 HTTP/1.1" 200 365 "-" "undici"
149.19.169.148 - administrator [17/Sep/2023:14:11:59 -0400] "POST /providence/service.php/browse/ca_objects?limit=5 HTTP/1.1" 200 2918 "-" "undici"
149.19.169.148 - administrator [17/Sep/2023:14:12:00 -0400] "POST /providence/service.php/browse/ca_objects?limit=5 HTTP/1.1" 200 2806 "-" "undici"
149.19.169.148 - administrator [17/Sep/2023:14:12:00 -0400] "POST /providence/service.php/browse/ca_collections?limit=5 HTTP/1.1" 200 1083 "-" "undici"
149.19.169.148 - administrator [17/Sep/2023:14:12:00 -0400] "POST /providence/service.php/browse/ca_collections?limit=5 HTTP/1.1" 200 393 "-" "undici"
149.19.169.148 - administrator [17/Sep/2023:14:12:00 -0400] "POST /providence/service.php/browse/ca_objects?limit=5 HTTP/1.1" 200 2319 "-" "undici"
149.19.169.148 - administrator [17/Sep/2023:14:12:00 -0400] "POST /providence/service.php/browse/ca_collections?limit=5 HTTP/1.1" 200 631 "-" "undici"
149.19.169.148 - administrator [17/Sep/2023:14:12:00 -0400] "POST /providence/service.php/browse/ca_objects?limit=5 HTTP/1.1" 200 2961 "-" "undici"
149.19.169.148 - administrator [17/Sep/2023:14:12:00 -0400] "POST /providence/service.php/browse/ca_objects?limit=5 HTTP/1.1" 200 2600 "-" "undici"
35.239.124.218 - - [17/Sep/2023:14:12:19 -0400] "GET /providence/index.php?processIndexingQueue=1 HTTP/1.1" 499 0 "-" "-"
149.19.169.148 - administrator [17/Sep/2023:14:12:19 -0400] "POST /providence/service.php/browse/ca_objects?limit=5 HTTP/1.1" 200 1403 "-" "undici"
35.239.124.218 - - [17/Sep/2023:14:12:19 -0400] "GET /providence/index.php?processIndexingQueue=1 HTTP/1.1" 499 0 "-" "-"
35.239.124.218 - - [17/Sep/2023:14:12:19 -0400] "GET /providence/index.php?processIndexingQueue=1 HTTP/1.1" 499 0 "-" "-"
35.239.124.218 - - [17/Sep/2023:14:12:19 -0400] "GET /providence/index.php?processIndexingQueue=1 HTTP/1.1" 499 0 "-" "-"
35.239.124.218 - - [17/Sep/2023:14:12:19 -0400] "GET /providence/index.php?processIndexingQueue=1 HTTP/1.1" 499 0 "-" "-"
35.239.124.218 - - [17/Sep/2023:14:12:19 -0400] "GET /providence/index.php?processIndexingQueue=1 HTTP/1.1" 499 0 "-" "-"
35.239.124.218 - - [17/Sep/2023:14:12:19 -0400] "GET /providence/index.php?processIndexingQueue=1 HTTP/1.1" 499 0 "-" "-"
149.19.169.148 - administrator [17/Sep/2023:14:12:19 -0400] "POST /providence/service.php/browse/ca_objects?limit=5 HTTP/1.1" 200 2918 "-" "undici"
149.19.169.148 - administrator [17/Sep/2023:14:12:19 -0400] "POST /providence/service.php/browse/ca_collections?limit=5 HTTP/1.1" 200 631 "-" "undici"
149.19.169.148 - administrator [17/Sep/2023:14:12:19 -0400] "POST /providence/service.php/browse/ca_objects?limit=5 HTTP/1.1" 200 2806 "-" "undici"
149.19.169.148 - administrator [17/Sep/2023:14:12:20 -0400] "POST /providence/service.php/browse/ca_collections?limit=5 HTTP/1.1" 200 365 "-" "undici"
149.19.169.148 - administrator [17/Sep/2023:14:12:20 -0400] "POST /providence/service.php/browse/ca_objects?limit=5 HTTP/1.1" 200 2961 "-" "undici"
149.19.169.148 - administrator [17/Sep/2023:14:12:20 -0400] "POST /providence/service.php/browse/ca_objects?limit=5 HTTP/1.1" 200 2319 "-" "undici"
149.19.169.148 - administrator [17/Sep/2023:14:12:20 -0400] "POST /providence/service.php/browse/ca_collections?limit=5 HTTP/1.1" 200 393 "-" "undici"
149.19.169.148 - administrator [17/Sep/2023:14:12:20 -0400] "POST /providence/service.php/browse/ca_objects?limit=5 HTTP/1.1" 200 2600 "-" "undici"
149.19.169.148 - administrator [17/Sep/2023:14:12:20 -0400] "POST /providence/service.php/browse/ca_collections?limit=5 HTTP/1.1" 200 1083 "-" "undici"
35.239.124.218 - - [17/Sep/2023:14:12:54 -0400] "GET /providence/index.php?processIndexingQueue=1 HTTP/1.1" 499 0 "-" "-"
35.239.124.218 - - [17/Sep/2023:14:12:54 -0400] "GET /providence/index.php?processIndexingQueue=1 HTTP/1.1" 499 0 "-" "-"
35.239.124.218 - - [17/Sep/2023:14:12:54 -0400] "GET /providence/index.php?processIndexingQueue=1 HTTP/1.1" 499 0 "-" "-"
35.239.124.218 - - [17/Sep/2023:14:12:54 -0400] "GET /providence/index.php?processIndexingQueue=1 HTTP/1.1" 499 0 "-" "-"
35.239.124.218 - - [17/Sep/2023:14:12:54 -0400] "GET /providence/index.php?processIndexingQueue=1 HTTP/1.1" 499 0 "-" "-"
35.239.124.218 - - [17/Sep/2023:14:12:54 -0400] "GET /providence/index.php?processIndexingQueue=1 HTTP/1.1" 499 0 "-" "-"
35.239.124.218 - - [17/Sep/2023:14:12:54 -0400] "GET /providence/index.php?processIndexingQueue=1 HTTP/1.1" 499 0 "-" "-"
35.239.124.218 - - [17/Sep/2023:14:12:54 -0400] "GET /providence/index.php?processIndexingQueue=1 HTTP/1.1" 499 0 "-" "-"
35.239.124.218 - - [17/Sep/2023:14:12:54 -0400] "GET /providence/index.php?processIndexingQueue=1 HTTP/1.1" 499 0 "-" "-"
35.239.124.218 - - [17/Sep/2023:14:12:54 -0400] "GET /providence/index.php?processIndexingQueue=1 HTTP/1.1" 499 0 "-" "-"
149.19.169.148 - administrator [17/Sep/2023:14:12:54 -0400] "POST /providence/service.php/browse/ca_objects?limit=5 HTTP/1.1" 200 2961 "-" "undici"
149.19.169.148 - administrator [17/Sep/2023:14:12:54 -0400] "POST /providence/service.php/browse/ca_objects?limit=5 HTTP/1.1" 200 1403 "-" "undici"
149.19.169.148 - administrator [17/Sep/2023:14:12:54 -0400] "POST /providence/service.php/browse/ca_objects?limit=5 HTTP/1.1" 200 2806 "-" "undici"
149.19.169.148 - administrator [17/Sep/2023:14:12:54 -0400] "POST /providence/service.php/browse/ca_collections?limit=5 HTTP/1.1" 200 393 "-" "undici"
149.19.169.148 - administrator [17/Sep/2023:14:12:54 -0400] "POST /providence/service.php/browse/ca_objects?limit=5 HTTP/1.1" 200 2918 "-" "undici"
149.19.169.148 - administrator [17/Sep/2023:14:12:54 -0400] "POST /providence/service.php/browse/ca_collections?limit=5 HTTP/1.1" 200 365 "-" "undici"
149.19.169.148 - administrator [17/Sep/2023:14:12:54 -0400] "POST /providence/service.php/browse/ca_objects?limit=5 HTTP/1.1" 200 2319 "-" "undici"
149.19.169.148 - administrator [17/Sep/2023:14:12:54 -0400] "POST /providence/service.php/browse/ca_collections?limit=5 HTTP/1.1" 200 1083 "-" "undici"
149.19.169.148 - administrator [17/Sep/2023:14:12:54 -0400] "POST /providence/service.php/browse/ca_collections?limit=5 HTTP/1.1" 200 631 "-" "undici"
149.19.169.148 - administrator [17/Sep/2023:14:12:54 -0400] "POST /providence/service.php/browse/ca_objects?limit=5 HTTP/1.1" 200 2600 "-" "undici"
35.239.124.218 - - [17/Sep/2023:14:22:31 -0400] "GET /providence/index.php?processIndexingQueue=1 HTTP/1.1" 499 0 "-" "-"
35.239.124.218 - - [17/Sep/2023:14:22:31 -0400] "GET /providence/index.php?processIndexingQueue=1 HTTP/1.1" 499 0 "-" "-"
35.239.124.218 - - [17/Sep/2023:14:22:31 -0400] "GET /providence/index.php?processIndexingQueue=1 HTTP/1.1" 499 0 "-" "-"
35.239.124.218 - - [17/Sep/2023:14:22:31 -0400] "GET /providence/index.php?processIndexingQueue=1 HTTP/1.1" 499 0 "-" "-"
35.239.124.218 - - [17/Sep/2023:14:22:31 -0400] "GET /providence/index.php?processIndexingQueue=1 HTTP/1.1" 499 0 "-" "-"
35.239.124.218 - - [17/Sep/2023:14:22:31 -0400] "GET /providence/index.php?processIndexingQueue=1 HTTP/1.1" 499 0 "-" "-"
107.178.237.11 - administrator [17/Sep/2023:14:22:31 -0400] "POST /providence/service.php/browse/ca_objects?limit=5 HTTP/1.1" 200 2961 "-" "undici"
35.239.124.218 - - [17/Sep/2023:14:22:31 -0400] "GET /providence/index.php?processIndexingQueue=1 HTTP/1.1" 499 0 "-" "-"
107.178.237.11 - administrator [17/Sep/2023:14:22:31 -0400] "POST /providence/service.php/browse/ca_objects?limit=5 HTTP/1.1" 200 1403 "-" "undici"
35.239.124.218 - - [17/Sep/2023:14:22:31 -0400] "GET /providence/index.php?processIndexingQueue=1 HTTP/1.1" 499 0 "-" "-"
35.239.124.218 - - [17/Sep/2023:14:22:31 -0400] "GET /providence/index.php?processIndexingQueue=1 HTTP/1.1" 499 0 "-" "-"
35.239.124.218 - - [17/Sep/2023:14:22:31 -0400] "GET /providence/index.php?processIndexingQueue=1 HTTP/1.1" 499 0 "-" "-"
107.178.237.11 - administrator [17/Sep/2023:14:22:31 -0400] "POST /providence/service.php/browse/ca_objects?limit=5 HTTP/1.1" 200 2806 "-" "undici"
107.178.237.11 - administrator [17/Sep/2023:14:22:31 -0400] "POST /providence/service.php/browse/ca_objects?limit=5 HTTP/1.1" 200 2918 "-" "undici"
107.178.237.11 - administrator [17/Sep/2023:14:22:31 -0400] "POST /providence/service.php/browse/ca_collections?limit=5 HTTP/1.1" 200 365 "-" "undici"
107.178.237.11 - administrator [17/Sep/2023:14:22:31 -0400] "POST /providence/service.php/browse/ca_collections?limit=5 HTTP/1.1" 200 1083 "-" "undici"
107.178.237.11 - administrator [17/Sep/2023:14:22:31 -0400] "POST /providence/service.php/browse/ca_collections?limit=5 HTTP/1.1" 200 393 "-" "undici"
107.178.237.11 - administrator [17/Sep/2023:14:22:31 -0400] "POST /providence/service.php/browse/ca_collections?limit=5 HTTP/1.1" 200 631 "-" "undici"
107.178.237.11 - administrator [17/Sep/2023:14:22:31 -0400] "POST /providence/service.php/browse/ca_objects?limit=5 HTTP/1.1" 200 2600 "-" "undici"
107.178.237.11 - administrator [17/Sep/2023:14:22:31 -0400] "POST /providence/service.php/browse/ca_objects?limit=5 HTTP/1.1" 200 2319 "-" "undici"
107.178.237.11 - - [17/Sep/2023:14:22:31 -0400] "GET /providence/media/collectiveaccess/images/1/18848_ca_object_representations_media_183_preview170.jpg HTTP/1.1" 200 6035 "-" "undici"
107.178.237.11 - - [17/Sep/2023:14:22:31 -0400] "GET /providence/media/collectiveaccess/images/1/7/28500_ca_object_representations_media_1773_preview170.jpg HTTP/1.1" 200 4356 "-" "undici"
107.178.237.21 - - [17/Sep/2023:14:22:31 -0400] "GET /providence/media/collectiveaccess/images/1/7/82068_ca_object_representations_media_1772_preview170.jpg HTTP/1.1" 200 2727 "-" "undici"
107.178.237.21 - - [17/Sep/2023:14:22:31 -0400] "GET /providence/media/collectiveaccess/images/2/30127_ca_object_representations_media_268_original.jpg HTTP/1.1" 200 407823 "-" "undici"
107.178.237.11 - - [17/Sep/2023:14:22:31 -0400] "GET /providence/media/collectiveaccess/images/1/90263_ca_object_representations_media_182_original.jpg HTTP/1.1" 200 3037746 "-" "undici"
107.178.239.213 - - [17/Sep/2023:14:22:31 -0400] "GET /providence/media/collectiveaccess/images/0/2074_ca_object_representations_media_13_preview170.jpg HTTP/1.1" 200 2270 "-" "undici"
107.178.237.21 - - [17/Sep/2023:14:22:31 -0400] "GET /providence/media/collectiveaccess/images/2/36199_ca_object_representations_media_266_preview170.jpg HTTP/1.1" 200 1198 "-" "undici"
107.178.239.213 - - [17/Sep/2023:14:22:32 -0400] "GET /providence/media/collectiveaccess/images/3/9/1/36580_ca_attribute_values_value_blob_39160_large.jpg HTTP/1.1" 200 39558 "-" "undici"
107.178.237.11 - - [17/Sep/2023:14:22:35 -0400] "GET /providence/media/collectiveaccess/images/2/59725_ca_object_representations_media_267_original.jpg HTTP/1.1" 200 400355 "-" "undici"
107.178.231.235 - - [17/Sep/2023:14:22:36 -0400] "GET /providence/media/collectiveaccess/images/2/74474_ca_object_representations_media_260_original.tiff HTTP/1.1" 200 77004145 "-" "undici"
35.239.124.218 - - [17/Sep/2023:14:22:38 -0400] "GET /providence/index.php?processIndexingQueue=1 HTTP/1.1" 499 0 "-" "-"
35.239.124.218 - - [17/Sep/2023:14:22:38 -0400] "GET /providence/index.php?processIndexingQueue=1 HTTP/1.1" 499 0 "-" "-"
107.178.237.11 - administrator [17/Sep/2023:14:22:38 -0400] "POST /providence/service.php/browse/ca_collections?limit=5 HTTP/1.1" 200 365 "-" "undici"
107.178.237.11 - administrator [17/Sep/2023:14:22:38 -0400] "POST /providence/service.php/browse/ca_collections?limit=5 HTTP/1.1" 200 631 "-" "undici"
107.178.237.11 - administrator [17/Sep/2023:14:22:38 -0400] "POST /providence/service.php/browse/ca_collections?limit=5 HTTP/1.1" 200 1083 "-" "undici"
107.178.237.11 - administrator [17/Sep/2023:14:22:38 -0400] "POST /providence/service.php/browse/ca_objects?limit=5 HTTP/1.1" 200 2319 "-" "undici"
107.178.237.11 - administrator [17/Sep/2023:14:22:38 -0400] "POST /providence/service.php/browse/ca_collections?limit=5 HTTP/1.1" 200 393 "-" "undici"
107.178.237.11 - administrator [17/Sep/2023:14:22:38 -0400] "POST /providence/service.php/browse/ca_objects?limit=5 HTTP/1.1" 200 2961 "-" "undici"
107.178.237.11 - administrator [17/Sep/2023:14:22:38 -0400] "POST /providence/service.php/browse/ca_objects?limit=5 HTTP/1.1" 200 1403 "-" "undici"
107.178.237.11 - administrator [17/Sep/2023:14:22:39 -0400] "POST /providence/service.php/browse/ca_objects?limit=5 HTTP/1.1" 200 2600 "-" "undici"
107.178.237.11 - administrator [17/Sep/2023:14:22:39 -0400] "POST /providence/service.php/browse/ca_objects?limit=5 HTTP/1.1" 200 2918 "-" "undici"
107.178.237.11 - administrator [17/Sep/2023:14:22:39 -0400] "POST /providence/service.php/browse/ca_objects?limit=5 HTTP/1.1" 200 2806 "-" "undici"
107.178.237.11 - - [17/Sep/2023:14:22:39 -0400] "GET /providence/media/collectiveaccess/images/0/90848_ca_object_representations_media_69_preview170.jpg HTTP/1.1" 200 4245 "-" "undici"
107.178.239.213 - - [17/Sep/2023:14:22:39 -0400] "GET /providence/media/collectiveaccess/images/0/55212_ca_object_representations_media_66_preview170.jpg HTTP/1.1" 200 4210 "-" "undici"
107.178.237.21 - - [17/Sep/2023:14:22:39 -0400] "GET /providence/media/collectiveaccess/images/0/43478_ca_object_representations_media_67_preview170.jpg HTTP/1.1" 200 1666 "-" "undici"
107.178.237.11 - - [17/Sep/2023:14:22:39 -0400] "GET /providence/media/collectiveaccess/images/0/80091_ca_object_representations_media_70_preview170.jpg HTTP/1.1" 200 1760 "-" "undici"
107.178.237.21 - - [17/Sep/2023:14:22:39 -0400] "GET /providence/media/collectiveaccess/images/0/75365_ca_object_representations_media_68_preview170.jpg HTTP/1.1" 200 2562 "-" "undici"
107.178.237.11 - - [17/Sep/2023:14:22:41 -0400] "GET /providence/media/collectiveaccess/images/3/34193_ca_object_representations_media_330_original.jpg HTTP/1.1" 200 12088691 "-" "undici"
107.178.237.11 - - [17/Sep/2023:14:22:42 -0400] "GET /providence/media/collectiveaccess/images/3/62348_ca_object_representations_media_331_original.jpg HTTP/1.1" 200 12026291 "-" "undici"
107.178.237.11 - - [17/Sep/2023:14:22:42 -0400] "GET /providence/media/collectiveaccess/images/3/3339_ca_object_representations_media_334_original.jpg HTTP/1.1" 200 2847676 "-" "undici"
107.178.237.21 - - [17/Sep/2023:14:22:42 -0400] "GET /providence/media/collectiveaccess/images/1/7/31521_ca_object_representations_media_1760_preview170.jpg HTTP/1.1" 200 3528 "-" "undici"
107.178.237.21 - - [17/Sep/2023:14:22:42 -0400] "GET /providence/media/collectiveaccess/images/1/7/1391_ca_object_representations_media_1759_preview170.jpg HTTP/1.1" 200 5548 "-" "undici"
107.178.237.21 - - [17/Sep/2023:14:22:42 -0400] "GET /providence/media/collectiveaccess/images/5/68044_ca_object_representations_media_532_preview170.jpg HTTP/1.1" 200 2587 "-" "undici"
107.178.239.213 - - [17/Sep/2023:14:22:42 -0400] "GET /providence/media/collectiveaccess/images/5/19628_ca_object_representations_media_535_preview170.jpg HTTP/1.1" 200 5073 "-" "undici"
107.178.237.21 - - [17/Sep/2023:14:22:42 -0400] "GET /providence/media/collectiveaccess/images/5/85864_ca_object_representations_media_534_preview170.jpg HTTP/1.1" 200 4620 "-" "undici"
107.178.237.21 - - [17/Sep/2023:14:22:42 -0400] "GET /providence/media/collectiveaccess/images/5/81075_ca_object_representations_media_533_preview170.jpg HTTP/1.1" 200 4061 "-" "undici"
107.178.237.11 - - [17/Sep/2023:14:22:42 -0400] "GET /providence/media/collectiveaccess/images/3/55352_ca_object_representations_media_333_original.jpg HTTP/1.1" 200 13240808 "-" "undici"
107.178.237.11 - - [17/Sep/2023:14:22:42 -0400] "GET /providence/media/collectiveaccess/images/3/5190_ca_object_representations_media_332_original.jpg HTTP/1.1" 200 12600291 "-" "undici"
107.178.237.11 - - [17/Sep/2023:14:22:43 -0400] "GET /providence/media/collectiveaccess/images/0/35306_ca_object_representations_media_12_preview170.jpg HTTP/1.1" 200 4003 "-" "undici"
107.178.237.11 - administrator [17/Sep/2023:14:22:43 -0400] "GET /providence/service.php/item/ca_collections/id/12 HTTP/1.1" 499 0 "-" "undici"
35.239.124.218 - - [17/Sep/2023:14:22:46 -0400] "GET /providence/index.php?processIndexingQueue=1 HTTP/1.1" 499 0 "-" "-"
107.178.237.21 - administrator [17/Sep/2023:14:22:46 -0400] "GET /providence/service.php/item/ca_objects/id/17 HTTP/1.1" 200 13489 "-" "undici"
149.19.169.148 - - [17/Sep/2023:14:22:47 -0400] "GET /providence/media/collectiveaccess/quicktime/0/19923_ca_object_representations_media_13_h264_hi.mp4 HTTP/2.0" 206 1240780 "https://20230917t121746-dot-meredith-monk-website.uc.r.appspot.com/" "Mozilla/5.0 (Macintosh; Intel Mac OS X 10_15_7) AppleWebKit/537.36 (KHTML, like Gecko) Chrome/116.0.0.0 Safari/537.36"
149.19.169.148 - - [17/Sep/2023:14:22:47 -0400] "GET /providence/media/collectiveaccess/quicktime/0/19923_ca_object_representations_media_13_h264_hi.mp4 HTTP/2.0" 206 78402 "https://20230917t121746-dot-meredith-monk-website.uc.r.appspot.com/" "Mozilla/5.0 (Macintosh; Intel Mac OS X 10_15_7) AppleWebKit/537.36 (KHTML, like Gecko) Chrome/116.0.0.0 Safari/537.36"
149.19.169.148 - - [17/Sep/2023:14:22:48 -0400] "GET /providence/media/collectiveaccess/quicktime/0/19923_ca_object_representations_media_13_h264_hi.mp4 HTTP/2.0" 206 1187528 "https://20230917t121746-dot-meredith-monk-website.uc.r.appspot.com/" "Mozilla/5.0 (Macintosh; Intel Mac OS X 10_15_7) AppleWebKit/537.36 (KHTML, like Gecko) Chrome/116.0.0.0 Safari/537.36"
149.19.169.148 - - [17/Sep/2023:14:22:52 -0400] "GET /providence/media/collectiveaccess/quicktime/0/19923_ca_object_representations_media_13_h264_hi.mp4 HTTP/2.0" 206 3961452 "https://20230917t121746-dot-meredith-monk-website.uc.r.appspot.com/" "Mozilla/5.0 (Macintosh; Intel Mac OS X 10_15_7) AppleWebKit/537.36 (KHTML, like Gecko) Chrome/116.0.0.0 Safari/537.36"
107.178.237.21 - - [17/Sep/2023:14:23:40 -0400] "GET /providence/media/collectiveaccess/images/0/2074_ca_object_representations_media_13_preview170.jpg HTTP/1.1" 200 2270 "-" "undici"
35.239.124.218 - - [17/Sep/2023:14:23:42 -0400] "GET /providence/index.php?processIndexingQueue=1 HTTP/1.1" 499 0 "-" "-"
107.178.237.21 - administrator [17/Sep/2023:14:23:42 -0400] "GET /providence/service.php/item/ca_collections/id/12 HTTP/1.1" 200 1071490 "-" "undici"
35.239.124.218 - - [17/Sep/2023:14:24:36 -0400] "GET /providence/index.php?processIndexingQueue=1 HTTP/1.1" 499 0 "-" "-"
107.178.237.21 - administrator [17/Sep/2023:14:24:36 -0400] "GET /providence/service.php/item/ca_objects/id/574 HTTP/1.1" 200 5329 "-" "undici"
107.178.237.21 - - [17/Sep/2023:14:24:37 -0400] "GET /providence/media/collectiveaccess/images/5/60215_ca_object_representations_media_532_original.pdf HTTP/1.1" 200 1216655 "https://20230917t121746-dot-meredith-monk-website.uc.r.appspot.com/archive/items/574" "Mozilla/5.0 (Macintosh; Intel Mac OS X 10_15_7) AppleWebKit/537.36 (KHTML, like Gecko) Chrome/116.0.0.0 Safari/537.36"
107.178.237.21 - - [17/Sep/2023:14:24:45 -0400] "GET /providence/media/collectiveaccess/images/3/34193_ca_object_representations_media_330_original.jpg HTTP/1.1" 200 12088691 "-" "undici"
107.178.239.213 - - [17/Sep/2023:14:25:27 -0400] "GET /providence/media/collectiveaccess/images/5/68044_ca_object_representations_media_532_preview170.jpg HTTP/1.1" 200 2587 "-" "undici"
35.239.124.218 - - [17/Sep/2023:14:25:44 -0400] "GET /providence/index.php?processIndexingQueue=1 HTTP/1.1" 499 0 "-" "-"
107.178.239.213 - administrator [17/Sep/2023:14:25:44 -0400] "GET /providence/service.php/item/ca_objects/id/575 HTTP/1.1" 200 5411 "-" "undici"
107.178.239.213 - - [17/Sep/2023:14:25:46 -0400] "GET /providence/media/collectiveaccess/images/5/2447_ca_object_representations_media_533_original.pdf HTTP/1.1" 200 20204 "https://20230917t121746-dot-meredith-monk-website.uc.r.appspot.com/archive/items/575" "Mozilla/5.0 (Macintosh; Intel Mac OS X 10_15_7) AppleWebKit/537.36 (KHTML, like Gecko) Chrome/116.0.0.0 Safari/537.36"
107.178.239.213 - - [17/Sep/2023:14:25:48 -0400] "GET /providence/media/collectiveaccess/images/5/68044_ca_object_representations_media_532_preview170.jpg HTTP/1.1" 200 2587 "-" "undici"
35.239.124.218 - - [17/Sep/2023:14:25:50 -0400] "GET /providence/index.php?processIndexingQueue=1 HTTP/1.1" 499 0 "-" "-"
107.178.239.213 - administrator [17/Sep/2023:14:25:50 -0400] "GET /providence/service.php/item/ca_collections/id/12 HTTP/1.1" 200 1071373 "-" "undici"
35.239.124.218 - - [17/Sep/2023:14:27:11 -0400] "GET /providence/index.php?processIndexingQueue=1 HTTP/1.1" 499 0 "-" "-"
35.239.124.218 - - [17/Sep/2023:14:27:11 -0400] "GET /providence/index.php?processIndexingQueue=1 HTTP/1.1" 499 0 "-" "-"
35.239.124.218 - - [17/Sep/2023:14:27:11 -0400] "GET /providence/index.php?processIndexingQueue=1 HTTP/1.1" 499 0 "-" "-"
35.239.124.218 - - [17/Sep/2023:14:27:11 -0400] "GET /providence/index.php?processIndexingQueue=1 HTTP/1.1" 499 0 "-" "-"
35.239.124.218 - - [17/Sep/2023:14:27:11 -0400] "GET /providence/index.php?processIndexingQueue=1 HTTP/1.1" 499 0 "-" "-"
35.239.124.218 - - [17/Sep/2023:14:27:11 -0400] "GET /providence/index.php?processIndexingQueue=1 HTTP/1.1" 499 0 "-" "-"
35.239.124.218 - - [17/Sep/2023:14:27:11 -0400] "GET /providence/index.php?processIndexingQueue=1 HTTP/1.1" 499 0 "-" "-"
35.239.124.218 - - [17/Sep/2023:14:27:11 -0400] "GET /providence/index.php?processIndexingQueue=1 HTTP/1.1" 499 0 "-" "-"
35.239.124.218 - - [17/Sep/2023:14:27:11 -0400] "GET /providence/index.php?processIndexingQueue=1 HTTP/1.1" 499 0 "-" "-"
35.239.124.218 - - [17/Sep/2023:14:27:11 -0400] "GET /providence/index.php?processIndexingQueue=1 HTTP/1.1" 499 0 "-" "-"
107.178.239.213 - administrator [17/Sep/2023:14:27:11 -0400] "POST /providence/service.php/browse/ca_objects?limit=5 HTTP/1.1" 200 2961 "-" "undici"
107.178.239.213 - administrator [17/Sep/2023:14:27:11 -0400] "POST /providence/service.php/browse/ca_collections?limit=5 HTTP/1.1" 200 365 "-" "undici"
107.178.239.213 - administrator [17/Sep/2023:14:27:11 -0400] "POST /providence/service.php/browse/ca_collections?limit=5 HTTP/1.1" 200 393 "-" "undici"
107.178.239.213 - administrator [17/Sep/2023:14:27:11 -0400] "POST /providence/service.php/browse/ca_objects?limit=5 HTTP/1.1" 200 2600 "-" "undici"
107.178.239.213 - administrator [17/Sep/2023:14:27:11 -0400] "POST /providence/service.php/browse/ca_objects?limit=5 HTTP/1.1" 200 2319 "-" "undici"
107.178.239.213 - administrator [17/Sep/2023:14:27:11 -0400] "POST /providence/service.php/browse/ca_collections?limit=5 HTTP/1.1" 200 1083 "-" "undici"
107.178.239.213 - administrator [17/Sep/2023:14:27:11 -0400] "POST /providence/service.php/browse/ca_objects?limit=5 HTTP/1.1" 200 1403 "-" "undici"
107.178.239.213 - administrator [17/Sep/2023:14:27:11 -0400] "POST /providence/service.php/browse/ca_objects?limit=5 HTTP/1.1" 200 2918 "-" "undici"
107.178.239.213 - administrator [17/Sep/2023:14:27:11 -0400] "POST /providence/service.php/browse/ca_objects?limit=5 HTTP/1.1" 200 2806 "-" "undici"
107.178.239.213 - administrator [17/Sep/2023:14:27:12 -0400] "POST /providence/service.php/browse/ca_collections?limit=5 HTTP/1.1" 200 631 "-" "undici"
107.178.237.21 - - [17/Sep/2023:14:27:12 -0400] "GET /providence/media/collectiveaccess/images/2/59725_ca_object_representations_media_267_original.jpg HTTP/1.1" 200 400355 "-" "undici"
107.178.239.213 - - [17/Sep/2023:14:27:12 -0400] "GET /providence/media/collectiveaccess/images/1/18848_ca_object_representations_media_183_preview170.jpg HTTP/1.1" 200 6035 "-" "undici"
107.178.239.213 - - [17/Sep/2023:14:27:12 -0400] "GET /providence/media/collectiveaccess/images/1/7/28500_ca_object_representations_media_1773_preview170.jpg HTTP/1.1" 200 4356 "-" "undici"
107.178.239.213 - - [17/Sep/2023:14:27:12 -0400] "GET /providence/media/collectiveaccess/images/2/36199_ca_object_representations_media_266_preview170.jpg HTTP/1.1" 200 1198 "-" "undici"
107.178.237.21 - - [17/Sep/2023:14:27:14 -0400] "GET /providence/media/collectiveaccess/images/1/7/82068_ca_object_representations_media_1772_preview170.jpg HTTP/1.1" 200 2727 "-" "undici"
107.178.232.231 - - [17/Sep/2023:14:27:16 -0400] "GET /providence/media/collectiveaccess/images/3/9/1/36580_ca_attribute_values_value_blob_39160_large.jpg HTTP/1.1" 200 39558 "-" "undici"
107.178.236.21 - - [17/Sep/2023:14:27:17 -0400] "GET /providence/media/collectiveaccess/images/2/30127_ca_object_representations_media_268_original.jpg HTTP/1.1" 200 407823 "-" "undici"
107.178.237.21 - - [17/Sep/2023:14:27:17 -0400] "GET /providence/media/collectiveaccess/images/1/90263_ca_object_representations_media_182_original.jpg HTTP/1.1" 200 3037746 "-" "undici"
107.178.237.21 - - [17/Sep/2023:14:27:24 -0400] "GET /providence/media/collectiveaccess/images/2/74474_ca_object_representations_media_260_original.tiff HTTP/1.1" 200 77004145 "-" "undici"
35.239.124.218 - - [17/Sep/2023:14:30:09 -0400] "GET /providence/index.php?processIndexingQueue=1 HTTP/1.1" 499 0 "-" "-"
107.178.236.21 - administrator [17/Sep/2023:14:30:09 -0400] "POST /providence/service.php/browse/ca_collections?limit=5 HTTP/1.1" 200 365 "-" "undici"
35.239.124.218 - - [17/Sep/2023:14:30:09 -0400] "GET /providence/index.php?processIndexingQueue=1 HTTP/1.1" 499 0 "-" "-"
107.178.236.21 - administrator [17/Sep/2023:14:30:09 -0400] "POST /providence/service.php/browse/ca_collections?limit=5 HTTP/1.1" 200 631 "-" "undici"
107.178.236.21 - administrator [17/Sep/2023:14:30:10 -0400] "POST /providence/service.php/browse/ca_collections?limit=5 HTTP/1.1" 200 1083 "-" "undici"
107.178.236.21 - administrator [17/Sep/2023:14:30:10 -0400] "POST /providence/service.php/browse/ca_objects?limit=5 HTTP/1.1" 200 2806 "-" "undici"
107.178.236.21 - administrator [17/Sep/2023:14:30:10 -0400] "POST /providence/service.php/browse/ca_objects?limit=5 HTTP/1.1" 200 2319 "-" "undici"
107.178.236.21 - administrator [17/Sep/2023:14:30:10 -0400] "POST /providence/service.php/browse/ca_collections?limit=5 HTTP/1.1" 200 393 "-" "undici"
107.178.236.21 - administrator [17/Sep/2023:14:30:10 -0400] "POST /providence/service.php/browse/ca_objects?limit=5 HTTP/1.1" 200 2600 "-" "undici"
107.178.236.21 - administrator [17/Sep/2023:14:30:10 -0400] "POST /providence/service.php/browse/ca_objects?limit=5 HTTP/1.1" 200 2918 "-" "undici"
107.178.236.21 - administrator [17/Sep/2023:14:30:10 -0400] "POST /providence/service.php/browse/ca_objects?limit=5 HTTP/1.1" 200 1403 "-" "undici"
107.178.236.21 - administrator [17/Sep/2023:14:30:10 -0400] "POST /providence/service.php/browse/ca_objects?limit=5 HTTP/1.1" 200 2961 "-" "undici"
35.239.124.218 - - [17/Sep/2023:14:36:38 -0400] "GET /providence/index.php?processIndexingQueue=1 HTTP/1.1" 499 0 "-" "-"
107.178.236.21 - administrator [17/Sep/2023:14:36:38 -0400] "POST /providence/service.php/browse/ca_objects?limit=5 HTTP/1.1" 200 1403 "-" "undici"
35.239.124.218 - - [17/Sep/2023:14:36:38 -0400] "GET /providence/index.php?processIndexingQueue=1 HTTP/1.1" 499 0 "-" "-"
35.239.124.218 - - [17/Sep/2023:14:36:38 -0400] "GET /providence/index.php?processIndexingQueue=1 HTTP/1.1" 499 0 "-" "-"
107.178.236.21 - administrator [17/Sep/2023:14:36:38 -0400] "POST /providence/service.php/browse/ca_objects?limit=5 HTTP/1.1" 200 2961 "-" "undici"
107.178.236.21 - administrator [17/Sep/2023:14:36:38 -0400] "POST /providence/service.php/browse/ca_objects?limit=5 HTTP/1.1" 200 2600 "-" "undici"
107.178.236.21 - administrator [17/Sep/2023:14:36:38 -0400] "POST /providence/service.php/browse/ca_collections?limit=5 HTTP/1.1" 200 393 "-" "undici"
107.178.236.21 - administrator [17/Sep/2023:14:36:38 -0400] "POST /providence/service.php/browse/ca_collections?limit=5 HTTP/1.1" 200 365 "-" "undici"
107.178.236.21 - administrator [17/Sep/2023:14:36:38 -0400] "POST /providence/service.php/browse/ca_collections?limit=5 HTTP/1.1" 200 631 "-" "undici"
107.178.236.21 - administrator [17/Sep/2023:14:36:38 -0400] "POST /providence/service.php/browse/ca_objects?limit=5 HTTP/1.1" 200 2918 "-" "undici"
107.178.236.21 - administrator [17/Sep/2023:14:36:38 -0400] "POST /providence/service.php/browse/ca_objects?limit=5 HTTP/1.1" 200 2806 "-" "undici"
107.178.236.21 - administrator [17/Sep/2023:14:36:39 -0400] "POST /providence/service.php/browse/ca_objects?limit=5 HTTP/1.1" 200 2319 "-" "undici"
35.239.124.218 - - [17/Sep/2023:14:36:47 -0400] "GET /providence/index.php?processIndexingQueue=1 HTTP/1.1" 499 0 "-" "-"
107.178.236.21 - administrator [17/Sep/2023:14:36:48 -0400] "POST /providence/service.php/browse/ca_collections?limit=5 HTTP/1.1" 200 1083 "-" "undici"
172.105.128.13 - - [17/Sep/2023:14:37:33 -0400] "GET / HTTP/1.1" 301 162 "-" "Mozilla/5.0 (Macintosh; Intel Mac OS X 13_1) AppleWebKit/537.36 (KHTML, like Gecko) Chrome/108.0.0.0 Safari/537.36"
35.239.124.218 - - [17/Sep/2023:14:45:57 -0400] "GET /providence/index.php?processIndexingQueue=1 HTTP/1.1" 499 0 "-" "-"
107.178.236.21 - administrator [17/Sep/2023:14:45:57 -0400] "POST /providence/service.php/browse/ca_objects?limit=5 HTTP/1.1" 200 2961 "-" "undici"
35.239.124.218 - - [17/Sep/2023:14:45:57 -0400] "GET /providence/index.php?processIndexingQueue=1 HTTP/1.1" 499 0 "-" "-"
35.239.124.218 - - [17/Sep/2023:14:45:57 -0400] "GET /providence/index.php?processIndexingQueue=1 HTTP/1.1" 499 0 "-" "-"
35.239.124.218 - - [17/Sep/2023:14:45:57 -0400] "GET /providence/index.php?processIndexingQueue=1 HTTP/1.1" 499 0 "-" "-"
35.239.124.218 - - [17/Sep/2023:14:45:57 -0400] "GET /providence/index.php?processIndexingQueue=1 HTTP/1.1" 499 0 "-" "-"
107.178.236.21 - administrator [17/Sep/2023:14:45:57 -0400] "POST /providence/service.php/browse/ca_objects?limit=5 HTTP/1.1" 200 2600 "-" "undici"
35.239.124.218 - - [17/Sep/2023:14:45:57 -0400] "GET /providence/index.php?processIndexingQueue=1 HTTP/1.1" 499 0 "-" "-"
35.239.124.218 - - [17/Sep/2023:14:45:57 -0400] "GET /providence/index.php?processIndexingQueue=1 HTTP/1.1" 499 0 "-" "-"
35.239.124.218 - - [17/Sep/2023:14:45:57 -0400] "GET /providence/index.php?processIndexingQueue=1 HTTP/1.1" 499 0 "-" "-"
35.239.124.218 - - [17/Sep/2023:14:45:57 -0400] "GET /providence/index.php?processIndexingQueue=1 HTTP/1.1" 499 0 "-" "-"
35.239.124.218 - - [17/Sep/2023:14:45:57 -0400] "GET /providence/index.php?processIndexingQueue=1 HTTP/1.1" 499 0 "-" "-"
107.178.236.21 - administrator [17/Sep/2023:14:45:57 -0400] "POST /providence/service.php/browse/ca_objects?limit=5 HTTP/1.1" 200 2319 "-" "undici"
107.178.236.21 - administrator [17/Sep/2023:14:45:57 -0400] "POST /providence/service.php/browse/ca_collections?limit=5 HTTP/1.1" 200 1083 "-" "undici"
107.178.236.21 - administrator [17/Sep/2023:14:45:57 -0400] "POST /providence/service.php/browse/ca_objects?limit=5 HTTP/1.1" 200 2806 "-" "undici"
107.178.236.21 - administrator [17/Sep/2023:14:45:57 -0400] "POST /providence/service.php/browse/ca_objects?limit=5 HTTP/1.1" 200 1403 "-" "undici"
107.178.236.21 - administrator [17/Sep/2023:14:45:57 -0400] "POST /providence/service.php/browse/ca_collections?limit=5 HTTP/1.1" 200 393 "-" "undici"
107.178.236.21 - administrator [17/Sep/2023:14:45:57 -0400] "POST /providence/service.php/browse/ca_collections?limit=5 HTTP/1.1" 200 365 "-" "undici"
107.178.236.21 - administrator [17/Sep/2023:14:45:57 -0400] "POST /providence/service.php/browse/ca_objects?limit=5 HTTP/1.1" 200 2918 "-" "undici"
107.178.236.21 - administrator [17/Sep/2023:14:45:57 -0400] "POST /providence/service.php/browse/ca_collections?limit=5 HTTP/1.1" 200 631 "-" "undici"
35.239.124.218 - - [17/Sep/2023:14:46:08 -0400] "GET /providence/index.php?processIndexingQueue=1 HTTP/1.1" 499 0 "-" "-"
107.178.236.21 - administrator [17/Sep/2023:14:46:08 -0400] "POST /providence/service.php/browse/ca_objects?limit=5 HTTP/1.1" 200 2600 "-" "undici"
35.239.124.218 - - [17/Sep/2023:14:46:09 -0400] "GET /providence/index.php?processIndexingQueue=1 HTTP/1.1" 499 0 "-" "-"
107.178.236.21 - administrator [17/Sep/2023:14:46:09 -0400] "POST /providence/service.php/browse/ca_objects?limit=5 HTTP/1.1" 200 1403 "-" "undici"
35.239.124.218 - - [17/Sep/2023:14:46:09 -0400] "GET /providence/index.php?processIndexingQueue=1 HTTP/1.1" 499 0 "-" "-"
35.239.124.218 - - [17/Sep/2023:14:46:09 -0400] "GET /providence/index.php?processIndexingQueue=1 HTTP/1.1" 499 0 "-" "-"
35.239.124.218 - - [17/Sep/2023:14:46:09 -0400] "GET /providence/index.php?processIndexingQueue=1 HTTP/1.1" 499 0 "-" "-"
107.178.236.21 - administrator [17/Sep/2023:14:46:09 -0400] "POST /providence/service.php/browse/ca_objects?limit=5 HTTP/1.1" 200 2918 "-" "undici"
35.239.124.218 - - [17/Sep/2023:14:46:09 -0400] "GET /providence/index.php?processIndexingQueue=1 HTTP/1.1" 499 0 "-" "-"
35.239.124.218 - - [17/Sep/2023:14:46:09 -0400] "GET /providence/index.php?processIndexingQueue=1 HTTP/1.1" 499 0 "-" "-"
35.239.124.218 - - [17/Sep/2023:14:46:09 -0400] "GET /providence/index.php?processIndexingQueue=1 HTTP/1.1" 499 0 "-" "-"
35.239.124.218 - - [17/Sep/2023:14:46:09 -0400] "GET /providence/index.php?processIndexingQueue=1 HTTP/1.1" 499 0 "-" "-"
35.239.124.218 - - [17/Sep/2023:14:46:09 -0400] "GET /providence/index.php?processIndexingQueue=1 HTTP/1.1" 499 0 "-" "-"
107.178.236.21 - administrator [17/Sep/2023:14:46:09 -0400] "POST /providence/service.php/browse/ca_collections?limit=5 HTTP/1.1" 200 1083 "-" "undici"
107.178.236.21 - administrator [17/Sep/2023:14:46:09 -0400] "POST /providence/service.php/browse/ca_collections?limit=5 HTTP/1.1" 200 393 "-" "undici"
107.178.236.21 - administrator [17/Sep/2023:14:46:09 -0400] "POST /providence/service.php/browse/ca_objects?limit=5 HTTP/1.1" 200 2961 "-" "undici"
107.178.236.21 - administrator [17/Sep/2023:14:46:09 -0400] "POST /providence/service.php/browse/ca_objects?limit=5 HTTP/1.1" 200 2319 "-" "undici"
107.178.236.21 - administrator [17/Sep/2023:14:46:09 -0400] "POST /providence/service.php/browse/ca_collections?limit=5 HTTP/1.1" 200 631 "-" "undici"
107.178.236.21 - administrator [17/Sep/2023:14:46:09 -0400] "POST /providence/service.php/browse/ca_objects?limit=5 HTTP/1.1" 200 2806 "-" "undici"
107.178.236.21 - administrator [17/Sep/2023:14:46:09 -0400] "POST /providence/service.php/browse/ca_collections?limit=5 HTTP/1.1" 200 365 "-" "undici"
107.178.236.21 - administrator [17/Sep/2023:14:46:10 -0400] "POST /providence/service.php/browse/ca_collections?limit=5 HTTP/1.1" 200 393 "-" "undici"
107.178.236.21 - administrator [17/Sep/2023:14:46:10 -0400] "POST /providence/service.php/browse/ca_objects?limit=5 HTTP/1.1" 200 2319 "-" "undici"
107.178.236.21 - administrator [17/Sep/2023:14:46:10 -0400] "POST /providence/service.php/browse/ca_objects?limit=5 HTTP/1.1" 200 2918 "-" "undici"
107.178.236.21 - administrator [17/Sep/2023:14:46:10 -0400] "POST /providence/service.php/browse/ca_objects?limit=5 HTTP/1.1" 200 2600 "-" "undici"
107.178.236.21 - administrator [17/Sep/2023:14:46:10 -0400] "POST /providence/service.php/browse/ca_collections?limit=5 HTTP/1.1" 200 365 "-" "undici"
107.178.236.21 - administrator [17/Sep/2023:14:46:10 -0400] "POST /providence/service.php/browse/ca_objects?limit=5 HTTP/1.1" 200 1403 "-" "undici"
107.178.236.21 - administrator [17/Sep/2023:14:46:10 -0400] "POST /providence/service.php/browse/ca_collections?limit=5 HTTP/1.1" 200 631 "-" "undici"
107.178.236.21 - administrator [17/Sep/2023:14:46:10 -0400] "POST /providence/service.php/browse/ca_objects?limit=5 HTTP/1.1" 200 2961 "-" "undici"
107.178.236.21 - administrator [17/Sep/2023:14:46:10 -0400] "POST /providence/service.php/browse/ca_collections?limit=5 HTTP/1.1" 200 1083 "-" "undici"
107.178.236.21 - administrator [17/Sep/2023:14:46:10 -0400] "POST /providence/service.php/browse/ca_objects?limit=5 HTTP/1.1" 200 2806 "-" "undici"
107.178.236.21 - - [17/Sep/2023:14:46:11 -0400] "GET /providence/media/collectiveaccess/images/1/18848_ca_object_representations_media_183_preview170.jpg HTTP/1.1" 200 6035 "-" "undici"
107.178.236.21 - - [17/Sep/2023:14:46:11 -0400] "GET /providence/media/collectiveaccess/images/0/2074_ca_object_representations_media_13_preview170.jpg HTTP/1.1" 200 2270 "-" "undici"
107.178.236.21 - - [17/Sep/2023:14:46:12 -0400] "GET /providence/media/collectiveaccess/images/2/59725_ca_object_representations_media_267_original.jpg HTTP/1.1" 200 400355 "-" "undici"
107.178.236.21 - - [17/Sep/2023:14:46:12 -0400] "GET /providence/media/collectiveaccess/images/2/30127_ca_object_representations_media_268_original.jpg HTTP/1.1" 200 407823 "-" "undici"
107.178.236.21 - - [17/Sep/2023:14:46:12 -0400] "GET /providence/media/collectiveaccess/images/2/36199_ca_object_representations_media_266_preview170.jpg HTTP/1.1" 200 1198 "-" "undici"
107.178.236.21 - - [17/Sep/2023:14:46:12 -0400] "GET /providence/media/collectiveaccess/images/3/9/1/36580_ca_attribute_values_value_blob_39160_large.jpg HTTP/1.1" 200 39558 "-" "undici"
107.178.236.21 - - [17/Sep/2023:14:46:13 -0400] "GET /providence/media/collectiveaccess/images/1/7/28500_ca_object_representations_media_1773_preview170.jpg HTTP/1.1" 200 4356 "-" "undici"
107.178.236.21 - - [17/Sep/2023:14:46:13 -0400] "GET /providence/media/collectiveaccess/images/1/7/82068_ca_object_representations_media_1772_preview170.jpg HTTP/1.1" 200 2727 "-" "undici"
107.178.236.21 - - [17/Sep/2023:14:46:14 -0400] "GET /providence/media/collectiveaccess/images/1/90263_ca_object_representations_media_182_original.jpg HTTP/1.1" 200 3037746 "-" "undici"
107.178.232.181 - - [17/Sep/2023:14:46:15 -0400] "GET /providence/media/collectiveaccess/images/0/43478_ca_object_representations_media_67_preview170.jpg HTTP/1.1" 200 1666 "-" "undici"
107.178.232.181 - - [17/Sep/2023:14:46:15 -0400] "GET /providence/media/collectiveaccess/images/0/80091_ca_object_representations_media_70_preview170.jpg HTTP/1.1" 200 1760 "-" "undici"
107.178.232.181 - - [17/Sep/2023:14:46:15 -0400] "GET /providence/media/collectiveaccess/images/0/75365_ca_object_representations_media_68_preview170.jpg HTTP/1.1" 200 2562 "-" "undici"
107.178.232.181 - - [17/Sep/2023:14:46:15 -0400] "GET /providence/media/collectiveaccess/images/0/90848_ca_object_representations_media_69_preview170.jpg HTTP/1.1" 200 4245 "-" "undici"
107.178.232.181 - - [17/Sep/2023:14:46:15 -0400] "GET /providence/media/collectiveaccess/images/0/55212_ca_object_representations_media_66_preview170.jpg HTTP/1.1" 200 4210 "-" "undici"
107.178.232.181 - - [17/Sep/2023:14:46:15 -0400] "GET /providence/media/collectiveaccess/images/5/81075_ca_object_representations_media_533_preview170.jpg HTTP/1.1" 200 4061 "-" "undici"
107.178.232.181 - - [17/Sep/2023:14:46:15 -0400] "GET /providence/media/collectiveaccess/images/5/19628_ca_object_representations_media_535_preview170.jpg HTTP/1.1" 200 5073 "-" "undici"
107.178.232.181 - - [17/Sep/2023:14:46:15 -0400] "GET /providence/media/collectiveaccess/images/5/85864_ca_object_representations_media_534_preview170.jpg HTTP/1.1" 200 4620 "-" "undici"
107.178.232.181 - - [17/Sep/2023:14:46:15 -0400] "GET /providence/media/collectiveaccess/images/5/68044_ca_object_representations_media_532_preview170.jpg HTTP/1.1" 200 2587 "-" "undici"
107.178.232.181 - - [17/Sep/2023:14:46:16 -0400] "GET /providence/media/collectiveaccess/images/1/7/67407_ca_object_representations_media_1766_original.jpg HTTP/1.1" 200 2014138 "-" "undici"
107.178.236.21 - - [17/Sep/2023:14:46:24 -0400] "GET /providence/media/collectiveaccess/images/2/74474_ca_object_representations_media_260_original.tiff HTTP/1.1" 200 77004145 "-" "undici"
149.129.147.213 - - [17/Sep/2023:14:51:58 -0400] "GET /dns-query?dns=q80BAAABAAAAAAAAA3d3dwdleGFtcGxlA2NvbQAAAQAB HTTP/1.1" 404 276 "-" "Go-http-client/1.1"
149.129.147.213 - - [17/Sep/2023:14:52:00 -0400] "GET /dns-query?dns=q80BAAABAAAAAAAAA3d3dwdleGFtcGxlA2NvbQAAAQAB HTTP/1.1" 404 276 "-" "Go-http-client/1.1"
149.129.147.213 - - [17/Sep/2023:14:52:03 -0400] "POST /dns-query HTTP/1.1" 404 276 "-" "Go-http-client/1.1"
149.129.147.213 - - [17/Sep/2023:14:52:05 -0400] "POST /dns-query HTTP/1.1" 404 276 "-" "Go-http-client/1.1"
149.129.147.213 - - [17/Sep/2023:14:52:06 -0400] "GET /dns-query?name=example.com&type=A HTTP/1.1" 404 276 "-" "Go-http-client/1.1"
149.129.147.213 - - [17/Sep/2023:14:52:08 -0400] "GET /dns-query?name=example.com&type=A HTTP/1.1" 404 276 "-" "Go-http-client/1.1"
149.129.147.213 - - [17/Sep/2023:14:52:10 -0400] "GET /query?dns=q80BAAABAAAAAAAAA3d3dwdleGFtcGxlA2NvbQAAAQAB HTTP/1.1" 404 276 "-" "Go-http-client/1.1"
149.129.147.213 - - [17/Sep/2023:14:52:12 -0400] "GET /query?dns=q80BAAABAAAAAAAAA3d3dwdleGFtcGxlA2NvbQAAAQAB HTTP/1.1" 404 276 "-" "Go-http-client/1.1"
149.129.147.213 - - [17/Sep/2023:14:52:14 -0400] "POST /query HTTP/1.1" 404 276 "-" "Go-http-client/1.1"
149.129.147.213 - - [17/Sep/2023:14:52:17 -0400] "POST /query HTTP/1.1" 404 276 "-" "Go-http-client/1.1"
