182.44.10.67 - - [18/Sep/2023:14:52:16 -0400] "GET / HTTP/1.1" 301 162 "-" "Mozilla/5.0 (iPhone; CPU iPhone OS 13_2_3 like Mac OS X) AppleWebKit/605.1.15 (KHTML, like Gecko) Version/13.0.3 Mobile/15E148 Safari/604.1"
182.44.10.67 - - [18/Sep/2023:14:52:18 -0400] "GET / HTTP/1.1" 200 4157 "http://35.239.124.218" "Mozilla/5.0 (iPhone; CPU iPhone OS 13_2_3 like Mac OS X) AppleWebKit/605.1.15 (KHTML, like Gecko) Version/13.0.3 Mobile/15E148 Safari/604.1"
168.232.15.96 - - [18/Sep/2023:14:56:30 -0400] "GET / HTTP/1.1" 301 162 "-" "Mozilla/5.0 (Windows NT 6.1; WOW64) AppleWebKit/537.36 (KHTML, like Gecko) Chrome/51.0.2704.103 Safari/537.36"
192.241.208.40 - - [18/Sep/2023:15:22:01 -0400] "GET / HTTP/1.1" 200 4142 "-" "Mozilla/5.0 zgrab/0.x"
54.36.115.221 - - [18/Sep/2023:15:22:21 -0400] "POST / HTTP/1.1" 301 162 "-" "Mozilla/5.0 (X11; Linux x86_64) AppleWebKit/537.36 (KHTML, like Gecko) Chrome/81.0.4044.129 Safari/537.36"
54.36.115.221 - - [18/Sep/2023:15:22:22 -0400] "GET /.env HTTP/1.1" 301 162 "-" "Mozilla/5.0 (X11; Linux x86_64) AppleWebKit/537.36 (KHTML, like Gecko) Chrome/81.0.4044.129 Safari/537.36"
46.159.148.201 - - [18/Sep/2023:15:32:20 -0400] "GET / HTTP/1.1" 301 162 "-" "Mozilla/5.0 (Windows NT 6.1; WOW64) AppleWebKit/537.36 (KHTML, like Gecko) Chrome/52.0.2743.116 Safari/537.36"
198.199.97.39 - - [18/Sep/2023:15:35:00 -0400] "GET /actuator/health HTTP/1.1" 404 276 "-" "Mozilla/5.0 zgrab/0.x"
209.141.61.75 - - [18/Sep/2023:15:51:18 -0400] "GET / HTTP/1.1" 301 162 "-" "Linux Gnu (cow)"
35.203.210.21 - - [18/Sep/2023:16:19:52 -0400] "GET / HTTP/1.1" 301 162 "-" "Expanse, a Palo Alto Networks company, searches across the global IPv4 space multiple times per day to identify customers&#39; presences on the Internet. If you would like to be excluded from our scans, please send IP addresses/domains to: scaninfo@paloaltonetworks.com"
35.203.210.21 - - [18/Sep/2023:16:19:53 -0400] "GET / HTTP/1.1" 200 17168 "http://35.239.124.218:80/" "Expanse, a Palo Alto Networks company, searches across the global IPv4 space multiple times per day to identify customers&#39; presences on the Internet. If you would like to be excluded from our scans, please send IP addresses/domains to: scaninfo@paloaltonetworks.com"
54.36.115.221 - - [18/Sep/2023:16:31:11 -0400] "POST / HTTP/1.1" 301 162 "-" "Mozilla/5.0 (X11; Linux x86_64) AppleWebKit/537.36 (KHTML, like Gecko) Chrome/81.0.4044.129 Safari/537.36"
54.36.115.221 - - [18/Sep/2023:16:31:12 -0400] "GET /.env HTTP/1.1" 301 162 "-" "Mozilla/5.0 (X11; Linux x86_64) AppleWebKit/537.36 (KHTML, like Gecko) Chrome/81.0.4044.129 Safari/537.36"
45.79.172.21 - - [18/Sep/2023:16:31:55 -0400] "\x16\x03\x01\x00\x85\x01\x00\x00\x81\x03\x03\xFA\x99[\x12\xA9\xE7Ty\x0F_V\xA2\xD6\x0E\x1DRE\x15\xA6\xCA\xDF\xEE\xBD\xA4{\xD9'\x02\xA13Mc\x00\x00 \xC0/\xC00\xC0+\xC0,\xCC\xA8\xCC\xA9\xC0\x13\xC0\x09\xC0\x14\xC0" 400 150 "-" "-"
149.19.169.148 - - [18/Sep/2023:17:03:08 -0400] "GET /providence HTTP/1.1" 301 162 "-" "Mozilla/5.0 (Macintosh; Intel Mac OS X 10_15_7) AppleWebKit/537.36 (KHTML, like Gecko) Chrome/116.0.0.0 Safari/537.36"
149.19.169.148 - - [18/Sep/2023:17:03:09 -0400] "GET /providence HTTP/2.0" 301 341 "-" "Mozilla/5.0 (Macintosh; Intel Mac OS X 10_15_7) AppleWebKit/537.36 (KHTML, like Gecko) Chrome/116.0.0.0 Safari/537.36"
35.239.124.218 - - [18/Sep/2023:17:03:15 -0400] "GET /providence/index.php?processIndexingQueue=1 HTTP/1.1" 499 0 "-" "-"
149.19.169.148 - - [18/Sep/2023:17:03:15 -0400] "GET /providence/ HTTP/2.0" 200 16678 "-" "Mozilla/5.0 (Macintosh; Intel Mac OS X 10_15_7) AppleWebKit/537.36 (KHTML, like Gecko) Chrome/116.0.0.0 Safari/537.36"
149.19.169.148 - - [18/Sep/2023:17:03:15 -0400] "GET /providence/themes/default/css/base.css HTTP/2.0" 200 28666 "https://archive.meredithmonk.org/providence/" "Mozilla/5.0 (Macintosh; Intel Mac OS X 10_15_7) AppleWebKit/537.36 (KHTML, like Gecko) Chrome/116.0.0.0 Safari/537.36"
149.19.169.148 - - [18/Sep/2023:17:03:15 -0400] "GET /providence/assets/fontawesome/css/font-awesome.min.css HTTP/2.0" 200 6594 "https://archive.meredithmonk.org/providence/" "Mozilla/5.0 (Macintosh; Intel Mac OS X 10_15_7) AppleWebKit/537.36 (KHTML, like Gecko) Chrome/116.0.0.0 Safari/537.36"
149.19.169.148 - - [18/Sep/2023:17:03:15 -0400] "GET /providence/assets/videojs/video-js.css HTTP/2.0" 200 5255 "https://archive.meredithmonk.org/providence/" "Mozilla/5.0 (Macintosh; Intel Mac OS X 10_15_7) AppleWebKit/537.36 (KHTML, like Gecko) Chrome/116.0.0.0 Safari/537.36"
149.19.169.148 - - [18/Sep/2023:17:03:15 -0400] "GET /providence/assets/jquery/circular-slider/circular-slider.css HTTP/2.0" 200 1098 "https://archive.meredithmonk.org/providence/" "Mozilla/5.0 (Macintosh; Intel Mac OS X 10_15_7) AppleWebKit/537.36 (KHTML, like Gecko) Chrome/116.0.0.0 Safari/537.36"
149.19.169.148 - - [18/Sep/2023:17:03:15 -0400] "GET /providence/assets/jquery/jquery-tileviewer/jquery.tileviewer.css HTTP/2.0" 200 2186 "https://archive.meredithmonk.org/providence/" "Mozilla/5.0 (Macintosh; Intel Mac OS X 10_15_7) AppleWebKit/537.36 (KHTML, like Gecko) Chrome/116.0.0.0 Safari/537.36"
149.19.169.148 - - [18/Sep/2023:17:03:15 -0400] "GET /providence/assets/jquery/jquery-ui/smoothness/jquery-ui-1.9.2.custom.css HTTP/2.0" 200 5801 "https://archive.meredithmonk.org/providence/" "Mozilla/5.0 (Macintosh; Intel Mac OS X 10_15_7) AppleWebKit/537.36 (KHTML, like Gecko) Chrome/116.0.0.0 Safari/537.36"
149.19.169.148 - - [18/Sep/2023:17:03:15 -0400] "GET /providence/assets/leaflet/leaflet.css HTTP/2.0" 200 3268 "https://archive.meredithmonk.org/providence/" "Mozilla/5.0 (Macintosh; Intel Mac OS X 10_15_7) AppleWebKit/537.36 (KHTML, like Gecko) Chrome/116.0.0.0 Safari/537.36"
149.19.169.148 - - [18/Sep/2023:17:03:15 -0400] "GET /providence/assets/mediaelement/mediaelementplayer.min.css HTTP/2.0" 200 2714 "https://archive.meredithmonk.org/providence/" "Mozilla/5.0 (Macintosh; Intel Mac OS X 10_15_7) AppleWebKit/537.36 (KHTML, like Gecko) Chrome/116.0.0.0 Safari/537.36"
149.19.169.148 - - [18/Sep/2023:17:03:15 -0400] "GET /providence/assets/leaflet/draw/leaflet.draw.css HTTP/2.0" 200 1230 "https://archive.meredithmonk.org/providence/" "Mozilla/5.0 (Macintosh; Intel Mac OS X 10_15_7) AppleWebKit/537.36 (KHTML, like Gecko) Chrome/116.0.0.0 Safari/537.36"
149.19.169.148 - - [18/Sep/2023:17:03:15 -0400] "GET /providence/assets/handsontable/dist/handsontable.full.css HTTP/2.0" 200 6956 "https://archive.meredithmonk.org/providence/" "Mozilla/5.0 (Macintosh; Intel Mac OS X 10_15_7) AppleWebKit/537.36 (KHTML, like Gecko) Chrome/116.0.0.0 Safari/537.36"
149.19.169.148 - - [18/Sep/2023:17:03:15 -0400] "GET /providence/assets/timelinejs/css/timeline.css HTTP/2.0" 200 9406 "https://archive.meredithmonk.org/providence/" "Mozilla/5.0 (Macintosh; Intel Mac OS X 10_15_7) AppleWebKit/537.36 (KHTML, like Gecko) Chrome/116.0.0.0 Safari/537.36"
149.19.169.148 - - [18/Sep/2023:17:03:15 -0400] "GET /providence/assets/mirador/css/mirador-combined.css HTTP/2.0" 200 30617 "https://archive.meredithmonk.org/providence/" "Mozilla/5.0 (Macintosh; Intel Mac OS X 10_15_7) AppleWebKit/537.36 (KHTML, like Gecko) Chrome/116.0.0.0 Safari/537.36"
149.19.169.148 - - [18/Sep/2023:17:03:15 -0400] "GET /providence/assets/jquery/jquery-migrate-1.4.1.js HTTP/2.0" 200 7801 "https://archive.meredithmonk.org/providence/" "Mozilla/5.0 (Macintosh; Intel Mac OS X 10_15_7) AppleWebKit/537.36 (KHTML, like Gecko) Chrome/116.0.0.0 Safari/537.36"
149.19.169.148 - - [18/Sep/2023:17:03:15 -0400] "GET /providence/assets/jquery/jquery.js HTTP/2.0" 200 32771 "https://archive.meredithmonk.org/providence/" "Mozilla/5.0 (Macintosh; Intel Mac OS X 10_15_7) AppleWebKit/537.36 (KHTML, like Gecko) Chrome/116.0.0.0 Safari/537.36"
149.19.169.148 - - [18/Sep/2023:17:03:15 -0400] "GET /providence/assets/jquery/superfish.js HTTP/2.0" 200 1918 "https://archive.meredithmonk.org/providence/" "Mozilla/5.0 (Macintosh; Intel Mac OS X 10_15_7) AppleWebKit/537.36 (KHTML, like Gecko) Chrome/116.0.0.0 Safari/537.36"
149.19.169.148 - - [18/Sep/2023:17:03:15 -0400] "GET /providence/assets/jquery/hoverIntent.js HTTP/2.0" 200 1225 "https://archive.meredithmonk.org/providence/" "Mozilla/5.0 (Macintosh; Intel Mac OS X 10_15_7) AppleWebKit/537.36 (KHTML, like Gecko) Chrome/116.0.0.0 Safari/537.36"
149.19.169.148 - - [18/Sep/2023:17:03:16 -0400] "GET /providence/assets/jquery/jquery.cookie.js HTTP/2.0" 200 2161 "https://archive.meredithmonk.org/providence/" "Mozilla/5.0 (Macintosh; Intel Mac OS X 10_15_7) AppleWebKit/537.36 (KHTML, like Gecko) Chrome/116.0.0.0 Safari/537.36"
149.19.169.148 - - [18/Sep/2023:17:03:16 -0400] "GET /providence/assets/jquery/jquery.cookiejar.pack.js HTTP/2.0" 200 1178 "https://archive.meredithmonk.org/providence/" "Mozilla/5.0 (Macintosh; Intel Mac OS X 10_15_7) AppleWebKit/537.36 (KHTML, like Gecko) Chrome/116.0.0.0 Safari/537.36"
149.19.169.148 - - [18/Sep/2023:17:03:16 -0400] "GET /providence/assets/ca/ca.utils.js HTTP/2.0" 200 3777 "https://archive.meredithmonk.org/providence/" "Mozilla/5.0 (Macintosh; Intel Mac OS X 10_15_7) AppleWebKit/537.36 (KHTML, like Gecko) Chrome/116.0.0.0 Safari/537.36"
149.19.169.148 - - [18/Sep/2023:17:03:16 -0400] "GET /providence/assets/jquery/jquery.jgrowl.min.js HTTP/2.0" 200 1572 "https://archive.meredithmonk.org/providence/" "Mozilla/5.0 (Macintosh; Intel Mac OS X 10_15_7) AppleWebKit/537.36 (KHTML, like Gecko) Chrome/116.0.0.0 Safari/537.36"
149.19.169.148 - - [18/Sep/2023:17:03:16 -0400] "GET /providence/assets/videojs/video.js HTTP/2.0" 200 39157 "https://archive.meredithmonk.org/providence/" "Mozilla/5.0 (Macintosh; Intel Mac OS X 10_15_7) AppleWebKit/537.36 (KHTML, like Gecko) Chrome/116.0.0.0 Safari/537.36"
149.19.169.148 - - [18/Sep/2023:17:03:16 -0400] "GET /providence/assets/jquery/jquery-ui/jquery-ui-1.9.2.custom.min.js HTTP/2.0" 200 63056 "https://archive.meredithmonk.org/providence/" "Mozilla/5.0 (Macintosh; Intel Mac OS X 10_15_7) AppleWebKit/537.36 (KHTML, like Gecko) Chrome/116.0.0.0 Safari/537.36"
149.19.169.148 - - [18/Sep/2023:17:03:16 -0400] "GET /providence/assets/jquery/jquery.mousewheel.js HTTP/2.0" 200 951 "https://archive.meredithmonk.org/providence/" "Mozilla/5.0 (Macintosh; Intel Mac OS X 10_15_7) AppleWebKit/537.36 (KHTML, like Gecko) Chrome/116.0.0.0 Safari/537.36"
149.19.169.148 - - [18/Sep/2023:17:03:16 -0400] "GET /providence/assets/jquery/circular-slider/circular-slider.js HTTP/2.0" 200 4420 "https://archive.meredithmonk.org/providence/" "Mozilla/5.0 (Macintosh; Intel Mac OS X 10_15_7) AppleWebKit/537.36 (KHTML, like Gecko) Chrome/116.0.0.0 Safari/537.36"
149.19.169.148 - - [18/Sep/2023:17:03:16 -0400] "GET /providence/assets/jquery/jquery.searchlight.js HTTP/2.0" 200 2080 "https://archive.meredithmonk.org/providence/" "Mozilla/5.0 (Macintosh; Intel Mac OS X 10_15_7) AppleWebKit/537.36 (KHTML, like Gecko) Chrome/116.0.0.0 Safari/537.36"
149.19.169.148 - - [18/Sep/2023:17:03:16 -0400] "GET /providence/assets/jquery/jquery-tileviewer/jquery.tileviewer.js HTTP/2.0" 200 30410 "https://archive.meredithmonk.org/providence/" "Mozilla/5.0 (Macintosh; Intel Mac OS X 10_15_7) AppleWebKit/537.36 (KHTML, like Gecko) Chrome/116.0.0.0 Safari/537.36"
149.19.169.148 - - [18/Sep/2023:17:03:16 -0400] "GET /providence/assets/mediaelement/mediaelement-and-player.min.js HTTP/2.0" 200 16438 "https://archive.meredithmonk.org/providence/" "Mozilla/5.0 (Macintosh; Intel Mac OS X 10_15_7) AppleWebKit/537.36 (KHTML, like Gecko) Chrome/116.0.0.0 Safari/537.36"
149.19.169.148 - - [18/Sep/2023:17:03:16 -0400] "GET /providence/assets/misc/hammer.js HTTP/2.0" 200 6410 "https://archive.meredithmonk.org/providence/" "Mozilla/5.0 (Macintosh; Intel Mac OS X 10_15_7) AppleWebKit/537.36 (KHTML, like Gecko) Chrome/116.0.0.0 Safari/537.36"
149.19.169.148 - - [18/Sep/2023:17:03:16 -0400] "GET /providence/assets/jquery/jquery.jcarousel.js HTTP/2.0" 200 7399 "https://archive.meredithmonk.org/providence/" "Mozilla/5.0 (Macintosh; Intel Mac OS X 10_15_7) AppleWebKit/537.36 (KHTML, like Gecko) Chrome/116.0.0.0 Safari/537.36"
149.19.169.148 - - [18/Sep/2023:17:03:16 -0400] "GET /providence/assets/jquery/jquery.hotkeys.js HTTP/2.0" 200 1714 "https://archive.meredithmonk.org/providence/" "Mozilla/5.0 (Macintosh; Intel Mac OS X 10_15_7) AppleWebKit/537.36 (KHTML, like Gecko) Chrome/116.0.0.0 Safari/537.36"
149.19.169.148 - - [18/Sep/2023:17:03:16 -0400] "GET /providence/assets/jquery/jquery.blockUI.js HTTP/2.0" 200 6573 "https://archive.meredithmonk.org/providence/" "Mozilla/5.0 (Macintosh; Intel Mac OS X 10_15_7) AppleWebKit/537.36 (KHTML, like Gecko) Chrome/116.0.0.0 Safari/537.36"
149.19.169.148 - - [18/Sep/2023:17:03:16 -0400] "GET /providence/assets/ck/ckeditor.js HTTP/2.0" 200 206707 "https://archive.meredithmonk.org/providence/" "Mozilla/5.0 (Macintosh; Intel Mac OS X 10_15_7) AppleWebKit/537.36 (KHTML, like Gecko) Chrome/116.0.0.0 Safari/537.36"
149.19.169.148 - - [18/Sep/2023:17:03:16 -0400] "GET /providence/assets/ca/ca.displaytemplateparser.js HTTP/2.0" 200 5816 "https://archive.meredithmonk.org/providence/" "Mozilla/5.0 (Macintosh; Intel Mac OS X 10_15_7) AppleWebKit/537.36 (KHTML, like Gecko) Chrome/116.0.0.0 Safari/537.36"
149.19.169.148 - - [18/Sep/2023:17:03:16 -0400] "GET /providence/assets/jquery/threesixty.min.js HTTP/2.0" 200 2656 "https://archive.meredithmonk.org/providence/" "Mozilla/5.0 (Macintosh; Intel Mac OS X 10_15_7) AppleWebKit/537.36 (KHTML, like Gecko) Chrome/116.0.0.0 Safari/537.36"
149.19.169.148 - - [18/Sep/2023:17:03:16 -0400] "GET /providence/assets/misc/quantities.js HTTP/2.0" 200 14441 "https://archive.meredithmonk.org/providence/" "Mozilla/5.0 (Macintosh; Intel Mac OS X 10_15_7) AppleWebKit/537.36 (KHTML, like Gecko) Chrome/116.0.0.0 Safari/537.36"
149.19.169.148 - - [18/Sep/2023:17:03:16 -0400] "GET /providence/assets/jquery/jquery.prettydate.js HTTP/2.0" 200 1126 "https://archive.meredithmonk.org/providence/" "Mozilla/5.0 (Macintosh; Intel Mac OS X 10_15_7) AppleWebKit/537.36 (KHTML, like Gecko) Chrome/116.0.0.0 Safari/537.36"
149.19.169.148 - - [18/Sep/2023:17:03:16 -0400] "GET /providence/assets/ca/ca.dashboard.js HTTP/2.0" 200 2016 "https://archive.meredithmonk.org/providence/" "Mozilla/5.0 (Macintosh; Intel Mac OS X 10_15_7) AppleWebKit/537.36 (KHTML, like Gecko) Chrome/116.0.0.0 Safari/537.36"
149.19.169.148 - - [18/Sep/2023:17:03:16 -0400] "GET /providence/assets/ca/ca.widgetpanel.js HTTP/2.0" 200 1150 "https://archive.meredithmonk.org/providence/" "Mozilla/5.0 (Macintosh; Intel Mac OS X 10_15_7) AppleWebKit/537.36 (KHTML, like Gecko) Chrome/116.0.0.0 Safari/537.36"
149.19.169.148 - - [18/Sep/2023:17:03:16 -0400] "GET /providence/assets/jquery/jquery.tools.js HTTP/2.0" 200 5983 "https://archive.meredithmonk.org/providence/" "Mozilla/5.0 (Macintosh; Intel Mac OS X 10_15_7) AppleWebKit/537.36 (KHTML, like Gecko) Chrome/116.0.0.0 Safari/537.36"
149.19.169.148 - - [18/Sep/2023:17:03:16 -0400] "GET /providence/assets/leaflet/geocoder/geocoder.js HTTP/2.0" 200 2190 "https://archive.meredithmonk.org/providence/" "Mozilla/5.0 (Macintosh; Intel Mac OS X 10_15_7) AppleWebKit/537.36 (KHTML, like Gecko) Chrome/116.0.0.0 Safari/537.36"
149.19.169.148 - - [18/Sep/2023:17:03:16 -0400] "GET /providence/assets/leaflet/leaflet-src.js HTTP/2.0" 200 103697 "https://archive.meredithmonk.org/providence/" "Mozilla/5.0 (Macintosh; Intel Mac OS X 10_15_7) AppleWebKit/537.36 (KHTML, like Gecko) Chrome/116.0.0.0 Safari/537.36"
149.19.169.148 - - [18/Sep/2023:17:03:16 -0400] "GET /providence/assets/leaflet/draw/leaflet.draw-custom.js HTTP/2.0" 200 14387 "https://archive.meredithmonk.org/providence/" "Mozilla/5.0 (Macintosh; Intel Mac OS X 10_15_7) AppleWebKit/537.36 (KHTML, like Gecko) Chrome/116.0.0.0 Safari/537.36"
149.19.169.148 - - [18/Sep/2023:17:03:16 -0400] "GET /providence/assets/ca/ca.bundlelisteditor.js HTTP/2.0" 200 2183 "https://archive.meredithmonk.org/providence/" "Mozilla/5.0 (Macintosh; Intel Mac OS X 10_15_7) AppleWebKit/537.36 (KHTML, like Gecko) Chrome/116.0.0.0 Safari/537.36"
149.19.169.148 - - [18/Sep/2023:17:03:17 -0400] "GET /providence/assets/ca/ca.bundlevisibility.js HTTP/2.0" 200 1601 "https://archive.meredithmonk.org/providence/" "Mozilla/5.0 (Macintosh; Intel Mac OS X 10_15_7) AppleWebKit/537.36 (KHTML, like Gecko) Chrome/116.0.0.0 Safari/537.36"
149.19.169.148 - - [18/Sep/2023:17:03:17 -0400] "GET /providence/assets/ca/ca.bundleupdate.js HTTP/2.0" 200 1063 "https://archive.meredithmonk.org/providence/" "Mozilla/5.0 (Macintosh; Intel Mac OS X 10_15_7) AppleWebKit/537.36 (KHTML, like Gecko) Chrome/116.0.0.0 Safari/537.36"
149.19.169.148 - - [18/Sep/2023:17:03:17 -0400] "GET /providence/assets/ca/ca.quickaddform.js HTTP/2.0" 200 2498 "https://archive.meredithmonk.org/providence/" "Mozilla/5.0 (Macintosh; Intel Mac OS X 10_15_7) AppleWebKit/537.36 (KHTML, like Gecko) Chrome/116.0.0.0 Safari/537.36"
149.19.169.148 - - [18/Sep/2023:17:03:17 -0400] "GET /providence/assets/ca/ca.floorplan.js HTTP/2.0" 200 936 "https://archive.meredithmonk.org/providence/" "Mozilla/5.0 (Macintosh; Intel Mac OS X 10_15_7) AppleWebKit/537.36 (KHTML, like Gecko) Chrome/116.0.0.0 Safari/537.36"
149.19.169.148 - - [18/Sep/2023:17:03:17 -0400] "GET /providence/assets/jquery/jQueryRotateCompressed.2.2.js HTTP/2.0" 200 2131 "https://archive.meredithmonk.org/providence/" "Mozilla/5.0 (Macintosh; Intel Mac OS X 10_15_7) AppleWebKit/537.36 (KHTML, like Gecko) Chrome/116.0.0.0 Safari/537.36"
149.19.169.148 - - [18/Sep/2023:17:03:17 -0400] "GET /providence/assets/ca/ca.genericpanel.js HTTP/2.0" 200 1962 "https://archive.meredithmonk.org/providence/" "Mozilla/5.0 (Macintosh; Intel Mac OS X 10_15_7) AppleWebKit/537.36 (KHTML, like Gecko) Chrome/116.0.0.0 Safari/537.36"
149.19.169.148 - - [18/Sep/2023:17:03:17 -0400] "GET /providence/assets/jquery/jquery.timers-1.2.js HTTP/2.0" 200 1140 "https://archive.meredithmonk.org/providence/" "Mozilla/5.0 (Macintosh; Intel Mac OS X 10_15_7) AppleWebKit/537.36 (KHTML, like Gecko) Chrome/116.0.0.0 Safari/537.36"
149.19.169.148 - - [18/Sep/2023:17:03:17 -0400] "GET /providence/assets/google/markerclusterer.js HTTP/2.0" 200 11976 "https://archive.meredithmonk.org/providence/" "Mozilla/5.0 (Macintosh; Intel Mac OS X 10_15_7) AppleWebKit/537.36 (KHTML, like Gecko) Chrome/116.0.0.0 Safari/537.36"
149.19.169.148 - - [18/Sep/2023:17:03:17 -0400] "GET /providence/assets/google/geolocationmarker.js HTTP/2.0" 200 2306 "https://archive.meredithmonk.org/providence/" "Mozilla/5.0 (Macintosh; Intel Mac OS X 10_15_7) AppleWebKit/537.36 (KHTML, like Gecko) Chrome/116.0.0.0 Safari/537.36"
149.19.169.148 - - [18/Sep/2023:17:03:17 -0400] "GET /providence/assets/mrdoob/STLLoader.js HTTP/2.0" 200 3322 "https://archive.meredithmonk.org/providence/" "Mozilla/5.0 (Macintosh; Intel Mac OS X 10_15_7) AppleWebKit/537.36 (KHTML, like Gecko) Chrome/116.0.0.0 Safari/537.36"
149.19.169.148 - - [18/Sep/2023:17:03:17 -0400] "GET /providence/assets/mrdoob/OBJLoader.js HTTP/2.0" 200 1868 "https://archive.meredithmonk.org/providence/" "Mozilla/5.0 (Macintosh; Intel Mac OS X 10_15_7) AppleWebKit/537.36 (KHTML, like Gecko) Chrome/116.0.0.0 Safari/537.36"
149.19.169.148 - - [18/Sep/2023:17:03:17 -0400] "GET /providence/assets/mrdoob/PLYLoader.js HTTP/2.0" 200 2865 "https://archive.meredithmonk.org/providence/" "Mozilla/5.0 (Macintosh; Intel Mac OS X 10_15_7) AppleWebKit/537.36 (KHTML, like Gecko) Chrome/116.0.0.0 Safari/537.36"
149.19.169.148 - - [18/Sep/2023:17:03:17 -0400] "GET /providence/assets/mrdoob/three.min.js HTTP/2.0" 200 100336 "https://archive.meredithmonk.org/providence/" "Mozilla/5.0 (Macintosh; Intel Mac OS X 10_15_7) AppleWebKit/537.36 (KHTML, like Gecko) Chrome/116.0.0.0 Safari/537.36"
149.19.169.148 - - [18/Sep/2023:17:03:17 -0400] "GET /providence/assets/mrdoob/ctm/lzma.js HTTP/2.0" 200 2793 "https://archive.meredithmonk.org/providence/" "Mozilla/5.0 (Macintosh; Intel Mac OS X 10_15_7) AppleWebKit/537.36 (KHTML, like Gecko) Chrome/116.0.0.0 Safari/537.36"
149.19.169.148 - - [18/Sep/2023:17:03:17 -0400] "GET /providence/assets/mrdoob/ctm/ctm.js HTTP/2.0" 200 4083 "https://archive.meredithmonk.org/providence/" "Mozilla/5.0 (Macintosh; Intel Mac OS X 10_15_7) AppleWebKit/537.36 (KHTML, like Gecko) Chrome/116.0.0.0 Safari/537.36"
149.19.169.148 - - [18/Sep/2023:17:03:17 -0400] "GET /providence/assets/mrdoob/ctm/CTMLoader.js HTTP/2.0" 200 1725 "https://archive.meredithmonk.org/providence/" "Mozilla/5.0 (Macintosh; Intel Mac OS X 10_15_7) AppleWebKit/537.36 (KHTML, like Gecko) Chrome/116.0.0.0 Safari/537.36"
149.19.169.148 - - [18/Sep/2023:17:03:17 -0400] "GET /providence/assets/mrdoob/TrackballControls.js HTTP/2.0" 200 2480 "https://archive.meredithmonk.org/providence/" "Mozilla/5.0 (Macintosh; Intel Mac OS X 10_15_7) AppleWebKit/537.36 (KHTML, like Gecko) Chrome/116.0.0.0 Safari/537.36"
149.19.169.148 - - [18/Sep/2023:17:03:17 -0400] "GET /providence/assets/timelinejs/js/timeline-min.js HTTP/2.0" 200 49658 "https://archive.meredithmonk.org/providence/" "Mozilla/5.0 (Macintosh; Intel Mac OS X 10_15_7) AppleWebKit/537.36 (KHTML, like Gecko) Chrome/116.0.0.0 Safari/537.36"
149.19.169.148 - - [18/Sep/2023:17:03:17 -0400] "GET /providence/assets/timelinejs/js/timeline-embed.js HTTP/2.0" 200 7239 "https://archive.meredithmonk.org/providence/" "Mozilla/5.0 (Macintosh; Intel Mac OS X 10_15_7) AppleWebKit/537.36 (KHTML, like Gecko) Chrome/116.0.0.0 Safari/537.36"
149.19.169.148 - - [18/Sep/2023:17:03:17 -0400] "GET /providence/assets/ca/ca.tableview.js HTTP/2.0" 200 3771 "https://archive.meredithmonk.org/providence/" "Mozilla/5.0 (Macintosh; Intel Mac OS X 10_15_7) AppleWebKit/537.36 (KHTML, like Gecko) Chrome/116.0.0.0 Safari/537.36"
149.19.169.148 - - [18/Sep/2023:17:03:17 -0400] "GET /providence/assets/jquery/jquery.template.js HTTP/2.0" 200 1164 "https://archive.meredithmonk.org/providence/" "Mozilla/5.0 (Macintosh; Intel Mac OS X 10_15_7) AppleWebKit/537.36 (KHTML, like Gecko) Chrome/116.0.0.0 Safari/537.36"
149.19.169.148 - - [18/Sep/2023:17:03:17 -0400] "GET /providence/assets/ca/ca.genericbundle.js HTTP/2.0" 200 5436 "https://archive.meredithmonk.org/providence/" "Mozilla/5.0 (Macintosh; Intel Mac OS X 10_15_7) AppleWebKit/537.36 (KHTML, like Gecko) Chrome/116.0.0.0 Safari/537.36"
149.19.169.148 - - [18/Sep/2023:17:03:17 -0400] "GET /providence/assets/ca/ca.labelbundle.js HTTP/2.0" 200 2938 "https://archive.meredithmonk.org/providence/" "Mozilla/5.0 (Macintosh; Intel Mac OS X 10_15_7) AppleWebKit/537.36 (KHTML, like Gecko) Chrome/116.0.0.0 Safari/537.36"
149.19.169.148 - - [18/Sep/2023:17:03:17 -0400] "GET /providence/assets/handsontable/dist/handsontable.full.js HTTP/2.0" 200 183835 "https://archive.meredithmonk.org/providence/" "Mozilla/5.0 (Macintosh; Intel Mac OS X 10_15_7) AppleWebKit/537.36 (KHTML, like Gecko) Chrome/116.0.0.0 Safari/537.36"
149.19.169.148 - - [18/Sep/2023:17:03:17 -0400] "GET /providence/assets/ca/ca.relationbundle.js HTTP/2.0" 200 3773 "https://archive.meredithmonk.org/providence/" "Mozilla/5.0 (Macintosh; Intel Mac OS X 10_15_7) AppleWebKit/537.36 (KHTML, like Gecko) Chrome/116.0.0.0 Safari/537.36"
149.19.169.148 - - [18/Sep/2023:17:03:17 -0400] "GET /providence/assets/ca/ca.checklistbundle.js HTTP/2.0" 200 2243 "https://archive.meredithmonk.org/providence/" "Mozilla/5.0 (Macintosh; Intel Mac OS X 10_15_7) AppleWebKit/537.36 (KHTML, like Gecko) Chrome/116.0.0.0 Safari/537.36"
149.19.169.148 - - [18/Sep/2023:17:03:17 -0400] "GET /providence/assets/ca/ca.idnochecker.js HTTP/2.0" 200 1189 "https://archive.meredithmonk.org/providence/" "Mozilla/5.0 (Macintosh; Intel Mac OS X 10_15_7) AppleWebKit/537.36 (KHTML, like Gecko) Chrome/116.0.0.0 Safari/537.36"
149.19.169.148 - - [18/Sep/2023:17:03:17 -0400] "GET /providence/assets/ca/ca.rolelisteditor.js HTTP/2.0" 200 1389 "https://archive.meredithmonk.org/providence/" "Mozilla/5.0 (Macintosh; Intel Mac OS X 10_15_7) AppleWebKit/537.36 (KHTML, like Gecko) Chrome/116.0.0.0 Safari/537.36"
149.19.169.148 - - [18/Sep/2023:17:03:18 -0400] "GET /providence/assets/ca/ca.uniquenesschecker.js HTTP/2.0" 200 1096 "https://archive.meredithmonk.org/providence/" "Mozilla/5.0 (Macintosh; Intel Mac OS X 10_15_7) AppleWebKit/537.36 (KHTML, like Gecko) Chrome/116.0.0.0 Safari/537.36"
149.19.169.148 - - [18/Sep/2023:17:03:18 -0400] "GET /providence/assets/jquery/jquery.scrollto.min.js HTTP/2.0" 200 3089 "https://archive.meredithmonk.org/providence/" "Mozilla/5.0 (Macintosh; Intel Mac OS X 10_15_7) AppleWebKit/537.36 (KHTML, like Gecko) Chrome/116.0.0.0 Safari/537.36"
149.19.169.148 - - [18/Sep/2023:17:03:18 -0400] "GET /providence/assets/ca/ca.hierbrowser.js HTTP/2.0" 200 9177 "https://archive.meredithmonk.org/providence/" "Mozilla/5.0 (Macintosh; Intel Mac OS X 10_15_7) AppleWebKit/537.36 (KHTML, like Gecko) Chrome/116.0.0.0 Safari/537.36"
149.19.169.148 - - [18/Sep/2023:17:03:18 -0400] "GET /providence/assets/jquery/moment.min.js HTTP/2.0" 200 12693 "https://archive.meredithmonk.org/providence/" "Mozilla/5.0 (Macintosh; Intel Mac OS X 10_15_7) AppleWebKit/537.36 (KHTML, like Gecko) Chrome/116.0.0.0 Safari/537.36"
149.19.169.148 - - [18/Sep/2023:17:03:18 -0400] "GET /providence/assets/ca/ca.imagescroller.js HTTP/2.0" 200 1845 "https://archive.meredithmonk.org/providence/" "Mozilla/5.0 (Macintosh; Intel Mac OS X 10_15_7) AppleWebKit/537.36 (KHTML, like Gecko) Chrome/116.0.0.0 Safari/537.36"
149.19.169.148 - - [18/Sep/2023:17:03:18 -0400] "GET /providence/app/widgets/clock/epiclock/javascript/jquery.dateformat.js HTTP/2.0" 200 3850 "https://archive.meredithmonk.org/providence/" "Mozilla/5.0 (Macintosh; Intel Mac OS X 10_15_7) AppleWebKit/537.36 (KHTML, like Gecko) Chrome/116.0.0.0 Safari/537.36"
149.19.169.148 - - [18/Sep/2023:17:03:18 -0400] "GET /providence/app/widgets/clock/epiclock/renderers/retro/epiclock.retro.js HTTP/2.0" 200 1209 "https://archive.meredithmonk.org/providence/" "Mozilla/5.0 (Macintosh; Intel Mac OS X 10_15_7) AppleWebKit/537.36 (KHTML, like Gecko) Chrome/116.0.0.0 Safari/537.36"
149.19.169.148 - - [18/Sep/2023:17:03:18 -0400] "GET /providence/app/widgets/clock/epiclock/javascript/jquery.epiclock.js HTTP/2.0" 200 6835 "https://archive.meredithmonk.org/providence/" "Mozilla/5.0 (Macintosh; Intel Mac OS X 10_15_7) AppleWebKit/537.36 (KHTML, like Gecko) Chrome/116.0.0.0 Safari/537.36"
149.19.169.148 - - [18/Sep/2023:17:03:18 -0400] "GET /providence/app/widgets/clock/epiclock/renderers/retro-countdown/epiclock.retro-countdown.js HTTP/2.0" 200 1225 "https://archive.meredithmonk.org/providence/" "Mozilla/5.0 (Macintosh; Intel Mac OS X 10_15_7) AppleWebKit/537.36 (KHTML, like Gecko) Chrome/116.0.0.0 Safari/537.36"
149.19.169.148 - - [18/Sep/2023:17:03:18 -0400] "GET /providence/themes/default/graphics/logos/menu_logo.png HTTP/2.0" 200 5044 "https://archive.meredithmonk.org/providence/" "Mozilla/5.0 (Macintosh; Intel Mac OS X 10_15_7) AppleWebKit/537.36 (KHTML, like Gecko) Chrome/116.0.0.0 Safari/537.36"
149.19.169.148 - - [18/Sep/2023:17:03:18 -0400] "GET /providence/themes/default/graphics/arrows/arrowList.gif HTTP/2.0" 404 286 "https://archive.meredithmonk.org/providence/themes/default/css/base.css" "Mozilla/5.0 (Macintosh; Intel Mac OS X 10_15_7) AppleWebKit/537.36 (KHTML, like Gecko) Chrome/116.0.0.0 Safari/537.36"
149.19.169.148 - - [18/Sep/2023:17:03:18 -0400] "GET /providence/themes/default/graphics/icons/downArrowSmall.png HTTP/2.0" 200 965 "https://archive.meredithmonk.org/providence/themes/default/css/base.css" "Mozilla/5.0 (Macintosh; Intel Mac OS X 10_15_7) AppleWebKit/537.36 (KHTML, like Gecko) Chrome/116.0.0.0 Safari/537.36"
149.19.169.148 - - [18/Sep/2023:17:03:18 -0400] "GET /providence/themes/default/css/fonts/28EC2C_0_0.woff HTTP/2.0" 200 33596 "https://archive.meredithmonk.org/providence/themes/default/css/base.css" "Mozilla/5.0 (Macintosh; Intel Mac OS X 10_15_7) AppleWebKit/537.36 (KHTML, like Gecko) Chrome/116.0.0.0 Safari/537.36"
149.19.169.148 - - [18/Sep/2023:17:03:18 -0400] "GET /providence/themes/default/graphics/icons/arrows_white.png HTTP/2.0" 200 2907 "https://archive.meredithmonk.org/providence/themes/default/css/base.css" "Mozilla/5.0 (Macintosh; Intel Mac OS X 10_15_7) AppleWebKit/537.36 (KHTML, like Gecko) Chrome/116.0.0.0 Safari/537.36"
149.19.169.148 - - [18/Sep/2023:17:03:18 -0400] "GET /providence/assets/mirador/fonts/fontawesome-webfont.woff?v=4.1.0 HTTP/2.0" 200 83760 "https://archive.meredithmonk.org/providence/assets/mirador/css/mirador-combined.css" "Mozilla/5.0 (Macintosh; Intel Mac OS X 10_15_7) AppleWebKit/537.36 (KHTML, like Gecko) Chrome/116.0.0.0 Safari/537.36"
149.19.169.148 - - [18/Sep/2023:17:03:23 -0400] "GET /providence/themes/default/graphics/backgrounds/shadow.png HTTP/2.0" 200 1698 "https://archive.meredithmonk.org/providence/themes/default/css/base.css" "Mozilla/5.0 (Macintosh; Intel Mac OS X 10_15_7) AppleWebKit/537.36 (KHTML, like Gecko) Chrome/116.0.0.0 Safari/537.36"
198.199.110.8 - - [18/Sep/2023:17:03:24 -0400] "MGLNDD_35.239.124.218_80" 400 150 "-" "-"
35.239.124.218 - - [18/Sep/2023:17:03:49 -0400] "GET /providence/index.php?processIndexingQueue=1 HTTP/1.1" 499 0 "-" "-"
149.19.169.148 - - [18/Sep/2023:17:03:49 -0400] "GET /providence/index.php/administrate/setup/Interfaces/ListUIs HTTP/2.0" 200 7407 "https://archive.meredithmonk.org/providence/" "Mozilla/5.0 (Macintosh; Intel Mac OS X 10_15_7) AppleWebKit/537.36 (KHTML, like Gecko) Chrome/116.0.0.0 Safari/537.36"
149.19.169.148 - - [18/Sep/2023:17:03:50 -0400] "GET /providence/assets/jquery/jquery.tablesorter.min.js HTTP/2.0" 200 4859 "https://archive.meredithmonk.org/providence/index.php/administrate/setup/Interfaces/ListUIs" "Mozilla/5.0 (Macintosh; Intel Mac OS X 10_15_7) AppleWebKit/537.36 (KHTML, like Gecko) Chrome/116.0.0.0 Safari/537.36"
149.19.169.148 - - [18/Sep/2023:17:03:50 -0400] "GET /providence/assets/jquery/jquery.tablesorter.pager.js HTTP/2.0" 200 1131 "https://archive.meredithmonk.org/providence/index.php/administrate/setup/Interfaces/ListUIs" "Mozilla/5.0 (Macintosh; Intel Mac OS X 10_15_7) AppleWebKit/537.36 (KHTML, like Gecko) Chrome/116.0.0.0 Safari/537.36"
149.19.169.148 - - [18/Sep/2023:17:03:50 -0400] "GET /providence/assets/jquery/jquery.metadata.js HTTP/2.0" 200 1475 "https://archive.meredithmonk.org/providence/index.php/administrate/setup/Interfaces/ListUIs" "Mozilla/5.0 (Macintosh; Intel Mac OS X 10_15_7) AppleWebKit/537.36 (KHTML, like Gecko) Chrome/116.0.0.0 Safari/537.36"
149.19.169.148 - - [18/Sep/2023:17:03:50 -0400] "GET /providence/assets/jquery/jquery.caui.js HTTP/2.0" 200 1169 "https://archive.meredithmonk.org/providence/index.php/administrate/setup/Interfaces/ListUIs" "Mozilla/5.0 (Macintosh; Intel Mac OS X 10_15_7) AppleWebKit/537.36 (KHTML, like Gecko) Chrome/116.0.0.0 Safari/537.36"
35.239.124.218 - - [18/Sep/2023:17:03:52 -0400] "GET /providence/index.php?processIndexingQueue=1 HTTP/1.1" 499 0 "-" "-"
149.19.169.148 - - [18/Sep/2023:17:03:52 -0400] "GET /providence/index.php/administrate/setup/Elements/Index HTTP/2.0" 200 8514 "https://archive.meredithmonk.org/providence/index.php/administrate/setup/Interfaces/ListUIs" "Mozilla/5.0 (Macintosh; Intel Mac OS X 10_15_7) AppleWebKit/537.36 (KHTML, like Gecko) Chrome/116.0.0.0 Safari/537.36"
35.239.124.218 - - [18/Sep/2023:17:03:55 -0400] "GET /providence/index.php?processIndexingQueue=1 HTTP/1.1" 499 0 "-" "-"
149.19.169.148 - - [18/Sep/2023:17:03:55 -0400] "GET /providence/index.php/administrate/setup/RelationshipTypes/Index HTTP/2.0" 200 7075 "https://archive.meredithmonk.org/providence/index.php/administrate/setup/Elements/Index" "Mozilla/5.0 (Macintosh; Intel Mac OS X 10_15_7) AppleWebKit/537.36 (KHTML, like Gecko) Chrome/116.0.0.0 Safari/537.36"
149.19.169.148 - - [18/Sep/2023:17:03:55 -0400] "GET /providence/assets/ca/ca.browsepanel.js HTTP/2.0" 200 1716 "https://archive.meredithmonk.org/providence/index.php/administrate/setup/RelationshipTypes/Index" "Mozilla/5.0 (Macintosh; Intel Mac OS X 10_15_7) AppleWebKit/537.36 (KHTML, like Gecko) Chrome/116.0.0.0 Safari/537.36"
35.239.124.218 - - [18/Sep/2023:17:03:56 -0400] "GET /providence/index.php?processIndexingQueue=1 HTTP/1.1" 499 0 "-" "-"
149.19.169.148 - - [18/Sep/2023:17:03:56 -0400] "GET /providence/index.php/lookup/RelationshipType/GetHierarchyLevel/noInline/1?id=0%3A0&bundle=&init=1&root_item_id=&start=0&max=500 HTTP/2.0" 200 9263 "https://archive.meredithmonk.org/providence/index.php/administrate/setup/RelationshipTypes/Index" "Mozilla/5.0 (Macintosh; Intel Mac OS X 10_15_7) AppleWebKit/537.36 (KHTML, like Gecko) Chrome/116.0.0.0 Safari/537.36"
35.239.124.218 - - [18/Sep/2023:17:04:38 -0400] "GET /providence/index.php?processIndexingQueue=1 HTTP/1.1" 499 0 "-" "-"
149.19.169.148 - - [18/Sep/2023:17:04:38 -0400] "GET /providence/index.php/administrate/setup/Lists/Index HTTP/2.0" 200 8083 "https://archive.meredithmonk.org/providence/index.php/administrate/setup/RelationshipTypes/Index" "Mozilla/5.0 (Macintosh; Intel Mac OS X 10_15_7) AppleWebKit/537.36 (KHTML, like Gecko) Chrome/116.0.0.0 Safari/537.36"
35.239.124.218 - - [18/Sep/2023:17:04:39 -0400] "GET /providence/index.php?processIndexingQueue=1 HTTP/1.1" 499 0 "-" "-"
149.19.169.148 - - [18/Sep/2023:17:04:39 -0400] "GET /providence/index.php/lookup/ListItem/GetHierarchyLevel/noInline/1?id=0%3A0&bundle=&init=1&root_item_id=&start=0&max=500 HTTP/2.0" 200 2075 "https://archive.meredithmonk.org/providence/index.php/administrate/setup/Lists/Index" "Mozilla/5.0 (Macintosh; Intel Mac OS X 10_15_7) AppleWebKit/537.36 (KHTML, like Gecko) Chrome/116.0.0.0 Safari/537.36"
35.239.124.218 - - [18/Sep/2023:17:04:47 -0400] "GET /providence/index.php?processIndexingQueue=1 HTTP/1.1" 499 0 "-" "-"
149.19.169.148 - - [18/Sep/2023:17:04:47 -0400] "GET /providence/index.php/administrate/setup/list_editor/ListEditor/Edit/list_id/33 HTTP/2.0" 200 9589 "https://archive.meredithmonk.org/providence/index.php/administrate/setup/Lists/Index" "Mozilla/5.0 (Macintosh; Intel Mac OS X 10_15_7) AppleWebKit/537.36 (KHTML, like Gecko) Chrome/116.0.0.0 Safari/537.36"
35.239.124.218 - - [18/Sep/2023:17:04:48 -0400] "GET /providence/index.php?processIndexingQueue=1 HTTP/1.1" 499 0 "-" "-"
149.19.169.148 - - [18/Sep/2023:17:04:49 -0400] "GET /providence/index.php/lookup/List/intrinsic?n=collection_types&table_num=36&id=33&field=list_code HTTP/2.0" 200 2 "https://archive.meredithmonk.org/providence/index.php/administrate/setup/list_editor/ListEditor/Edit/list_id/33" "Mozilla/5.0 (Macintosh; Intel Mac OS X 10_15_7) AppleWebKit/537.36 (KHTML, like Gecko) Chrome/116.0.0.0 Safari/537.36"
35.239.124.218 - - [18/Sep/2023:17:04:54 -0400] "GET /providence/index.php?processIndexingQueue=1 HTTP/1.1" 499 0 "-" "-"
149.19.169.148 - - [18/Sep/2023:17:04:54 -0400] "GET /providence/index.php/administrate/setup/list_editor/ListEditor/Summary/list_id/33 HTTP/2.0" 200 6776 "https://archive.meredithmonk.org/providence/index.php/administrate/setup/list_editor/ListEditor/Edit/list_id/33" "Mozilla/5.0 (Macintosh; Intel Mac OS X 10_15_7) AppleWebKit/537.36 (KHTML, like Gecko) Chrome/116.0.0.0 Safari/537.36"
35.239.124.218 - - [18/Sep/2023:17:04:56 -0400] "GET /providence/index.php?processIndexingQueue=1 HTTP/1.1" 499 0 "-" "-"
149.19.169.148 - - [18/Sep/2023:17:04:56 -0400] "GET /providence/index.php/administrate/setup/list_editor/ListEditor/Log/list_id/33 HTTP/2.0" 200 7233 "https://archive.meredithmonk.org/providence/index.php/administrate/setup/list_editor/ListEditor/Summary/list_id/33" "Mozilla/5.0 (Macintosh; Intel Mac OS X 10_15_7) AppleWebKit/537.36 (KHTML, like Gecko) Chrome/116.0.0.0 Safari/537.36"
35.239.124.218 - - [18/Sep/2023:17:04:57 -0400] "GET /providence/index.php?processIndexingQueue=1 HTTP/1.1" 499 0 "-" "-"
149.19.169.148 - - [18/Sep/2023:17:04:57 -0400] "GET /providence/index.php/administrate/setup/list_editor/ListEditor/Edit/Screen8/list_id/33 HTTP/2.0" 200 9520 "https://archive.meredithmonk.org/providence/index.php/administrate/setup/list_editor/ListEditor/Log/list_id/33" "Mozilla/5.0 (Macintosh; Intel Mac OS X 10_15_7) AppleWebKit/537.36 (KHTML, like Gecko) Chrome/116.0.0.0 Safari/537.36"
35.239.124.218 - - [18/Sep/2023:17:04:57 -0400] "GET /providence/index.php?processIndexingQueue=1 HTTP/1.1" 499 0 "-" "-"
149.19.169.148 - - [18/Sep/2023:17:04:57 -0400] "GET /providence/index.php/lookup/List/intrinsic?n=collection_types&table_num=36&id=33&field=list_code HTTP/2.0" 200 2 "https://archive.meredithmonk.org/providence/index.php/administrate/setup/list_editor/ListEditor/Edit/Screen8/list_id/33" "Mozilla/5.0 (Macintosh; Intel Mac OS X 10_15_7) AppleWebKit/537.36 (KHTML, like Gecko) Chrome/116.0.0.0 Safari/537.36"
35.239.124.218 - - [18/Sep/2023:17:05:24 -0400] "GET /providence/index.php?processIndexingQueue=1 HTTP/1.1" 499 0 "-" "-"
149.19.169.148 - - [18/Sep/2023:17:05:24 -0400] "GET /providence/index.php/administrate/setup/Lists/Index HTTP/2.0" 200 8081 "https://archive.meredithmonk.org/providence/index.php/administrate/setup/list_editor/ListEditor/Log/list_id/33" "Mozilla/5.0 (Macintosh; Intel Mac OS X 10_15_7) AppleWebKit/537.36 (KHTML, like Gecko) Chrome/116.0.0.0 Safari/537.36"
35.239.124.218 - - [18/Sep/2023:17:05:25 -0400] "GET /providence/index.php?processIndexingQueue=1 HTTP/1.1" 499 0 "-" "-"
149.19.169.148 - - [18/Sep/2023:17:05:25 -0400] "GET /providence/index.php/lookup/ListItem/GetHierarchyAncestorList/noInline/1?id=120&bundle= HTTP/2.0" 200 5 "https://archive.meredithmonk.org/providence/index.php/administrate/setup/Lists/Index" "Mozilla/5.0 (Macintosh; Intel Mac OS X 10_15_7) AppleWebKit/537.36 (KHTML, like Gecko) Chrome/116.0.0.0 Safari/537.36"
35.239.124.218 - - [18/Sep/2023:17:05:25 -0400] "GET /providence/index.php?processIndexingQueue=1 HTTP/1.1" 499 0 "-" "-"
149.19.169.148 - - [18/Sep/2023:17:05:25 -0400] "GET /providence/index.php/lookup/ListItem/GetHierarchyLevel/noInline/1?id=0%3A0%3B120%3A0&bundle=&init=1&root_item_id=120&start=0&max=500 HTTP/2.0" 200 2544 "https://archive.meredithmonk.org/providence/index.php/administrate/setup/Lists/Index" "Mozilla/5.0 (Macintosh; Intel Mac OS X 10_15_7) AppleWebKit/537.36 (KHTML, like Gecko) Chrome/116.0.0.0 Safari/537.36"
35.239.124.218 - - [18/Sep/2023:17:05:32 -0400] "GET /providence/index.php?processIndexingQueue=1 HTTP/1.1" 499 0 "-" "-"
149.19.169.148 - - [18/Sep/2023:17:05:32 -0400] "GET /providence/index.php/administrate/setup/list_item_editor/ListItemEditor/Edit/item_id/0/type_id/2/parent_id/120 HTTP/2.0" 200 10737 "https://archive.meredithmonk.org/providence/index.php/administrate/setup/Lists/Index" "Mozilla/5.0 (Macintosh; Intel Mac OS X 10_15_7) AppleWebKit/537.36 (KHTML, like Gecko) Chrome/116.0.0.0 Safari/537.36"
149.19.169.148 - - [18/Sep/2023:17:05:32 -0400] "GET /providence/assets/jquery/colorpicker/colorpicker.js HTTP/2.0" 200 3775 "https://archive.meredithmonk.org/providence/index.php/administrate/setup/list_item_editor/ListItemEditor/Edit/item_id/0/type_id/2/parent_id/120" "Mozilla/5.0 (Macintosh; Intel Mac OS X 10_15_7) AppleWebKit/537.36 (KHTML, like Gecko) Chrome/116.0.0.0 Safari/537.36"
35.239.124.218 - - [18/Sep/2023:17:05:32 -0400] "GET /providence/index.php?processIndexingQueue=1 HTTP/1.1" 499 0 "-" "-"
149.19.169.148 - - [18/Sep/2023:17:05:32 -0400] "GET /providence/index.php/lookup/ListItem/IDNo?n=collection_types&id=0&_context_id=33 HTTP/2.0" 200 2 "https://archive.meredithmonk.org/providence/index.php/administrate/setup/list_item_editor/ListItemEditor/Edit/item_id/0/type_id/2/parent_id/120" "Mozilla/5.0 (Macintosh; Intel Mac OS X 10_15_7) AppleWebKit/537.36 (KHTML, like Gecko) Chrome/116.0.0.0 Safari/537.36"
149.19.169.148 - - [18/Sep/2023:17:06:19 -0400] "GET /providence/themes/default/graphics/icons/indicator.gif HTTP/2.0" 200 9641 "https://archive.meredithmonk.org/providence/themes/default/css/base.css" "Mozilla/5.0 (Macintosh; Intel Mac OS X 10_15_7) AppleWebKit/537.36 (KHTML, like Gecko) Chrome/116.0.0.0 Safari/537.36"
35.239.124.218 - - [18/Sep/2023:17:06:19 -0400] "GET /providence/index.php?processIndexingQueue=1 HTTP/1.1" 499 0 "-" "-"
149.19.169.148 - - [18/Sep/2023:17:06:19 -0400] "GET /providence/index.php/lookup/ListItem/intrinsic?term=archive_presentation_data HTTP/2.0" 200 0 "https://archive.meredithmonk.org/providence/index.php/administrate/setup/list_item_editor/ListItemEditor/Edit/item_id/0/type_id/2/parent_id/120" "Mozilla/5.0 (Macintosh; Intel Mac OS X 10_15_7) AppleWebKit/537.36 (KHTML, like Gecko) Chrome/116.0.0.0 Safari/537.36"
35.239.124.218 - - [18/Sep/2023:17:06:27 -0400] "GET /providence/index.php?processIndexingQueue=1 HTTP/1.1" 499 0 "-" "-"
149.19.169.148 - - [18/Sep/2023:17:06:27 -0400] "GET /providence/index.php/lookup/ListItem/IDNo?n=collection_types_&id=0&_context_id=33 HTTP/2.0" 200 2 "https://archive.meredithmonk.org/providence/index.php/administrate/setup/list_item_editor/ListItemEditor/Edit/item_id/0/type_id/2/parent_id/120" "Mozilla/5.0 (Macintosh; Intel Mac OS X 10_15_7) AppleWebKit/537.36 (KHTML, like Gecko) Chrome/116.0.0.0 Safari/537.36"
35.239.124.218 - - [18/Sep/2023:17:06:27 -0400] "GET /providence/index.php?processIndexingQueue=1 HTTP/1.1" 499 0 "-" "-"
149.19.169.148 - - [18/Sep/2023:17:06:27 -0400] "GET /providence/index.php/lookup/ListItem/IDNo?n=collection_types_&id=0&_context_id=33 HTTP/2.0" 200 2 "https://archive.meredithmonk.org/providence/index.php/administrate/setup/list_item_editor/ListItemEditor/Edit/item_id/0/type_id/2/parent_id/120" "Mozilla/5.0 (Macintosh; Intel Mac OS X 10_15_7) AppleWebKit/537.36 (KHTML, like Gecko) Chrome/116.0.0.0 Safari/537.36"
35.239.124.218 - - [18/Sep/2023:17:06:30 -0400] "GET /providence/index.php?processIndexingQueue=1 HTTP/1.1" 499 0 "-" "-"
149.19.169.148 - - [18/Sep/2023:17:06:30 -0400] "GET /providence/index.php/lookup/ListItem/IDNo?n=collection_types&id=0&_context_id=33 HTTP/2.0" 200 2 "https://archive.meredithmonk.org/providence/index.php/administrate/setup/list_item_editor/ListItemEditor/Edit/item_id/0/type_id/2/parent_id/120" "Mozilla/5.0 (Macintosh; Intel Mac OS X 10_15_7) AppleWebKit/537.36 (KHTML, like Gecko) Chrome/116.0.0.0 Safari/537.36"
35.239.124.218 - - [18/Sep/2023:17:06:48 -0400] "GET /providence/index.php?processIndexingQueue=1 HTTP/1.1" 499 0 "-" "-"
149.19.169.148 - - [18/Sep/2023:17:06:48 -0400] "POST /providence/index.php/administrate/setup/list_item_editor/ListItemEditor/Save/Screen10/item_id/0 HTTP/2.0" 200 14874 "https://archive.meredithmonk.org/providence/index.php/administrate/setup/list_item_editor/ListItemEditor/Edit/item_id/0/type_id/2/parent_id/120" "Mozilla/5.0 (Macintosh; Intel Mac OS X 10_15_7) AppleWebKit/537.36 (KHTML, like Gecko) Chrome/116.0.0.0 Safari/537.36"
149.19.169.148 - - [18/Sep/2023:17:06:49 -0400] "GET /providence/themes/default/graphics/icons/info.png HTTP/2.0" 200 710 "https://archive.meredithmonk.org/providence/themes/default/css/base.css" "Mozilla/5.0 (Macintosh; Intel Mac OS X 10_15_7) AppleWebKit/537.36 (KHTML, like Gecko) Chrome/116.0.0.0 Safari/537.36"
35.239.124.218 - - [18/Sep/2023:17:06:49 -0400] "GET /providence/index.php?processIndexingQueue=1 HTTP/1.1" 499 0 "-" "-"
35.239.124.218 - - [18/Sep/2023:17:06:49 -0400] "GET /providence/index.php?processIndexingQueue=1 HTTP/1.1" 499 0 "-" "-"
149.19.169.148 - - [18/Sep/2023:17:06:49 -0400] "GET /providence/index.php/lookup/ListItem/IDNo?n=collection_types&id=357&_context_id=33 HTTP/2.0" 200 7 "https://archive.meredithmonk.org/providence/index.php/administrate/setup/list_item_editor/ListItemEditor/Save/Screen10/item_id/0" "Mozilla/5.0 (Macintosh; Intel Mac OS X 10_15_7) AppleWebKit/537.36 (KHTML, like Gecko) Chrome/116.0.0.0 Safari/537.36"
149.19.169.148 - - [18/Sep/2023:17:06:49 -0400] "GET /providence/index.php/lookup/ListItem/GetHierarchyAncestorList/noInline/1/currentHierarchyOnly/33?id=357&bundle= HTTP/2.0" 200 9 "https://archive.meredithmonk.org/providence/index.php/administrate/setup/list_item_editor/ListItemEditor/Save/Screen10/item_id/0" "Mozilla/5.0 (Macintosh; Intel Mac OS X 10_15_7) AppleWebKit/537.36 (KHTML, like Gecko) Chrome/116.0.0.0 Safari/537.36"
35.239.124.218 - - [18/Sep/2023:17:06:50 -0400] "GET /providence/index.php?processIndexingQueue=1 HTTP/1.1" 499 0 "-" "-"
149.19.169.148 - - [18/Sep/2023:17:06:50 -0400] "GET /providence/index.php/lookup/ListItem/GetHierarchyLevel/noInline/1/currentHierarchyOnly/33?id=0%3A0%3B120%3A0%3B357%3A0&bundle=&init=1&root_item_id=120&start=0&max=500 HTTP/2.0" 200 2635 "https://archive.meredithmonk.org/providence/index.php/administrate/setup/list_item_editor/ListItemEditor/Save/Screen10/item_id/0" "Mozilla/5.0 (Macintosh; Intel Mac OS X 10_15_7) AppleWebKit/537.36 (KHTML, like Gecko) Chrome/116.0.0.0 Safari/537.36"
35.239.124.218 - - [18/Sep/2023:17:06:57 -0400] "GET /providence/index.php?processIndexingQueue=1 HTTP/1.1" 499 0 "-" "-"
149.19.169.148 - - [18/Sep/2023:17:06:57 -0400] "GET /providence/index.php/lookup/ListItem/GetHierarchyAncestorList/noInline/1/currentHierarchyOnly/33?id=357&bundle= HTTP/2.0" 200 9 "https://archive.meredithmonk.org/providence/index.php/administrate/setup/list_item_editor/ListItemEditor/Save/Screen10/item_id/0" "Mozilla/5.0 (Macintosh; Intel Mac OS X 10_15_7) AppleWebKit/537.36 (KHTML, like Gecko) Chrome/116.0.0.0 Safari/537.36"
35.239.124.218 - - [18/Sep/2023:17:06:57 -0400] "GET /providence/index.php?processIndexingQueue=1 HTTP/1.1" 499 0 "-" "-"
149.19.169.148 - - [18/Sep/2023:17:06:57 -0400] "GET /providence/index.php/lookup/ListItem/GetHierarchyLevel/noInline/1/currentHierarchyOnly/33?id=0%3A0%3B120%3A0%3B357%3A0&bundle=&init=1&root_item_id=120&start=0&max=500 HTTP/2.0" 200 2635 "https://archive.meredithmonk.org/providence/index.php/administrate/setup/list_item_editor/ListItemEditor/Save/Screen10/item_id/0" "Mozilla/5.0 (Macintosh; Intel Mac OS X 10_15_7) AppleWebKit/537.36 (KHTML, like Gecko) Chrome/116.0.0.0 Safari/537.36"
35.239.124.218 - - [18/Sep/2023:17:07:17 -0400] "GET /providence/index.php?processIndexingQueue=1 HTTP/1.1" 499 0 "-" "-"
149.19.169.148 - - [18/Sep/2023:17:07:17 -0400] "GET /providence/index.php/administrate/setup/list_item_editor/ListItemEditor/Edit/Screen10/item_id/357 HTTP/2.0" 200 14846 "https://archive.meredithmonk.org/providence/index.php/administrate/setup/list_item_editor/ListItemEditor/Save/Screen10/item_id/0" "Mozilla/5.0 (Macintosh; Intel Mac OS X 10_15_7) AppleWebKit/537.36 (KHTML, like Gecko) Chrome/116.0.0.0 Safari/537.36"
149.19.169.148 - - [18/Sep/2023:17:07:18 -0400] "GET /providence/index.php/lookup/ListItem/GetHierarchyAncestorList/noInline/1/currentHierarchyOnly/33?id=357&bundle= HTTP/2.0" 200 298 "https://archive.meredithmonk.org/providence/index.php/administrate/setup/list_item_editor/ListItemEditor/Edit/Screen10/item_id/357" "Mozilla/5.0 (Macintosh; Intel Mac OS X 10_15_7) AppleWebKit/537.36 (KHTML, like Gecko) Chrome/116.0.0.0 Safari/537.36"
149.19.169.148 - - [18/Sep/2023:17:07:18 -0400] "GET /providence/index.php/lookup/ListItem/IDNo?n=collection_types&id=357&_context_id=33 HTTP/2.0" 200 7 "https://archive.meredithmonk.org/providence/index.php/administrate/setup/list_item_editor/ListItemEditor/Edit/Screen10/item_id/357" "Mozilla/5.0 (Macintosh; Intel Mac OS X 10_15_7) AppleWebKit/537.36 (KHTML, like Gecko) Chrome/116.0.0.0 Safari/537.36"
35.239.124.218 - - [18/Sep/2023:17:07:26 -0400] "GET /providence/index.php?processIndexingQueue=1 HTTP/1.1" 499 0 "-" "-"
149.19.169.148 - - [18/Sep/2023:17:07:26 -0400] "GET /providence/index.php/administrate/setup/list_item_editor/ListItemEditor/Edit/Screen10/item_id/357 HTTP/2.0" 200 14847 "https://archive.meredithmonk.org/providence/index.php/administrate/setup/list_item_editor/ListItemEditor/Edit/Screen10/item_id/357" "Mozilla/5.0 (Macintosh; Intel Mac OS X 10_15_7) AppleWebKit/537.36 (KHTML, like Gecko) Chrome/116.0.0.0 Safari/537.36"
35.239.124.218 - - [18/Sep/2023:17:07:26 -0400] "GET /providence/index.php?processIndexingQueue=1 HTTP/1.1" 499 0 "-" "-"
35.239.124.218 - - [18/Sep/2023:17:07:26 -0400] "GET /providence/index.php?processIndexingQueue=1 HTTP/1.1" 499 0 "-" "-"
149.19.169.148 - - [18/Sep/2023:17:07:26 -0400] "GET /providence/index.php/lookup/ListItem/IDNo?n=collection_types&id=357&_context_id=33 HTTP/2.0" 200 7 "https://archive.meredithmonk.org/providence/index.php/administrate/setup/list_item_editor/ListItemEditor/Edit/Screen10/item_id/357" "Mozilla/5.0 (Macintosh; Intel Mac OS X 10_15_7) AppleWebKit/537.36 (KHTML, like Gecko) Chrome/116.0.0.0 Safari/537.36"
149.19.169.148 - - [18/Sep/2023:17:07:26 -0400] "GET /providence/index.php/lookup/ListItem/GetHierarchyAncestorList/noInline/1/currentHierarchyOnly/33?id=357&bundle= HTTP/2.0" 200 9 "https://archive.meredithmonk.org/providence/index.php/administrate/setup/list_item_editor/ListItemEditor/Edit/Screen10/item_id/357" "Mozilla/5.0 (Macintosh; Intel Mac OS X 10_15_7) AppleWebKit/537.36 (KHTML, like Gecko) Chrome/116.0.0.0 Safari/537.36"
35.239.124.218 - - [18/Sep/2023:17:07:27 -0400] "GET /providence/index.php?processIndexingQueue=1 HTTP/1.1" 499 0 "-" "-"
149.19.169.148 - - [18/Sep/2023:17:07:27 -0400] "GET /providence/index.php/lookup/ListItem/GetHierarchyLevel/noInline/1/currentHierarchyOnly/33?id=0%3A0%3B120%3A0%3B357%3A0&bundle=&init=1&root_item_id=120&start=0&max=500 HTTP/2.0" 200 2635 "https://archive.meredithmonk.org/providence/index.php/administrate/setup/list_item_editor/ListItemEditor/Edit/Screen10/item_id/357" "Mozilla/5.0 (Macintosh; Intel Mac OS X 10_15_7) AppleWebKit/537.36 (KHTML, like Gecko) Chrome/116.0.0.0 Safari/537.36"
35.239.124.218 - - [18/Sep/2023:17:07:33 -0400] "GET /providence/index.php?processIndexingQueue=1 HTTP/1.1" 499 0 "-" "-"
149.19.169.148 - - [18/Sep/2023:17:07:33 -0400] "GET /providence/index.php/editor/collections/CollectionEditor/Edit/type_id/357 HTTP/2.0" 200 6810 "https://archive.meredithmonk.org/providence/index.php/administrate/setup/list_item_editor/ListItemEditor/Edit/Screen10/item_id/357" "Mozilla/5.0 (Macintosh; Intel Mac OS X 10_15_7) AppleWebKit/537.36 (KHTML, like Gecko) Chrome/116.0.0.0 Safari/537.36"
35.239.124.218 - - [18/Sep/2023:17:07:40 -0400] "GET /providence/index.php?processIndexingQueue=1 HTTP/1.1" 499 0 "-" "-"
