149.19.169.148 - - [17/Sep/2023:13:43:23 -0400] "GET /providence/media/collectiveaccess/images/5/68044_ca_object_representations_media_532_preview170.jpg HTTP/1.1" 200 2587 "-" "undici"
149.19.169.148 - - [17/Sep/2023:13:43:23 -0400] "GET /providence/media/collectiveaccess/images/2/59725_ca_object_representations_media_267_original.jpg HTTP/1.1" 200 400355 "-" "undici"
149.19.169.148 - - [17/Sep/2023:13:43:23 -0400] "GET /providence/media/collectiveaccess/images/2/30127_ca_object_representations_media_268_original.jpg HTTP/1.1" 200 407823 "-" "undici"
149.19.169.148 - - [17/Sep/2023:13:43:23 -0400] "GET /providence/media/collectiveaccess/images/1/90263_ca_object_representations_media_182_original.jpg HTTP/1.1" 200 3037746 "-" "undici"
149.19.169.148 - - [17/Sep/2023:13:43:23 -0400] "GET /providence/media/collectiveaccess/images/1/7/67407_ca_object_representations_media_1766_original.jpg HTTP/1.1" 200 2014138 "-" "undici"
35.239.124.218 - - [17/Sep/2023:13:43:53 -0400] "GET /providence/index.php?processIndexingQueue=1 HTTP/1.1" 499 0 "-" "-"
149.19.169.148 - administrator [17/Sep/2023:13:43:53 -0400] "POST /providence/service.php/browse/ca_objects?limit=5 HTTP/1.1" 200 1403 "-" "undici"
149.19.169.148 - administrator [17/Sep/2023:13:43:53 -0400] "POST /providence/service.php/browse/ca_objects?limit=5 HTTP/1.1" 200 2600 "-" "undici"
149.19.169.148 - administrator [17/Sep/2023:13:43:54 -0400] "POST /providence/service.php/browse/ca_objects?limit=5 HTTP/1.1" 200 2319 "-" "undici"
149.19.169.148 - administrator [17/Sep/2023:13:43:54 -0400] "POST /providence/service.php/browse/ca_collections?limit=5 HTTP/1.1" 200 365 "-" "undici"
149.19.169.148 - administrator [17/Sep/2023:13:43:54 -0400] "POST /providence/service.php/browse/ca_objects?limit=5 HTTP/1.1" 200 2806 "-" "undici"
149.19.169.148 - administrator [17/Sep/2023:13:43:54 -0400] "POST /providence/service.php/browse/ca_objects?limit=5 HTTP/1.1" 200 2961 "-" "undici"
149.19.169.148 - administrator [17/Sep/2023:13:43:54 -0400] "POST /providence/service.php/browse/ca_collections?limit=5 HTTP/1.1" 200 1083 "-" "undici"
149.19.169.148 - administrator [17/Sep/2023:13:43:54 -0400] "POST /providence/service.php/browse/ca_collections?limit=5 HTTP/1.1" 200 631 "-" "undici"
149.19.169.148 - administrator [17/Sep/2023:13:43:54 -0400] "POST /providence/service.php/browse/ca_collections?limit=5 HTTP/1.1" 200 393 "-" "undici"
149.19.169.148 - administrator [17/Sep/2023:13:43:54 -0400] "POST /providence/service.php/browse/ca_objects?limit=5 HTTP/1.1" 200 2918 "-" "undici"
149.19.169.148 - - [17/Sep/2023:13:44:15 -0400] "GET /providence/media/collectiveaccess/images/2/74474_ca_object_representations_media_260_original.tiff HTTP/1.1" 200 77004145 "-" "undici"
35.239.124.218 - - [17/Sep/2023:13:44:39 -0400] "GET /providence/index.php?processIndexingQueue=1 HTTP/1.1" 499 0 "-" "-"
35.239.124.218 - - [17/Sep/2023:13:44:39 -0400] "GET /providence/index.php?processIndexingQueue=1 HTTP/1.1" 499 0 "-" "-"
35.239.124.218 - - [17/Sep/2023:13:44:39 -0400] "GET /providence/index.php?processIndexingQueue=1 HTTP/1.1" 499 0 "-" "-"
35.239.124.218 - - [17/Sep/2023:13:44:39 -0400] "GET /providence/index.php?processIndexingQueue=1 HTTP/1.1" 499 0 "-" "-"
149.19.169.148 - administrator [17/Sep/2023:13:44:39 -0400] "POST /providence/service.php/browse/ca_collections?limit=5 HTTP/1.1" 200 393 "-" "undici"
149.19.169.148 - administrator [17/Sep/2023:13:44:39 -0400] "POST /providence/service.php/browse/ca_objects?limit=5 HTTP/1.1" 200 1403 "-" "undici"
149.19.169.148 - administrator [17/Sep/2023:13:44:39 -0400] "POST /providence/service.php/browse/ca_objects?limit=5 HTTP/1.1" 200 2319 "-" "undici"
149.19.169.148 - administrator [17/Sep/2023:13:44:39 -0400] "POST /providence/service.php/browse/ca_objects?limit=5 HTTP/1.1" 200 2918 "-" "undici"
149.19.169.148 - administrator [17/Sep/2023:13:44:39 -0400] "POST /providence/service.php/browse/ca_collections?limit=5 HTTP/1.1" 200 1083 "-" "undici"
149.19.169.148 - administrator [17/Sep/2023:13:44:40 -0400] "POST /providence/service.php/browse/ca_collections?limit=5 HTTP/1.1" 200 365 "-" "undici"
149.19.169.148 - administrator [17/Sep/2023:13:44:40 -0400] "POST /providence/service.php/browse/ca_objects?limit=5 HTTP/1.1" 200 2961 "-" "undici"
149.19.169.148 - administrator [17/Sep/2023:13:44:40 -0400] "POST /providence/service.php/browse/ca_collections?limit=5 HTTP/1.1" 200 631 "-" "undici"
149.19.169.148 - administrator [17/Sep/2023:13:44:40 -0400] "POST /providence/service.php/browse/ca_objects?limit=5 HTTP/1.1" 200 2600 "-" "undici"
149.19.169.148 - administrator [17/Sep/2023:13:44:40 -0400] "POST /providence/service.php/browse/ca_objects?limit=5 HTTP/1.1" 200 2806 "-" "undici"
149.19.169.148 - administrator [17/Sep/2023:13:45:04 -0400] "POST /providence/service.php/browse/ca_objects?limit=5 HTTP/1.1" 200 312 "-" "undici"
35.239.124.218 - - [17/Sep/2023:13:45:05 -0400] "GET /providence/index.php?processIndexingQueue=1 HTTP/1.1" 499 0 "-" "-"
149.19.169.148 - administrator [17/Sep/2023:13:45:05 -0400] "POST /providence/service.php/browse/ca_objects?limit=5 HTTP/1.1" 200 2918 "-" "undici"
35.239.124.218 - - [17/Sep/2023:13:45:05 -0400] "GET /providence/index.php?processIndexingQueue=1 HTTP/1.1" 499 0 "-" "-"
149.19.169.148 - administrator [17/Sep/2023:13:45:05 -0400] "POST /providence/service.php/browse/ca_collections?limit=5 HTTP/1.1" 200 1083 "-" "undici"
35.239.124.218 - - [17/Sep/2023:13:45:05 -0400] "GET /providence/index.php?processIndexingQueue=1 HTTP/1.1" 499 0 "-" "-"
35.239.124.218 - - [17/Sep/2023:13:45:05 -0400] "GET /providence/index.php?processIndexingQueue=1 HTTP/1.1" 499 0 "-" "-"
35.239.124.218 - - [17/Sep/2023:13:45:05 -0400] "GET /providence/index.php?processIndexingQueue=1 HTTP/1.1" 499 0 "-" "-"
35.239.124.218 - - [17/Sep/2023:13:45:05 -0400] "GET /providence/index.php?processIndexingQueue=1 HTTP/1.1" 499 0 "-" "-"
35.239.124.218 - - [17/Sep/2023:13:45:05 -0400] "GET /providence/index.php?processIndexingQueue=1 HTTP/1.1" 499 0 "-" "-"
35.239.124.218 - - [17/Sep/2023:13:45:05 -0400] "GET /providence/index.php?processIndexingQueue=1 HTTP/1.1" 499 0 "-" "-"
35.239.124.218 - - [17/Sep/2023:13:45:05 -0400] "GET /providence/index.php?processIndexingQueue=1 HTTP/1.1" 499 0 "-" "-"
149.19.169.148 - administrator [17/Sep/2023:13:45:05 -0400] "POST /providence/service.php/browse/ca_collections?limit=5 HTTP/1.1" 200 365 "-" "undici"
149.19.169.148 - administrator [17/Sep/2023:13:45:05 -0400] "POST /providence/service.php/browse/ca_objects?limit=5 HTTP/1.1" 200 2961 "-" "undici"
149.19.169.148 - administrator [17/Sep/2023:13:45:05 -0400] "POST /providence/service.php/browse/ca_objects?limit=5 HTTP/1.1" 200 2806 "-" "undici"
149.19.169.148 - administrator [17/Sep/2023:13:45:05 -0400] "POST /providence/service.php/browse/ca_collections?limit=5 HTTP/1.1" 200 631 "-" "undici"
149.19.169.148 - administrator [17/Sep/2023:13:45:05 -0400] "POST /providence/service.php/browse/ca_objects?limit=5 HTTP/1.1" 200 2319 "-" "undici"
149.19.169.148 - administrator [17/Sep/2023:13:45:05 -0400] "POST /providence/service.php/browse/ca_collections?limit=5 HTTP/1.1" 200 393 "-" "undici"
149.19.169.148 - administrator [17/Sep/2023:13:45:05 -0400] "POST /providence/service.php/browse/ca_objects?limit=5 HTTP/1.1" 200 2600 "-" "undici"
35.239.124.218 - - [17/Sep/2023:13:46:35 -0400] "GET /providence/index.php?processIndexingQueue=1 HTTP/1.1" 499 0 "-" "-"
149.19.169.148 - administrator [17/Sep/2023:13:46:35 -0400] "POST /providence/service.php/browse/ca_objects?limit=5 HTTP/1.1" 200 2918 "-" "undici"
35.239.124.218 - - [17/Sep/2023:13:46:35 -0400] "GET /providence/index.php?processIndexingQueue=1 HTTP/1.1" 499 0 "-" "-"
35.239.124.218 - - [17/Sep/2023:13:46:35 -0400] "GET /providence/index.php?processIndexingQueue=1 HTTP/1.1" 499 0 "-" "-"
35.239.124.218 - - [17/Sep/2023:13:46:35 -0400] "GET /providence/index.php?processIndexingQueue=1 HTTP/1.1" 499 0 "-" "-"
149.19.169.148 - administrator [17/Sep/2023:13:46:36 -0400] "POST /providence/service.php/browse/ca_collections?limit=5 HTTP/1.1" 200 393 "-" "undici"
149.19.169.148 - administrator [17/Sep/2023:13:46:36 -0400] "POST /providence/service.php/browse/ca_objects?limit=5 HTTP/1.1" 200 2806 "-" "undici"
149.19.169.148 - administrator [17/Sep/2023:13:46:36 -0400] "POST /providence/service.php/browse/ca_objects?limit=5 HTTP/1.1" 200 2961 "-" "undici"
149.19.169.148 - administrator [17/Sep/2023:13:46:36 -0400] "POST /providence/service.php/browse/ca_objects?limit=5 HTTP/1.1" 200 2600 "-" "undici"
149.19.169.148 - administrator [17/Sep/2023:13:46:36 -0400] "POST /providence/service.php/browse/ca_collections?limit=5 HTTP/1.1" 200 1083 "-" "undici"
149.19.169.148 - administrator [17/Sep/2023:13:46:36 -0400] "POST /providence/service.php/browse/ca_objects?limit=5 HTTP/1.1" 200 1403 "-" "undici"
149.19.169.148 - administrator [17/Sep/2023:13:46:36 -0400] "POST /providence/service.php/browse/ca_collections?limit=5 HTTP/1.1" 200 631 "-" "undici"
149.19.169.148 - administrator [17/Sep/2023:13:46:36 -0400] "POST /providence/service.php/browse/ca_objects?limit=5 HTTP/1.1" 200 2319 "-" "undici"
149.19.169.148 - administrator [17/Sep/2023:13:46:36 -0400] "POST /providence/service.php/browse/ca_collections?limit=5 HTTP/1.1" 200 365 "-" "undici"
149.19.169.148 - - [17/Sep/2023:13:46:36 -0400] "GET /providence/media/collectiveaccess/images/0/2074_ca_object_representations_media_13_preview170.jpg HTTP/1.1" 200 2270 "-" "undici"
149.19.169.148 - - [17/Sep/2023:13:46:36 -0400] "GET /providence/media/collectiveaccess/images/1/18848_ca_object_representations_media_183_preview170.jpg HTTP/1.1" 200 6035 "-" "undici"
149.19.169.148 - - [17/Sep/2023:13:46:36 -0400] "GET /providence/media/collectiveaccess/images/3/9/1/36580_ca_attribute_values_value_blob_39160_large.jpg HTTP/1.1" 200 39558 "-" "undici"
149.19.169.148 - - [17/Sep/2023:13:46:36 -0400] "GET /providence/media/collectiveaccess/images/2/36199_ca_object_representations_media_266_preview170.jpg HTTP/1.1" 200 1198 "-" "undici"
149.19.169.148 - - [17/Sep/2023:13:46:36 -0400] "GET /providence/media/collectiveaccess/images/1/7/28500_ca_object_representations_media_1773_preview170.jpg HTTP/1.1" 200 4356 "-" "undici"
149.19.169.148 - - [17/Sep/2023:13:46:36 -0400] "GET /providence/media/collectiveaccess/images/1/7/82068_ca_object_representations_media_1772_preview170.jpg HTTP/1.1" 200 2727 "-" "undici"
149.19.169.148 - - [17/Sep/2023:13:46:37 -0400] "GET /providence/media/collectiveaccess/images/2/59725_ca_object_representations_media_267_original.jpg HTTP/1.1" 200 400355 "-" "undici"
149.19.169.148 - - [17/Sep/2023:13:46:37 -0400] "GET /providence/media/collectiveaccess/images/2/30127_ca_object_representations_media_268_original.jpg HTTP/1.1" 200 407823 "-" "undici"
149.19.169.148 - - [17/Sep/2023:13:46:37 -0400] "GET /providence/media/collectiveaccess/images/1/90263_ca_object_representations_media_182_original.jpg HTTP/1.1" 200 3037746 "-" "undici"
35.239.124.218 - - [17/Sep/2023:13:46:44 -0400] "GET /providence/index.php?processIndexingQueue=1 HTTP/1.1" 499 0 "-" "-"
149.19.169.148 - administrator [17/Sep/2023:13:46:44 -0400] "POST /providence/service.php/browse/ca_collections?limit=5 HTTP/1.1" 200 393 "-" "undici"
35.239.124.218 - - [17/Sep/2023:13:46:44 -0400] "GET /providence/index.php?processIndexingQueue=1 HTTP/1.1" 499 0 "-" "-"
149.19.169.148 - administrator [17/Sep/2023:13:46:44 -0400] "POST /providence/service.php/browse/ca_objects?limit=5 HTTP/1.1" 200 2319 "-" "undici"
35.239.124.218 - - [17/Sep/2023:13:46:44 -0400] "GET /providence/index.php?processIndexingQueue=1 HTTP/1.1" 499 0 "-" "-"
35.239.124.218 - - [17/Sep/2023:13:46:44 -0400] "GET /providence/index.php?processIndexingQueue=1 HTTP/1.1" 499 0 "-" "-"
35.239.124.218 - - [17/Sep/2023:13:46:44 -0400] "GET /providence/index.php?processIndexingQueue=1 HTTP/1.1" 499 0 "-" "-"
149.19.169.148 - administrator [17/Sep/2023:13:46:45 -0400] "POST /providence/service.php/browse/ca_objects?limit=5 HTTP/1.1" 200 2806 "-" "undici"
149.19.169.148 - administrator [17/Sep/2023:13:46:45 -0400] "POST /providence/service.php/browse/ca_collections?limit=5 HTTP/1.1" 200 1083 "-" "undici"
149.19.169.148 - administrator [17/Sep/2023:13:46:45 -0400] "POST /providence/service.php/browse/ca_collections?limit=5 HTTP/1.1" 200 631 "-" "undici"
149.19.169.148 - administrator [17/Sep/2023:13:46:45 -0400] "POST /providence/service.php/browse/ca_objects?limit=5 HTTP/1.1" 200 2600 "-" "undici"
149.19.169.148 - administrator [17/Sep/2023:13:46:45 -0400] "POST /providence/service.php/browse/ca_objects?limit=5 HTTP/1.1" 200 2918 "-" "undici"
149.19.169.148 - administrator [17/Sep/2023:13:46:45 -0400] "POST /providence/service.php/browse/ca_objects?limit=5 HTTP/1.1" 200 2961 "-" "undici"
149.19.169.148 - administrator [17/Sep/2023:13:46:45 -0400] "POST /providence/service.php/browse/ca_collections?limit=5 HTTP/1.1" 200 365 "-" "undici"
149.19.169.148 - administrator [17/Sep/2023:13:46:45 -0400] "POST /providence/service.php/browse/ca_objects?limit=5 HTTP/1.1" 200 1403 "-" "undici"
149.19.169.148 - administrator [17/Sep/2023:13:46:45 -0400] "POST /providence/service.php/browse/ca_objects?limit=5 HTTP/1.1" 200 2600 "-" "undici"
149.19.169.148 - administrator [17/Sep/2023:13:46:46 -0400] "POST /providence/service.php/browse/ca_objects?limit=5 HTTP/1.1" 200 2961 "-" "undici"
149.19.169.148 - administrator [17/Sep/2023:13:46:46 -0400] "POST /providence/service.php/browse/ca_objects?limit=5 HTTP/1.1" 200 2319 "-" "undici"
149.19.169.148 - administrator [17/Sep/2023:13:46:46 -0400] "POST /providence/service.php/browse/ca_collections?limit=5 HTTP/1.1" 200 365 "-" "undici"
149.19.169.148 - administrator [17/Sep/2023:13:46:46 -0400] "POST /providence/service.php/browse/ca_collections?limit=5 HTTP/1.1" 200 631 "-" "undici"
149.19.169.148 - administrator [17/Sep/2023:13:46:46 -0400] "POST /providence/service.php/browse/ca_collections?limit=5 HTTP/1.1" 200 393 "-" "undici"
149.19.169.148 - administrator [17/Sep/2023:13:46:46 -0400] "POST /providence/service.php/browse/ca_collections?limit=5 HTTP/1.1" 200 1083 "-" "undici"
149.19.169.148 - administrator [17/Sep/2023:13:46:46 -0400] "POST /providence/service.php/browse/ca_objects?limit=5 HTTP/1.1" 200 1403 "-" "undici"
149.19.169.148 - administrator [17/Sep/2023:13:46:46 -0400] "POST /providence/service.php/browse/ca_objects?limit=5 HTTP/1.1" 200 2918 "-" "undici"
149.19.169.148 - administrator [17/Sep/2023:13:46:46 -0400] "POST /providence/service.php/browse/ca_objects?limit=5 HTTP/1.1" 200 2806 "-" "undici"
35.239.124.218 - - [17/Sep/2023:13:46:54 -0400] "GET /providence/index.php?processIndexingQueue=1 HTTP/1.1" 499 0 "-" "-"
149.19.169.148 - administrator [17/Sep/2023:13:46:54 -0400] "POST /providence/service.php/browse/ca_objects?limit=5 HTTP/1.1" 200 2806 "-" "undici"
35.239.124.218 - - [17/Sep/2023:13:46:54 -0400] "GET /providence/index.php?processIndexingQueue=1 HTTP/1.1" 499 0 "-" "-"
35.239.124.218 - - [17/Sep/2023:13:46:54 -0400] "GET /providence/index.php?processIndexingQueue=1 HTTP/1.1" 499 0 "-" "-"
149.19.169.148 - administrator [17/Sep/2023:13:46:55 -0400] "POST /providence/service.php/browse/ca_objects?limit=5 HTTP/1.1" 200 2319 "-" "undici"
149.19.169.148 - administrator [17/Sep/2023:13:46:55 -0400] "POST /providence/service.php/browse/ca_objects?limit=5 HTTP/1.1" 200 2600 "-" "undici"
35.239.124.218 - - [17/Sep/2023:13:46:55 -0400] "GET /providence/index.php?processIndexingQueue=1 HTTP/1.1" 499 0 "-" "-"
35.239.124.218 - - [17/Sep/2023:13:46:55 -0400] "GET /providence/index.php?processIndexingQueue=1 HTTP/1.1" 499 0 "-" "-"
35.239.124.218 - - [17/Sep/2023:13:46:55 -0400] "GET /providence/index.php?processIndexingQueue=1 HTTP/1.1" 499 0 "-" "-"
35.239.124.218 - - [17/Sep/2023:13:46:55 -0400] "GET /providence/index.php?processIndexingQueue=1 HTTP/1.1" 499 0 "-" "-"
35.239.124.218 - - [17/Sep/2023:13:46:55 -0400] "GET /providence/index.php?processIndexingQueue=1 HTTP/1.1" 499 0 "-" "-"
35.239.124.218 - - [17/Sep/2023:13:46:55 -0400] "GET /providence/index.php?processIndexingQueue=1 HTTP/1.1" 499 0 "-" "-"
35.239.124.218 - - [17/Sep/2023:13:46:55 -0400] "GET /providence/index.php?processIndexingQueue=1 HTTP/1.1" 499 0 "-" "-"
149.19.169.148 - administrator [17/Sep/2023:13:46:55 -0400] "POST /providence/service.php/browse/ca_objects?limit=5 HTTP/1.1" 200 2961 "-" "undici"
149.19.169.148 - administrator [17/Sep/2023:13:46:55 -0400] "POST /providence/service.php/browse/ca_collections?limit=5 HTTP/1.1" 200 1083 "-" "undici"
149.19.169.148 - administrator [17/Sep/2023:13:46:55 -0400] "POST /providence/service.php/browse/ca_collections?limit=5 HTTP/1.1" 200 365 "-" "undici"
149.19.169.148 - administrator [17/Sep/2023:13:46:55 -0400] "POST /providence/service.php/browse/ca_objects?limit=5 HTTP/1.1" 200 1403 "-" "undici"
149.19.169.148 - administrator [17/Sep/2023:13:46:55 -0400] "POST /providence/service.php/browse/ca_objects?limit=5 HTTP/1.1" 200 2918 "-" "undici"
149.19.169.148 - administrator [17/Sep/2023:13:46:55 -0400] "POST /providence/service.php/browse/ca_collections?limit=5 HTTP/1.1" 200 393 "-" "undici"
149.19.169.148 - administrator [17/Sep/2023:13:46:55 -0400] "POST /providence/service.php/browse/ca_collections?limit=5 HTTP/1.1" 200 631 "-" "undici"
149.19.169.148 - - [17/Sep/2023:13:47:00 -0400] "GET /providence/media/collectiveaccess/images/2/74474_ca_object_representations_media_260_original.tiff HTTP/1.1" 200 77004145 "-" "undici"
149.19.169.148 - - [17/Sep/2023:13:47:13 -0400] "GET /providence/media/collectiveaccess/images/0/55212_ca_object_representations_media_66_preview170.jpg HTTP/1.1" 200 4210 "-" "undici"
149.19.169.148 - - [17/Sep/2023:13:47:13 -0400] "GET /providence/media/collectiveaccess/images/0/75365_ca_object_representations_media_68_preview170.jpg HTTP/1.1" 200 2562 "-" "undici"
149.19.169.148 - - [17/Sep/2023:13:47:13 -0400] "GET /providence/media/collectiveaccess/images/0/43478_ca_object_representations_media_67_preview170.jpg HTTP/1.1" 200 1666 "-" "undici"
149.19.169.148 - - [17/Sep/2023:13:47:13 -0400] "GET /providence/media/collectiveaccess/images/0/90848_ca_object_representations_media_69_preview170.jpg HTTP/1.1" 200 4245 "-" "undici"
149.19.169.148 - - [17/Sep/2023:13:47:13 -0400] "GET /providence/media/collectiveaccess/images/0/80091_ca_object_representations_media_70_preview170.jpg HTTP/1.1" 200 1760 "-" "undici"
149.19.169.148 - - [17/Sep/2023:13:47:14 -0400] "GET /providence/media/collectiveaccess/images/5/68044_ca_object_representations_media_532_preview170.jpg HTTP/1.1" 200 2587 "-" "undici"
149.19.169.148 - - [17/Sep/2023:13:47:14 -0400] "GET /providence/media/collectiveaccess/images/5/19628_ca_object_representations_media_535_preview170.jpg HTTP/1.1" 200 5073 "-" "undici"
149.19.169.148 - - [17/Sep/2023:13:47:14 -0400] "GET /providence/media/collectiveaccess/images/5/81075_ca_object_representations_media_533_preview170.jpg HTTP/1.1" 200 4061 "-" "undici"
149.19.169.148 - - [17/Sep/2023:13:47:14 -0400] "GET /providence/media/collectiveaccess/images/5/85864_ca_object_representations_media_534_preview170.jpg HTTP/1.1" 200 4620 "-" "undici"
149.19.169.148 - - [17/Sep/2023:13:47:16 -0400] "GET /providence/media/collectiveaccess/images/1/7/67407_ca_object_representations_media_1766_original.jpg HTTP/1.1" 200 2014138 "-" "undici"
35.239.124.218 - - [17/Sep/2023:13:48:15 -0400] "GET /providence/index.php?processIndexingQueue=1 HTTP/1.1" 499 0 "-" "-"
35.239.124.218 - - [17/Sep/2023:13:48:15 -0400] "GET /providence/index.php?processIndexingQueue=1 HTTP/1.1" 499 0 "-" "-"
35.239.124.218 - - [17/Sep/2023:13:48:15 -0400] "GET /providence/index.php?processIndexingQueue=1 HTTP/1.1" 499 0 "-" "-"
149.19.169.148 - administrator [17/Sep/2023:13:48:15 -0400] "POST /providence/service.php/browse/ca_collections?limit=5 HTTP/1.1" 200 631 "-" "undici"
149.19.169.148 - administrator [17/Sep/2023:13:48:15 -0400] "POST /providence/service.php/browse/ca_collections?limit=5 HTTP/1.1" 200 1083 "-" "undici"
149.19.169.148 - administrator [17/Sep/2023:13:48:15 -0400] "POST /providence/service.php/browse/ca_objects?limit=5 HTTP/1.1" 200 2961 "-" "undici"
149.19.169.148 - administrator [17/Sep/2023:13:48:15 -0400] "POST /providence/service.php/browse/ca_objects?limit=5 HTTP/1.1" 200 2918 "-" "undici"
149.19.169.148 - administrator [17/Sep/2023:13:48:15 -0400] "POST /providence/service.php/browse/ca_objects?limit=5 HTTP/1.1" 200 2600 "-" "undici"
149.19.169.148 - administrator [17/Sep/2023:13:48:15 -0400] "POST /providence/service.php/browse/ca_objects?limit=5 HTTP/1.1" 200 2806 "-" "undici"
149.19.169.148 - administrator [17/Sep/2023:13:48:15 -0400] "POST /providence/service.php/browse/ca_collections?limit=5 HTTP/1.1" 200 393 "-" "undici"
149.19.169.148 - administrator [17/Sep/2023:13:48:15 -0400] "POST /providence/service.php/browse/ca_collections?limit=5 HTTP/1.1" 200 365 "-" "undici"
149.19.169.148 - administrator [17/Sep/2023:13:48:15 -0400] "POST /providence/service.php/browse/ca_objects?limit=5 HTTP/1.1" 200 1403 "-" "undici"
149.19.169.148 - administrator [17/Sep/2023:13:48:15 -0400] "POST /providence/service.php/browse/ca_objects?limit=5 HTTP/1.1" 200 2319 "-" "undici"
35.239.124.218 - - [17/Sep/2023:13:48:37 -0400] "GET /providence/index.php?processIndexingQueue=1 HTTP/1.1" 499 0 "-" "-"
35.239.124.218 - - [17/Sep/2023:13:48:37 -0400] "GET /providence/index.php?processIndexingQueue=1 HTTP/1.1" 499 0 "-" "-"
149.19.169.148 - administrator [17/Sep/2023:13:48:37 -0400] "POST /providence/service.php/browse/ca_collections?limit=5 HTTP/1.1" 200 393 "-" "undici"
35.239.124.218 - - [17/Sep/2023:13:48:37 -0400] "GET /providence/index.php?processIndexingQueue=1 HTTP/1.1" 499 0 "-" "-"
35.239.124.218 - - [17/Sep/2023:13:48:37 -0400] "GET /providence/index.php?processIndexingQueue=1 HTTP/1.1" 499 0 "-" "-"
35.239.124.218 - - [17/Sep/2023:13:48:37 -0400] "GET /providence/index.php?processIndexingQueue=1 HTTP/1.1" 499 0 "-" "-"
35.239.124.218 - - [17/Sep/2023:13:48:37 -0400] "GET /providence/index.php?processIndexingQueue=1 HTTP/1.1" 499 0 "-" "-"
35.239.124.218 - - [17/Sep/2023:13:48:37 -0400] "GET /providence/index.php?processIndexingQueue=1 HTTP/1.1" 499 0 "-" "-"
149.19.169.148 - administrator [17/Sep/2023:13:48:37 -0400] "POST /providence/service.php/browse/ca_objects?limit=5 HTTP/1.1" 200 2319 "-" "undici"
35.239.124.218 - - [17/Sep/2023:13:48:37 -0400] "GET /providence/index.php?processIndexingQueue=1 HTTP/1.1" 499 0 "-" "-"
149.19.169.148 - administrator [17/Sep/2023:13:48:38 -0400] "POST /providence/service.php/browse/ca_objects?limit=5 HTTP/1.1" 200 2961 "-" "undici"
149.19.169.148 - administrator [17/Sep/2023:13:48:38 -0400] "POST /providence/service.php/browse/ca_objects?limit=5 HTTP/1.1" 200 2806 "-" "undici"
149.19.169.148 - administrator [17/Sep/2023:13:48:38 -0400] "POST /providence/service.php/browse/ca_collections?limit=5 HTTP/1.1" 200 631 "-" "undici"
149.19.169.148 - administrator [17/Sep/2023:13:48:38 -0400] "POST /providence/service.php/browse/ca_collections?limit=5 HTTP/1.1" 200 1083 "-" "undici"
149.19.169.148 - administrator [17/Sep/2023:13:48:38 -0400] "POST /providence/service.php/browse/ca_objects?limit=5 HTTP/1.1" 200 2918 "-" "undici"
149.19.169.148 - administrator [17/Sep/2023:13:48:38 -0400] "POST /providence/service.php/browse/ca_objects?limit=5 HTTP/1.1" 200 1403 "-" "undici"
149.19.169.148 - administrator [17/Sep/2023:13:48:38 -0400] "POST /providence/service.php/browse/ca_collections?limit=5 HTTP/1.1" 200 365 "-" "undici"
149.19.169.148 - administrator [17/Sep/2023:13:48:38 -0400] "POST /providence/service.php/browse/ca_objects?limit=5 HTTP/1.1" 200 2600 "-" "undici"
149.19.169.148 - - [17/Sep/2023:13:48:38 -0400] "GET /providence/media/collectiveaccess/images/1/18848_ca_object_representations_media_183_preview170.jpg HTTP/1.1" 200 6035 "-" "undici"
149.19.169.148 - - [17/Sep/2023:13:48:38 -0400] "GET /providence/media/collectiveaccess/images/0/2074_ca_object_representations_media_13_preview170.jpg HTTP/1.1" 200 2270 "-" "undici"
149.19.169.148 - - [17/Sep/2023:13:48:38 -0400] "GET /providence/media/collectiveaccess/images/2/36199_ca_object_representations_media_266_preview170.jpg HTTP/1.1" 200 1198 "-" "undici"
149.19.169.148 - - [17/Sep/2023:13:48:38 -0400] "GET /providence/media/collectiveaccess/images/1/7/28500_ca_object_representations_media_1773_preview170.jpg HTTP/1.1" 200 4356 "-" "undici"
149.19.169.148 - - [17/Sep/2023:13:48:38 -0400] "GET /providence/media/collectiveaccess/images/3/9/1/36580_ca_attribute_values_value_blob_39160_large.jpg HTTP/1.1" 200 39558 "-" "undici"
149.19.169.148 - - [17/Sep/2023:13:48:38 -0400] "GET /providence/media/collectiveaccess/images/1/7/82068_ca_object_representations_media_1772_preview170.jpg HTTP/1.1" 200 2727 "-" "undici"
149.19.169.148 - - [17/Sep/2023:13:48:38 -0400] "GET /providence/media/collectiveaccess/images/2/30127_ca_object_representations_media_268_original.jpg HTTP/1.1" 200 407823 "-" "undici"
149.19.169.148 - - [17/Sep/2023:13:48:38 -0400] "GET /providence/media/collectiveaccess/images/2/59725_ca_object_representations_media_267_original.jpg HTTP/1.1" 200 400355 "-" "undici"
149.19.169.148 - - [17/Sep/2023:13:48:40 -0400] "GET /providence/media/collectiveaccess/images/1/90263_ca_object_representations_media_182_original.jpg HTTP/1.1" 200 3037746 "-" "undici"
149.19.169.148 - - [17/Sep/2023:13:48:41 -0400] "GET /providence/media/collectiveaccess/images/0/43478_ca_object_representations_media_67_preview170.jpg HTTP/1.1" 200 1666 "-" "undici"
149.19.169.148 - - [17/Sep/2023:13:48:41 -0400] "GET /providence/media/collectiveaccess/images/0/90848_ca_object_representations_media_69_preview170.jpg HTTP/1.1" 200 4245 "-" "undici"
149.19.169.148 - - [17/Sep/2023:13:48:41 -0400] "GET /providence/media/collectiveaccess/images/0/75365_ca_object_representations_media_68_preview170.jpg HTTP/1.1" 200 2562 "-" "undici"
149.19.169.148 - - [17/Sep/2023:13:48:41 -0400] "GET /providence/media/collectiveaccess/images/0/80091_ca_object_representations_media_70_preview170.jpg HTTP/1.1" 200 1760 "-" "undici"
149.19.169.148 - - [17/Sep/2023:13:48:41 -0400] "GET /providence/media/collectiveaccess/images/0/55212_ca_object_representations_media_66_preview170.jpg HTTP/1.1" 200 4210 "-" "undici"
149.19.169.148 - - [17/Sep/2023:13:48:41 -0400] "GET /providence/media/collectiveaccess/images/5/85864_ca_object_representations_media_534_preview170.jpg HTTP/1.1" 200 4620 "-" "undici"
149.19.169.148 - - [17/Sep/2023:13:48:41 -0400] "GET /providence/media/collectiveaccess/images/5/81075_ca_object_representations_media_533_preview170.jpg HTTP/1.1" 200 4061 "-" "undici"
149.19.169.148 - - [17/Sep/2023:13:48:41 -0400] "GET /providence/media/collectiveaccess/images/5/19628_ca_object_representations_media_535_preview170.jpg HTTP/1.1" 200 5073 "-" "undici"
149.19.169.148 - - [17/Sep/2023:13:48:41 -0400] "GET /providence/media/collectiveaccess/images/5/68044_ca_object_representations_media_532_preview170.jpg HTTP/1.1" 200 2587 "-" "undici"
149.19.169.148 - - [17/Sep/2023:13:48:44 -0400] "GET /providence/media/collectiveaccess/images/1/7/67407_ca_object_representations_media_1766_original.jpg HTTP/1.1" 200 2014138 "-" "undici"
35.239.124.218 - - [17/Sep/2023:13:49:10 -0400] "GET /providence/index.php?processIndexingQueue=1 HTTP/1.1" 499 0 "-" "-"
35.239.124.218 - - [17/Sep/2023:13:49:10 -0400] "GET /providence/index.php?processIndexingQueue=1 HTTP/1.1" 499 0 "-" "-"
35.239.124.218 - - [17/Sep/2023:13:49:10 -0400] "GET /providence/index.php?processIndexingQueue=1 HTTP/1.1" 499 0 "-" "-"
35.239.124.218 - - [17/Sep/2023:13:49:10 -0400] "GET /providence/index.php?processIndexingQueue=1 HTTP/1.1" 499 0 "-" "-"
149.19.169.148 - administrator [17/Sep/2023:13:49:10 -0400] "POST /providence/service.php/browse/ca_objects?limit=5 HTTP/1.1" 200 2806 "-" "undici"
149.19.169.148 - administrator [17/Sep/2023:13:49:10 -0400] "POST /providence/service.php/browse/ca_objects?limit=5 HTTP/1.1" 200 2918 "-" "undici"
149.19.169.148 - administrator [17/Sep/2023:13:49:10 -0400] "POST /providence/service.php/browse/ca_objects?limit=5 HTTP/1.1" 200 2600 "-" "undici"
149.19.169.148 - administrator [17/Sep/2023:13:49:10 -0400] "POST /providence/service.php/browse/ca_objects?limit=5 HTTP/1.1" 200 2961 "-" "undici"
149.19.169.148 - administrator [17/Sep/2023:13:49:10 -0400] "POST /providence/service.php/browse/ca_collections?limit=5 HTTP/1.1" 200 393 "-" "undici"
149.19.169.148 - administrator [17/Sep/2023:13:49:10 -0400] "POST /providence/service.php/browse/ca_objects?limit=5 HTTP/1.1" 200 1403 "-" "undici"
149.19.169.148 - administrator [17/Sep/2023:13:49:10 -0400] "POST /providence/service.php/browse/ca_objects?limit=5 HTTP/1.1" 200 2319 "-" "undici"
149.19.169.148 - administrator [17/Sep/2023:13:49:10 -0400] "POST /providence/service.php/browse/ca_collections?limit=5 HTTP/1.1" 200 365 "-" "undici"
149.19.169.148 - administrator [17/Sep/2023:13:49:10 -0400] "POST /providence/service.php/browse/ca_collections?limit=5 HTTP/1.1" 200 1083 "-" "undici"
149.19.169.148 - administrator [17/Sep/2023:13:49:10 -0400] "POST /providence/service.php/browse/ca_collections?limit=5 HTTP/1.1" 200 631 "-" "undici"
149.19.169.148 - - [17/Sep/2023:13:49:23 -0400] "GET /providence/media/collectiveaccess/images/2/74474_ca_object_representations_media_260_original.tiff HTTP/1.1" 200 77004145 "-" "undici"
149.19.169.148 - - [17/Sep/2023:13:52:07 -0400] "GET /providence/media/collectiveaccess/images/1/7/28500_ca_object_representations_media_1773_preview170.jpg HTTP/1.1" 200 4356 "-" "undici"
149.19.169.148 - - [17/Sep/2023:13:52:07 -0400] "GET /providence/media/collectiveaccess/images/1/7/82068_ca_object_representations_media_1772_preview170.jpg HTTP/1.1" 200 2727 "-" "undici"
149.19.169.148 - - [17/Sep/2023:13:52:07 -0400] "GET /providence/media/collectiveaccess/images/0/2074_ca_object_representations_media_13_preview170.jpg HTTP/1.1" 200 2270 "-" "undici"
149.19.169.148 - - [17/Sep/2023:13:52:07 -0400] "GET /providence/media/collectiveaccess/images/2/36199_ca_object_representations_media_266_preview170.jpg HTTP/1.1" 200 1198 "-" "undici"
149.19.169.148 - - [17/Sep/2023:13:52:07 -0400] "GET /providence/media/collectiveaccess/images/1/18848_ca_object_representations_media_183_preview170.jpg HTTP/1.1" 200 6035 "-" "undici"
149.19.169.148 - - [17/Sep/2023:13:52:07 -0400] "GET /providence/media/collectiveaccess/images/3/9/1/36580_ca_attribute_values_value_blob_39160_large.jpg HTTP/1.1" 200 39558 "-" "undici"
149.19.169.148 - - [17/Sep/2023:13:52:08 -0400] "GET /providence/media/collectiveaccess/images/2/30127_ca_object_representations_media_268_original.jpg HTTP/1.1" 200 407823 "-" "undici"
149.19.169.148 - - [17/Sep/2023:13:52:08 -0400] "GET /providence/media/collectiveaccess/images/2/59725_ca_object_representations_media_267_original.jpg HTTP/1.1" 200 400355 "-" "undici"
35.239.124.218 - - [17/Sep/2023:13:52:08 -0400] "GET /providence/index.php?processIndexingQueue=1 HTTP/1.1" 499 0 "-" "-"
149.19.169.148 - administrator [17/Sep/2023:13:52:08 -0400] "POST /providence/service.php/browse/ca_objects?limit=5 HTTP/1.1" 200 2600 "-" "undici"
149.19.169.148 - administrator [17/Sep/2023:13:52:09 -0400] "POST /providence/service.php/browse/ca_objects?limit=5 HTTP/1.1" 200 2961 "-" "undici"
149.19.169.148 - administrator [17/Sep/2023:13:52:09 -0400] "POST /providence/service.php/browse/ca_objects?limit=5 HTTP/1.1" 200 2806 "-" "undici"
149.19.169.148 - administrator [17/Sep/2023:13:52:09 -0400] "POST /providence/service.php/browse/ca_objects?limit=5 HTTP/1.1" 200 1403 "-" "undici"
149.19.169.148 - administrator [17/Sep/2023:13:52:09 -0400] "POST /providence/service.php/browse/ca_collections?limit=5 HTTP/1.1" 200 1083 "-" "undici"
149.19.169.148 - administrator [17/Sep/2023:13:52:09 -0400] "POST /providence/service.php/browse/ca_objects?limit=5 HTTP/1.1" 200 2918 "-" "undici"
149.19.169.148 - administrator [17/Sep/2023:13:52:09 -0400] "POST /providence/service.php/browse/ca_objects?limit=5 HTTP/1.1" 200 2319 "-" "undici"
149.19.169.148 - administrator [17/Sep/2023:13:52:09 -0400] "POST /providence/service.php/browse/ca_collections?limit=5 HTTP/1.1" 200 631 "-" "undici"
149.19.169.148 - - [17/Sep/2023:13:52:09 -0400] "GET /providence/media/collectiveaccess/images/1/90263_ca_object_representations_media_182_original.jpg HTTP/1.1" 200 3037746 "-" "undici"
149.19.169.148 - administrator [17/Sep/2023:13:52:09 -0400] "POST /providence/service.php/browse/ca_collections?limit=5 HTTP/1.1" 200 393 "-" "undici"
149.19.169.148 - administrator [17/Sep/2023:13:52:09 -0400] "POST /providence/service.php/browse/ca_collections?limit=5 HTTP/1.1" 200 365 "-" "undici"
149.19.169.148 - - [17/Sep/2023:13:52:09 -0400] "GET /providence/media/collectiveaccess/images/0/43478_ca_object_representations_media_67_preview170.jpg HTTP/1.1" 200 1666 "-" "undici"
149.19.169.148 - - [17/Sep/2023:13:52:09 -0400] "GET /providence/media/collectiveaccess/images/0/55212_ca_object_representations_media_66_preview170.jpg HTTP/1.1" 200 4210 "-" "undici"
149.19.169.148 - - [17/Sep/2023:13:52:09 -0400] "GET /providence/media/collectiveaccess/images/0/90848_ca_object_representations_media_69_preview170.jpg HTTP/1.1" 200 4245 "-" "undici"
149.19.169.148 - - [17/Sep/2023:13:52:09 -0400] "GET /providence/media/collectiveaccess/images/0/80091_ca_object_representations_media_70_preview170.jpg HTTP/1.1" 200 1760 "-" "undici"
149.19.169.148 - - [17/Sep/2023:13:52:11 -0400] "GET /providence/media/collectiveaccess/images/5/68044_ca_object_representations_media_532_preview170.jpg HTTP/1.1" 200 2587 "-" "undici"
149.19.169.148 - - [17/Sep/2023:13:52:11 -0400] "GET /providence/media/collectiveaccess/images/5/81075_ca_object_representations_media_533_preview170.jpg HTTP/1.1" 200 4061 "-" "undici"
149.19.169.148 - - [17/Sep/2023:13:52:11 -0400] "GET /providence/media/collectiveaccess/images/5/85864_ca_object_representations_media_534_preview170.jpg HTTP/1.1" 200 4620 "-" "undici"
149.19.169.148 - - [17/Sep/2023:13:52:11 -0400] "GET /providence/media/collectiveaccess/images/5/19628_ca_object_representations_media_535_preview170.jpg HTTP/1.1" 200 5073 "-" "undici"
149.19.169.148 - - [17/Sep/2023:13:52:12 -0400] "GET /providence/media/collectiveaccess/images/1/7/67407_ca_object_representations_media_1766_original.jpg HTTP/1.1" 200 2014138 "-" "undici"
149.19.169.148 - - [17/Sep/2023:13:52:36 -0400] "GET /providence/media/collectiveaccess/images/2/74474_ca_object_representations_media_260_original.tiff HTTP/1.1" 200 77004145 "-" "undici"
35.235.65.0 - - [17/Sep/2023:13:57:26 -0400] "OPTIONS / HTTP/1.0" 200 16849 "-" "-"
51.79.29.48 - - [17/Sep/2023:14:00:50 -0400] "GET /.env HTTP/1.1" 301 162 "-" "Mozilla/5.0 (X11; Linux x86_64) AppleWebKit/537.36 (KHTML, like Gecko) Chrome/81.0.4044.129 Safari/537.36"
51.79.29.48 - - [17/Sep/2023:14:00:50 -0400] "POST / HTTP/1.1" 301 162 "-" "Mozilla/5.0 (X11; Linux x86_64) AppleWebKit/537.36 (KHTML, like Gecko) Chrome/81.0.4044.129 Safari/537.36"
149.19.169.148 - - [17/Sep/2023:14:00:55 -0400] "GET / HTTP/2.0" 200 4103 "-" "Mozilla/5.0 (Macintosh; Intel Mac OS X 10_15_7) AppleWebKit/537.36 (KHTML, like Gecko) Chrome/116.0.0.0 Safari/537.36"
149.19.169.148 - - [17/Sep/2023:14:00:55 -0400] "GET /media/collectiveaccess/images/2/1/91040_ca_object_representations_media_2164_large.jpg HTTP/2.0" 200 13946 "https://archive.meredithmonk.org/" "Mozilla/5.0 (Macintosh; Intel Mac OS X 10_15_7) AppleWebKit/537.36 (KHTML, like Gecko) Chrome/116.0.0.0 Safari/537.36"
149.19.169.148 - - [17/Sep/2023:14:00:55 -0400] "GET /assets/jquery/jquery-ui/jquery-ui.min.js HTTP/2.0" 200 68029 "https://archive.meredithmonk.org/" "Mozilla/5.0 (Macintosh; Intel Mac OS X 10_15_7) AppleWebKit/537.36 (KHTML, like Gecko) Chrome/116.0.0.0 Safari/537.36"
149.19.169.148 - - [17/Sep/2023:14:00:55 -0400] "GET /media/collectiveaccess/images/2/1/79773_ca_object_representations_media_2198_large.jpg HTTP/2.0" 200 98997 "https://archive.meredithmonk.org/" "Mozilla/5.0 (Macintosh; Intel Mac OS X 10_15_7) AppleWebKit/537.36 (KHTML, like Gecko) Chrome/116.0.0.0 Safari/537.36"
149.19.169.148 - - [17/Sep/2023:14:00:55 -0400] "GET /media/collectiveaccess/images/2/1/84097_ca_object_representations_media_2157_large.jpg HTTP/2.0" 200 34917 "https://archive.meredithmonk.org/" "Mozilla/5.0 (Macintosh; Intel Mac OS X 10_15_7) AppleWebKit/537.36 (KHTML, like Gecko) Chrome/116.0.0.0 Safari/537.36"
149.19.169.148 - - [17/Sep/2023:14:00:55 -0400] "GET /themes/default/assets/pawtucket/css/Lato/Lato-Light.woff2 HTTP/2.0" 200 181500 "https://archive.meredithmonk.org/themes/default/assets/pawtucket/css/fonts.css" "Mozilla/5.0 (Macintosh; Intel Mac OS X 10_15_7) AppleWebKit/537.36 (KHTML, like Gecko) Chrome/116.0.0.0 Safari/537.36"
149.19.169.148 - - [17/Sep/2023:14:00:55 -0400] "GET /assets/fontawesome/fonts/fontawesome-webfont.woff2?v=4.7.0 HTTP/2.0" 200 77160 "https://archive.meredithmonk.org/assets/fontawesome/css/font-awesome.min.css" "Mozilla/5.0 (Macintosh; Intel Mac OS X 10_15_7) AppleWebKit/537.36 (KHTML, like Gecko) Chrome/116.0.0.0 Safari/537.36"
149.19.169.148 - - [17/Sep/2023:14:00:55 -0400] "GET /media/collectiveaccess/images/2/0/84842_ca_object_representations_media_2098_large.jpg HTTP/2.0" 200 24661 "https://archive.meredithmonk.org/" "Mozilla/5.0 (Macintosh; Intel Mac OS X 10_15_7) AppleWebKit/537.36 (KHTML, like Gecko) Chrome/116.0.0.0 Safari/537.36"
149.19.169.148 - - [17/Sep/2023:14:00:55 -0400] "GET /themes/default/assets/pawtucket/css/Lato/Lato-Regular.woff2 HTTP/2.0" 200 182708 "https://archive.meredithmonk.org/themes/default/assets/pawtucket/css/fonts.css" "Mozilla/5.0 (Macintosh; Intel Mac OS X 10_15_7) AppleWebKit/537.36 (KHTML, like Gecko) Chrome/116.0.0.0 Safari/537.36"
149.19.169.148 - - [17/Sep/2023:14:00:56 -0400] "GET /favicon.ico HTTP/2.0" 404 286 "https://archive.meredithmonk.org/" "Mozilla/5.0 (Macintosh; Intel Mac OS X 10_15_7) AppleWebKit/537.36 (KHTML, like Gecko) Chrome/116.0.0.0 Safari/537.36"
149.19.169.148 - - [17/Sep/2023:14:00:56 -0400] "GET /index.php/Browse/getBrowseNavBarByTarget/target/objects HTTP/2.0" 200 777 "https://archive.meredithmonk.org/" "Mozilla/5.0 (Macintosh; Intel Mac OS X 10_15_7) AppleWebKit/537.36 (KHTML, like Gecko) Chrome/116.0.0.0 Safari/537.36"
149.19.169.148 - - [17/Sep/2023:14:00:56 -0400] "GET /index.php/Browse/objects/facet/entity_facet/getFacet/1/key//isNav/1 HTTP/2.0" 200 398 "https://archive.meredithmonk.org/" "Mozilla/5.0 (Macintosh; Intel Mac OS X 10_15_7) AppleWebKit/537.36 (KHTML, like Gecko) Chrome/116.0.0.0 Safari/537.36"
35.239.124.218 - - [17/Sep/2023:14:00:59 -0400] "GET /providence/index.php?processIndexingQueue=1 HTTP/1.1" 499 0 "-" "-"
149.19.169.148 - - [17/Sep/2023:14:00:59 -0400] "GET /providence/ HTTP/2.0" 200 17049 "-" "Mozilla/5.0 (Macintosh; Intel Mac OS X 10_15_7) AppleWebKit/537.36 (KHTML, like Gecko) Chrome/116.0.0.0 Safari/537.36"
149.19.169.148 - - [17/Sep/2023:14:00:59 -0400] "GET /providence/assets/jquery/jquery-ui/jquery-ui-1.9.2.custom.min.js HTTP/2.0" 200 63056 "https://archive.meredithmonk.org/providence/" "Mozilla/5.0 (Macintosh; Intel Mac OS X 10_15_7) AppleWebKit/537.36 (KHTML, like Gecko) Chrome/116.0.0.0 Safari/537.36"
149.19.169.148 - - [17/Sep/2023:14:01:00 -0400] "GET /providence/assets/mrdoob/three.min.js HTTP/2.0" 200 100336 "https://archive.meredithmonk.org/providence/" "Mozilla/5.0 (Macintosh; Intel Mac OS X 10_15_7) AppleWebKit/537.36 (KHTML, like Gecko) Chrome/116.0.0.0 Safari/537.36"
149.19.169.148 - - [17/Sep/2023:14:01:00 -0400] "GET /providence/assets/leaflet/leaflet-src.js HTTP/2.0" 200 103697 "https://archive.meredithmonk.org/providence/" "Mozilla/5.0 (Macintosh; Intel Mac OS X 10_15_7) AppleWebKit/537.36 (KHTML, like Gecko) Chrome/116.0.0.0 Safari/537.36"
149.19.169.148 - - [17/Sep/2023:14:01:00 -0400] "GET /providence/assets/ck/ckeditor.js HTTP/2.0" 200 206707 "https://archive.meredithmonk.org/providence/" "Mozilla/5.0 (Macintosh; Intel Mac OS X 10_15_7) AppleWebKit/537.36 (KHTML, like Gecko) Chrome/116.0.0.0 Safari/537.36"
149.19.169.148 - - [17/Sep/2023:14:01:00 -0400] "GET /providence/assets/handsontable/dist/handsontable.full.js HTTP/2.0" 200 183835 "https://archive.meredithmonk.org/providence/" "Mozilla/5.0 (Macintosh; Intel Mac OS X 10_15_7) AppleWebKit/537.36 (KHTML, like Gecko) Chrome/116.0.0.0 Safari/537.36"
149.19.169.148 - - [17/Sep/2023:14:01:00 -0400] "GET /providence/themes/default/graphics/arrows/arrowList.gif HTTP/2.0" 404 286 "https://archive.meredithmonk.org/providence/themes/default/css/base.css" "Mozilla/5.0 (Macintosh; Intel Mac OS X 10_15_7) AppleWebKit/537.36 (KHTML, like Gecko) Chrome/116.0.0.0 Safari/537.36"
149.19.169.148 - - [17/Sep/2023:14:01:00 -0400] "GET /providence/assets/mirador/fonts/fontawesome-webfont.woff?v=4.1.0 HTTP/2.0" 200 83760 "https://archive.meredithmonk.org/providence/assets/mirador/css/mirador-combined.css" "Mozilla/5.0 (Macintosh; Intel Mac OS X 10_15_7) AppleWebKit/537.36 (KHTML, like Gecko) Chrome/116.0.0.0 Safari/537.36"
35.239.124.218 - - [17/Sep/2023:14:01:22 -0400] "GET /providence/index.php?processIndexingQueue=1 HTTP/1.1" 499 0 "-" "-"
149.19.169.148 - - [17/Sep/2023:14:01:22 -0400] "GET /providence/index.php/find/SearchCollections/Index/reset/save HTTP/2.0" 200 10043 "https://archive.meredithmonk.org/providence/" "Mozilla/5.0 (Macintosh; Intel Mac OS X 10_15_7) AppleWebKit/537.36 (KHTML, like Gecko) Chrome/116.0.0.0 Safari/537.36"
149.19.169.148 - - [17/Sep/2023:14:01:22 -0400] "GET /providence/assets/fontawesome/fonts/fontawesome-webfont.woff2?v=4.6.1 HTTP/2.0" 200 70728 "https://archive.meredithmonk.org/providence/assets/fontawesome/css/font-awesome.min.css" "Mozilla/5.0 (Macintosh; Intel Mac OS X 10_15_7) AppleWebKit/537.36 (KHTML, like Gecko) Chrome/116.0.0.0 Safari/537.36"
35.239.124.218 - - [17/Sep/2023:14:01:22 -0400] "GET /providence/index.php?processIndexingQueue=1 HTTP/1.1" 499 0 "-" "-"
149.19.169.148 - - [17/Sep/2023:14:01:23 -0400] "GET /providence/index.php/find/SearchCollections/Facets HTTP/2.0" 200 229 "https://archive.meredithmonk.org/providence/index.php/find/SearchCollections/Index/reset/save" "Mozilla/5.0 (Macintosh; Intel Mac OS X 10_15_7) AppleWebKit/537.36 (KHTML, like Gecko) Chrome/116.0.0.0 Safari/537.36"
35.239.124.218 - - [17/Sep/2023:14:01:32 -0400] "GET /providence/index.php?processIndexingQueue=1 HTTP/1.1" 499 0 "-" "-"
149.19.169.148 - - [17/Sep/2023:14:01:32 -0400] "GET /providence/index.php/editor/collections/CollectionEditor/Edit/collection_id/12 HTTP/2.0" 200 24940 "https://archive.meredithmonk.org/providence/index.php/find/SearchCollections/Index/reset/save" "Mozilla/5.0 (Macintosh; Intel Mac OS X 10_15_7) AppleWebKit/537.36 (KHTML, like Gecko) Chrome/116.0.0.0 Safari/537.36"
149.19.169.148 - - [17/Sep/2023:14:01:32 -0400] "GET /providence/media/collectiveaccess/images/3/9/1/55440_ca_attribute_values_value_blob_39160_thumbnail.jpg HTTP/2.0" 304 0 "https://archive.meredithmonk.org/providence/index.php/editor/collections/CollectionEditor/Edit/collection_id/12" "Mozilla/5.0 (Macintosh; Intel Mac OS X 10_15_7) AppleWebKit/537.36 (KHTML, like Gecko) Chrome/116.0.0.0 Safari/537.36"
35.239.124.218 - - [17/Sep/2023:14:01:33 -0400] "GET /providence/index.php?processIndexingQueue=1 HTTP/1.1" 499 0 "-" "-"
149.19.169.148 - - [17/Sep/2023:14:01:33 -0400] "GET /providence/index.php/lookup/Collection/IDNo?n=2018_CellularSongs&id=12&_context_id=0 HTTP/2.0" 200 6 "https://archive.meredithmonk.org/providence/index.php/editor/collections/CollectionEditor/Edit/collection_id/12" "Mozilla/5.0 (Macintosh; Intel Mac OS X 10_15_7) AppleWebKit/537.36 (KHTML, like Gecko) Chrome/116.0.0.0 Safari/537.36"
35.239.124.218 - - [17/Sep/2023:14:01:33 -0400] "GET /providence/index.php?processIndexingQueue=1 HTTP/1.1" 499 0 "-" "-"
149.19.169.148 - - [17/Sep/2023:14:01:33 -0400] "GET /providence/index.php/find/RelatedList/Index/ids/%7B%2224%22%3A%2266%22%2C%2225%22%3A%2247%22%7D/interstitialPrefix/P500CollectionEditorFormItem_/relatedRelTable/ca_collections_x_collections/primaryTable/ca_collections/primaryID/12/relatedTable/ca_collections HTTP/2.0" 200 2393 "https://archive.meredithmonk.org/providence/index.php/editor/collections/CollectionEditor/Edit/collection_id/12" "Mozilla/5.0 (Macintosh; Intel Mac OS X 10_15_7) AppleWebKit/537.36 (KHTML, like Gecko) Chrome/116.0.0.0 Safari/537.36"
35.239.124.218 - - [17/Sep/2023:14:01:33 -0400] "GET /providence/index.php?processIndexingQueue=1 HTTP/1.1" 499 0 "-" "-"
149.19.169.148 - - [17/Sep/2023:14:01:33 -0400] "GET /providence/index.php/find/RelatedList/Index/ids/%7B%2292%22%3A%225%22%2C%2293%22%3A%225%22%2C%2297%22%3A%2211%22%2C%2298%22%3A%2212%22%2C%2299%22%3A%225%22%2C%22100%22%3A%225%22%2C%22101%22%3A%229%22%2C%22102%22%3A%2210%22%2C%22562%22%3A%2213%22%2C%22828%22%3A%22258%22%2C%22829%22%3A%22257%22%2C%22830%22%3A%22256%22%2C%22831%22%3A%22255%22%2C%22832%22%3A%22156%22%2C%22833%22%3A%22254%22%2C%22834%22%3A%22253%22%2C%22835%22%3A%22151%22%2C%22836%22%3A%22252%22%2C%22837%22%3A%2290%22%2C%22838%22%3A%22251%22%2C%22839%22%3A%2285%22%2C%22840%22%3A%22154%22%7D/interstitialPrefix/P499CollectionEditorFormItem_/relatedRelTable/ca_entities_x_collections/primaryTable/ca_collections/primaryID/12/relatedTable/ca_entities HTTP/2.0" 200 3020 "https://archive.meredithmonk.org/providence/index.php/editor/collections/CollectionEditor/Edit/collection_id/12" "Mozilla/5.0 (Macintosh; Intel Mac OS X 10_15_7) AppleWebKit/537.36 (KHTML, like Gecko) Chrome/116.0.0.0 Safari/537.36"
35.239.124.218 - - [17/Sep/2023:14:02:03 -0400] "GET /providence/index.php?processIndexingQueue=1 HTTP/1.1" 499 0 "-" "-"
149.19.169.148 - - [17/Sep/2023:14:02:03 -0400] "GET /providence/index.php/find/SearchCollections/Index/reset/save HTTP/2.0" 200 10076 "https://archive.meredithmonk.org/providence/index.php/editor/collections/CollectionEditor/Edit/collection_id/12" "Mozilla/5.0 (Macintosh; Intel Mac OS X 10_15_7) AppleWebKit/537.36 (KHTML, like Gecko) Chrome/116.0.0.0 Safari/537.36"
35.239.124.218 - - [17/Sep/2023:14:02:03 -0400] "GET /providence/index.php?processIndexingQueue=1 HTTP/1.1" 499 0 "-" "-"
149.19.169.148 - - [17/Sep/2023:14:02:03 -0400] "GET /providence/index.php/find/SearchCollections/Facets HTTP/2.0" 200 229 "https://archive.meredithmonk.org/providence/index.php/find/SearchCollections/Index/reset/save" "Mozilla/5.0 (Macintosh; Intel Mac OS X 10_15_7) AppleWebKit/537.36 (KHTML, like Gecko) Chrome/116.0.0.0 Safari/537.36"
35.239.124.218 - - [17/Sep/2023:14:02:09 -0400] "GET /providence/index.php?processIndexingQueue=1 HTTP/1.1" 499 0 "-" "-"
149.19.169.148 - - [17/Sep/2023:14:02:09 -0400] "GET /providence/index.php/find/SearchCollectionsAdvanced/Index/reset/save HTTP/2.0" 200 10629 "https://archive.meredithmonk.org/providence/index.php/find/SearchCollections/Index/reset/save" "Mozilla/5.0 (Macintosh; Intel Mac OS X 10_15_7) AppleWebKit/537.36 (KHTML, like Gecko) Chrome/116.0.0.0 Safari/537.36"
35.239.124.218 - - [17/Sep/2023:14:02:14 -0400] "GET /providence/index.php?processIndexingQueue=1 HTTP/1.1" 499 0 "-" "-"
149.19.169.148 - - [17/Sep/2023:14:02:14 -0400] "POST /providence/index.php/find/SearchCollectionsAdvanced/Index HTTP/2.0" 200 12865 "https://archive.meredithmonk.org/providence/index.php/find/SearchCollectionsAdvanced/Index/reset/save" "Mozilla/5.0 (Macintosh; Intel Mac OS X 10_15_7) AppleWebKit/537.36 (KHTML, like Gecko) Chrome/116.0.0.0 Safari/537.36"
35.239.124.218 - - [17/Sep/2023:14:02:14 -0400] "GET /providence/index.php?processIndexingQueue=1 HTTP/1.1" 499 0 "-" "-"
149.19.169.148 - - [17/Sep/2023:14:02:14 -0400] "GET /providence/index.php/find/SearchCollectionsAdvanced/Facets HTTP/2.0" 200 203 "https://archive.meredithmonk.org/providence/index.php/find/SearchCollectionsAdvanced/Index" "Mozilla/5.0 (Macintosh; Intel Mac OS X 10_15_7) AppleWebKit/537.36 (KHTML, like Gecko) Chrome/116.0.0.0 Safari/537.36"
35.239.124.218 - - [17/Sep/2023:14:02:17 -0400] "GET /providence/index.php?processIndexingQueue=1 HTTP/1.1" 499 0 "-" "-"
149.19.169.148 - - [17/Sep/2023:14:02:17 -0400] "GET /providence/index.php/editor/collections/CollectionEditor/Edit/collection_id/79 HTTP/2.0" 200 19661 "https://archive.meredithmonk.org/providence/index.php/find/SearchCollectionsAdvanced/Index" "Mozilla/5.0 (Macintosh; Intel Mac OS X 10_15_7) AppleWebKit/537.36 (KHTML, like Gecko) Chrome/116.0.0.0 Safari/537.36"
35.239.124.218 - - [17/Sep/2023:14:02:18 -0400] "GET /providence/index.php?processIndexingQueue=1 HTTP/1.1" 499 0 "-" "-"
149.19.169.148 - - [17/Sep/2023:14:02:18 -0400] "GET /providence/index.php/lookup/Collection/IDNo?n=Press&id=79&_context_id=0 HTTP/2.0" 200 6 "https://archive.meredithmonk.org/providence/index.php/editor/collections/CollectionEditor/Edit/collection_id/79" "Mozilla/5.0 (Macintosh; Intel Mac OS X 10_15_7) AppleWebKit/537.36 (KHTML, like Gecko) Chrome/116.0.0.0 Safari/537.36"
35.239.124.218 - - [17/Sep/2023:14:02:23 -0400] "GET /providence/index.php?processIndexingQueue=1 HTTP/1.1" 499 0 "-" "-"
149.19.169.148 - - [17/Sep/2023:14:02:23 -0400] "GET /providence/index.php/editor/collections/CollectionEditor/Edit/Screen62/collection_id/79 HTTP/2.0" 200 16868 "https://archive.meredithmonk.org/providence/index.php/editor/collections/CollectionEditor/Edit/collection_id/79" "Mozilla/5.0 (Macintosh; Intel Mac OS X 10_15_7) AppleWebKit/537.36 (KHTML, like Gecko) Chrome/116.0.0.0 Safari/537.36"
35.239.124.218 - - [17/Sep/2023:14:02:24 -0400] "GET /providence/index.php?processIndexingQueue=1 HTTP/1.1" 499 0 "-" "-"
149.19.169.148 - - [17/Sep/2023:14:02:24 -0400] "GET /providence/index.php/lookup/Place/GetHierarchyLevel?id=0%3A0&bundle=&init=1&root_item_id=&start=0&max=500 HTTP/2.0" 200 697 "https://archive.meredithmonk.org/providence/index.php/editor/collections/CollectionEditor/Edit/Screen62/collection_id/79" "Mozilla/5.0 (Macintosh; Intel Mac OS X 10_15_7) AppleWebKit/537.36 (KHTML, like Gecko) Chrome/116.0.0.0 Safari/537.36"
